Archive member included to satisfy reference by file (symbol)

/home/soc/intelFPGA_lite/18.1/nios2eds/bin/gnu/H-x86_64-pc-linux-gnu/bin/../lib/gcc/nios2-elf/5.3.0/../../../../../H-x86_64-pc-linux-gnu/nios2-elf/lib/libc.a(lib_a-printf.o)
                              obj/default/hello_world.o (printf)
/home/soc/intelFPGA_lite/18.1/nios2eds/bin/gnu/H-x86_64-pc-linux-gnu/bin/../lib/gcc/nios2-elf/5.3.0/../../../../../H-x86_64-pc-linux-gnu/nios2-elf/lib/libc.a(lib_a-vfprintf.o)
                              /home/soc/intelFPGA_lite/18.1/nios2eds/bin/gnu/H-x86_64-pc-linux-gnu/bin/../lib/gcc/nios2-elf/5.3.0/../../../../../H-x86_64-pc-linux-gnu/nios2-elf/lib/libc.a(lib_a-printf.o) (___vfprintf_internal_r)
/home/soc/intelFPGA_lite/18.1/nios2eds/bin/gnu/H-x86_64-pc-linux-gnu/bin/../lib/gcc/nios2-elf/5.3.0/../../../../../H-x86_64-pc-linux-gnu/nios2-elf/lib/libc.a(lib_a-wsetup.o)
                              /home/soc/intelFPGA_lite/18.1/nios2eds/bin/gnu/H-x86_64-pc-linux-gnu/bin/../lib/gcc/nios2-elf/5.3.0/../../../../../H-x86_64-pc-linux-gnu/nios2-elf/lib/libc.a(lib_a-vfprintf.o) (__swsetup_r)
/home/soc/intelFPGA_lite/18.1/nios2eds/bin/gnu/H-x86_64-pc-linux-gnu/bin/../lib/gcc/nios2-elf/5.3.0/../../../../../H-x86_64-pc-linux-gnu/nios2-elf/lib/libc.a(lib_a-dtoa.o)
                              /home/soc/intelFPGA_lite/18.1/nios2eds/bin/gnu/H-x86_64-pc-linux-gnu/bin/../lib/gcc/nios2-elf/5.3.0/../../../../../H-x86_64-pc-linux-gnu/nios2-elf/lib/libc.a(lib_a-vfprintf.o) (_dtoa_r)
/home/soc/intelFPGA_lite/18.1/nios2eds/bin/gnu/H-x86_64-pc-linux-gnu/bin/../lib/gcc/nios2-elf/5.3.0/../../../../../H-x86_64-pc-linux-gnu/nios2-elf/lib/libc.a(lib_a-fflush.o)
                              /home/soc/intelFPGA_lite/18.1/nios2eds/bin/gnu/H-x86_64-pc-linux-gnu/bin/../lib/gcc/nios2-elf/5.3.0/../../../../../H-x86_64-pc-linux-gnu/nios2-elf/lib/libc.a(lib_a-vfprintf.o) (_fflush_r)
/home/soc/intelFPGA_lite/18.1/nios2eds/bin/gnu/H-x86_64-pc-linux-gnu/bin/../lib/gcc/nios2-elf/5.3.0/../../../../../H-x86_64-pc-linux-gnu/nios2-elf/lib/libc.a(lib_a-findfp.o)
                              /home/soc/intelFPGA_lite/18.1/nios2eds/bin/gnu/H-x86_64-pc-linux-gnu/bin/../lib/gcc/nios2-elf/5.3.0/../../../../../H-x86_64-pc-linux-gnu/nios2-elf/lib/libc.a(lib_a-vfprintf.o) (__sinit)
/home/soc/intelFPGA_lite/18.1/nios2eds/bin/gnu/H-x86_64-pc-linux-gnu/bin/../lib/gcc/nios2-elf/5.3.0/../../../../../H-x86_64-pc-linux-gnu/nios2-elf/lib/libc.a(lib_a-freer.o)
                              /home/soc/intelFPGA_lite/18.1/nios2eds/bin/gnu/H-x86_64-pc-linux-gnu/bin/../lib/gcc/nios2-elf/5.3.0/../../../../../H-x86_64-pc-linux-gnu/nios2-elf/lib/libc.a(lib_a-wsetup.o) (_free_r)
/home/soc/intelFPGA_lite/18.1/nios2eds/bin/gnu/H-x86_64-pc-linux-gnu/bin/../lib/gcc/nios2-elf/5.3.0/../../../../../H-x86_64-pc-linux-gnu/nios2-elf/lib/libc.a(lib_a-fwalk.o)
                              /home/soc/intelFPGA_lite/18.1/nios2eds/bin/gnu/H-x86_64-pc-linux-gnu/bin/../lib/gcc/nios2-elf/5.3.0/../../../../../H-x86_64-pc-linux-gnu/nios2-elf/lib/libc.a(lib_a-findfp.o) (_fwalk)
/home/soc/intelFPGA_lite/18.1/nios2eds/bin/gnu/H-x86_64-pc-linux-gnu/bin/../lib/gcc/nios2-elf/5.3.0/../../../../../H-x86_64-pc-linux-gnu/nios2-elf/lib/libc.a(lib_a-impure.o)
                              /home/soc/intelFPGA_lite/18.1/nios2eds/bin/gnu/H-x86_64-pc-linux-gnu/bin/../lib/gcc/nios2-elf/5.3.0/../../../../../H-x86_64-pc-linux-gnu/nios2-elf/lib/libc.a(lib_a-fflush.o) (_global_impure_ptr)
/home/soc/intelFPGA_lite/18.1/nios2eds/bin/gnu/H-x86_64-pc-linux-gnu/bin/../lib/gcc/nios2-elf/5.3.0/../../../../../H-x86_64-pc-linux-gnu/nios2-elf/lib/libc.a(lib_a-locale.o)
                              /home/soc/intelFPGA_lite/18.1/nios2eds/bin/gnu/H-x86_64-pc-linux-gnu/bin/../lib/gcc/nios2-elf/5.3.0/../../../../../H-x86_64-pc-linux-gnu/nios2-elf/lib/libc.a(lib_a-vfprintf.o) (_localeconv_r)
/home/soc/intelFPGA_lite/18.1/nios2eds/bin/gnu/H-x86_64-pc-linux-gnu/bin/../lib/gcc/nios2-elf/5.3.0/../../../../../H-x86_64-pc-linux-gnu/nios2-elf/lib/libc.a(lib_a-makebuf.o)
                              /home/soc/intelFPGA_lite/18.1/nios2eds/bin/gnu/H-x86_64-pc-linux-gnu/bin/../lib/gcc/nios2-elf/5.3.0/../../../../../H-x86_64-pc-linux-gnu/nios2-elf/lib/libc.a(lib_a-wsetup.o) (__smakebuf_r)
/home/soc/intelFPGA_lite/18.1/nios2eds/bin/gnu/H-x86_64-pc-linux-gnu/bin/../lib/gcc/nios2-elf/5.3.0/../../../../../H-x86_64-pc-linux-gnu/nios2-elf/lib/libc.a(lib_a-mallocr.o)
                              /home/soc/intelFPGA_lite/18.1/nios2eds/bin/gnu/H-x86_64-pc-linux-gnu/bin/../lib/gcc/nios2-elf/5.3.0/../../../../../H-x86_64-pc-linux-gnu/nios2-elf/lib/libc.a(lib_a-findfp.o) (_malloc_r)
/home/soc/intelFPGA_lite/18.1/nios2eds/bin/gnu/H-x86_64-pc-linux-gnu/bin/../lib/gcc/nios2-elf/5.3.0/../../../../../H-x86_64-pc-linux-gnu/nios2-elf/lib/libc.a(lib_a-memchr.o)
[...]
Memory Configuration

Name             Origin             Length             Attributes
onchip_memory_0  0x0000000000080000 0x00000000000249f0
dados            0x00000000000a49f0 0x0000000000002710
reset            0x00000000000c0000 0x0000000000000020
onchip_memory2   0x00000000000c0020 0x00000000000249d0
dados2           0x00000000000e49f0 0x0000000000002710
*default*        0x0000000000000000 0xffffffffffffffff

Linker script and memory map

LOAD ../Parte2_bsp//obj/HAL/src/crt0.o
LOAD obj/default/hello_world.o
LOAD /home/soc/intelFPGA_lite/18.1/nios2eds/bin/gnu/H-x86_64-pc-linux-gnu/bin/../lib/gcc/nios2-elf/5.3.0/../../../../../H-x86_64-pc-linux-gnu/nios2-elf/lib/libstdc++.a
LOAD /home/soc/intelFPGA_lite/18.1/nios2eds/bin/gnu/H-x86_64-pc-linux-gnu/bin/../lib/gcc/nios2-elf/5.3.0/../../../../../H-x86_64-pc-linux-gnu/nios2-elf/lib/libm.a
LOAD /home/soc/intelFPGA_lite/18.1/nios2eds/bin/gnu/H-x86_64-pc-linux-gnu/bin/../lib/gcc/nios2-elf/5.3.0/libgcc.a
START GROUP
LOAD /home/soc/intelFPGA_lite/18.1/nios2eds/bin/gnu/H-x86_64-pc-linux-gnu/bin/../lib/gcc/nios2-elf/5.3.0/../../../../../H-x86_64-pc-linux-gnu/nios2-elf/lib/libc.a
LOAD /home/soc/intelFPGA_lite/18.1/nios2eds/bin/gnu/H-x86_64-pc-linux-gnu/bin/../lib/gcc/nios2-elf/5.3.0/libgcc.a
LOAD ../Parte2_bsp//libhal_bsp.a
LOAD /home/soc/intelFPGA_lite/18.1/nios2eds/bin/gnu/H-x86_64-pc-linux-gnu/bin/../lib/gcc/nios2-elf/5.3.0/../../../../../H-x86_64-pc-linux-gnu/nios2-elf/lib/libm.a
END GROUP
LOAD /home/soc/intelFPGA_lite/18.1/nios2eds/bin/gnu/H-x86_64-pc-linux-gnu/bin/../lib/gcc/nios2-elf/5.3.0/libgcc.a
                0x0000000000080000                __alt_mem_onchip_memory_0 = 0x80000
                0x00000000000c0000                __alt_mem_onchip_memory2 = 0xc0000

.entry          0x00000000000c0000       0x20
 *(.entry)
 .entry         0x00000000000c0000       0x20 ../Parte2_bsp//obj/HAL/src/crt0.o
                0x00000000000c0000                __reset

.exceptions     0x00000000000c0020        0x0 load address 0x0000000000080000
                0x00000000000c0020                PROVIDE (__ram_exceptions_start, ABSOLUTE (.))
                0x00000000000c0020                . = ALIGN (0x20)
 *(.irq)
 *(.exceptions.entry.label)
 *(.exceptions.entry.user)
 *(.exceptions.entry.ecc_fatal)
 *(.exceptions.entry)
 *(.exceptions.irqtest.user)
 *(.exceptions.irqtest)
 *(.exceptions.irqhandler.user)
 *(.exceptions.irqhandler)
 *(.exceptions.irqreturn.user)
 *(.exceptions.irqreturn)
 *(.exceptions.notirq.label)
 *(.exceptions.notirq.user)
 *(.exceptions.notirq)
 *(.exceptions.soft.user)
 *(.exceptions.soft)
 *(.exceptions.unknown.user)
 *(.exceptions.unknown)
 *(.exceptions.exit.label)
 *(.exceptions.exit.user)
 *(.exceptions.exit)
 *(.exceptions)
                0x00000000000c0020                PROVIDE (__ram_exceptions_end, ABSOLUTE (.))
                0x0000000000080000                PROVIDE (__flash_exceptions_start, LOADADDR (.exceptions))

.text           0x0000000000080000     0xe278
                [!provide]                        PROVIDE (stext, ABSOLUTE (.))
 *(.interp)
 *(.hash)
 *(.dynsym)
 *(.dynstr)
 *(.gnu.version)
 *(.gnu.version_d)
 *(.gnu.version_r)
 *(.rel.init)
 *(.rela.init)
 *(.rel.text .rel.text.* .rel.gnu.linkonce.t.*)
 *(.rela.text .rela.text.* .rela.gnu.linkonce.t.*)
 *(.rel.fini)
 *(.rela.fini)
 *(.rel.rodata .rel.rodata.* .rel.gnu.linkonce.r.*)
 *(.rela.rodata .rela.rodata.* .rela.gnu.linkonce.r.*)
 *(.rel.data .rel.data.* .rel.gnu.linkonce.d.*)
 *(.rela.data .rela.data.* .rela.gnu.linkonce.d.*)
 *(.rel.tdata .rel.tdata.* .rel.gnu.linkonce.td.*)
 *(.rela.tdata .rela.tdata.* .rela.gnu.linkonce.td.*)
 *(.rel.tbss .rel.tbss.* .rel.gnu.linkonce.tb.*)
 *(.rela.tbss .rela.tbss.* .rela.gnu.linkonce.tb.*)
 *(.rel.ctors)
 *(.rela.ctors)
 *(.rel.dtors)
 *(.rela.dtors)
 *(.rel.got)
 *(.rela.got)
 *(.rel.sdata .rel.sdata.* .rel.gnu.linkonce.s.*)
 *(.rela.sdata .rela.sdata.* .rela.gnu.linkonce.s.*)
 *(.rel.sbss .rel.sbss.* .rel.gnu.linkonce.sb.*)
 *(.rela.sbss .rela.sbss.* .rela.gnu.linkonce.sb.*)
 *(.rel.sdata2 .rel.sdata2.* .rel.gnu.linkonce.s2.*)
 *(.rela.sdata2 .rela.sdata2.* .rela.gnu.linkonce.s2.*)
 *(.rel.sbss2 .rel.sbss2.* .rel.gnu.linkonce.sb2.*)
 *(.rela.sbss2 .rela.sbss2.* .rela.gnu.linkonce.sb2.*)
 *(.rel.bss .rel.bss.* .rel.gnu.linkonce.b.*)
 *(.rela.bss .rela.bss.* .rela.gnu.linkonce.b.*)
 *(.rel.plt)
 *(.rela.plt)
 *(.rel.dyn)
 *(.init)
 *(.plt)
 *(.text .stub .text.* .gnu.linkonce.t.*)
 .text          0x0000000000080000       0x4c ../Parte2_bsp//obj/HAL/src/crt0.o
                0x0000000000080000                _start
 .text          0x000000000008004c      0x188 obj/default/hello_world.o
                0x000000000008004c                main
 .text          0x00000000000801d4        0x0 /home/soc/intelFPGA_lite/18.1/nios2eds/bin/gnu/H-x86_64-pc-linux-gnu/bin/../lib/gcc/nios2-elf/5.3.0/../../../../../H-x86_64-pc-linux-gnu/nios2-elf/lib/libc.a(lib_a-printf.o)
 .text._printf_r
                0x00000000000801d4       0x30 /home/soc/intelFPGA_lite/18.1/nios2eds/bin/gnu/H-x86_64-pc-linux-gnu/bin/../lib/gcc/nios2-elf/5.3.0/../../../../../H-x86_64-pc-linux-gnu/nios2-elf/lib/libc.a(lib_a-printf.o)
                0x00000000000801d4                _printf_r
 .text.printf   0x0000000000080204       0x3c /home/soc/intelFPGA_lite/18.1/nios2eds/bin/gnu/H-x86_64-pc-linux-gnu/bin/../lib/gcc/nios2-elf/5.3.0/../../../../../H-x86_64-pc-linux-gnu/nios2-elf/lib/libc.a(lib_a-printf.o)
                0x0000000000080204                printf
 .text          0x0000000000080240        0x0 /home/soc/intelFPGA_lite/18.1/nios2eds/bin/gnu/H-x86_64-pc-linux-gnu/bin/../lib/gcc/nios2-elf/5.3.0/../../../../../H-x86_64-pc-linux-gnu/nios2-elf/lib/libc.a(lib_a-vfprintf.o)
 .text.___vfprintf_internal_r
                0x0000000000080240     0x21f8 /home/soc/intelFPGA_lite/18.1/nios2eds/bin/gnu/H-x86_64-pc-linux-gnu/bin/../lib/gcc/nios2-elf/5.3.0/../../../../../H-x86_64-pc-linux-gnu/nios2-elf/lib/libc.a(lib_a-vfprintf.o)
                0x0000000000080240                ___vfprintf_internal_r
 .text.__vfprintf_internal
                0x0000000000082438       0x1c /home/soc/intelFPGA_lite/18.1/nios2eds/bin/gnu/H-x86_64-pc-linux-gnu/bin/../lib/gcc/nios2-elf/5.3.0/../../../../../H-x86_64-pc-linux-gnu/nios2-elf/lib/libc.a(lib_a-vfprintf.o)
                0x0000000000082438                __vfprintf_internal
 .text.__sbprintf
                0x0000000000082454       0xbc /home/soc/intelFPGA_lite/18.1/nios2eds/bin/gnu/H-x86_64-pc-linux-gnu/bin/../lib/gcc/nios2-elf/5.3.0/../../../../../H-x86_64-pc-linux-gnu/nios2-elf/lib/libc.a(lib_a-vfprintf.o)
 .text          0x0000000000082510        0x0 /home/soc/intelFPGA_lite/18.1/nios2eds/bin/gnu/H-x86_64-pc-linux-gnu/bin/../lib/gcc/nios2-elf/5.3.0/../../../../../H-x86_64-pc-linux-gnu/nios2-elf/lib/libc.a(lib_a-wsetup.o)
 .text.__swsetup_r
                0x0000000000082510      0x154 /home/soc/intelFPGA_lite/18.1/nios2eds/bin/gnu/H-x86_64-pc-linux-gnu/bin/../lib/gcc/nios2-elf/5.3.0/../../../../../H-x86_64-pc-linux-gnu/nios2-elf/lib/libc.a(lib_a-wsetup.o)
                0x0000000000082510                __swsetup_r
 .text          0x0000000000082664        0x0 /home/soc/intelFPGA_lite/18.1/nios2eds/bin/gnu/H-x86_64-pc-linux-gnu/bin/../lib/gcc/nios2-elf/5.3.0/../../../../../H-x86_64-pc-linux-gnu/nios2-elf/lib/libc.a(lib_a-dtoa.o)
 .text.quorem   0x0000000000082664      0x200 /home/soc/intelFPGA_lite/18.1/nios2eds/bin/gnu/H-x86_64-pc-linux-gnu/bin/../lib/gcc/nios2-elf/5.3.0/../../../../../H-x86_64-pc-linux-gnu/nios2-elf/lib/libc.a(lib_a-dtoa.o)
 .text._dtoa_r  0x0000000000082864     0x1688 /home/soc/intelFPGA_lite/18.1/nios2eds/bin/gnu/H-x86_64-pc-linux-gnu/bin/../lib/gcc/nios2-elf/5.3.0/../../../../../H-x86_64-pc-linux-gnu/nios2-elf/lib/libc.a(lib_a-dtoa.o)
                0x0000000000082864                _dtoa_r
 .text          0x0000000000083eec        0x0 /home/soc/intelFPGA_lite/18.1/nios2eds/bin/gnu/H-x86_64-pc-linux-gnu/bin/../lib/gcc/nios2-elf/5.3.0/../../../../../H-x86_64-pc-linux-gnu/nios2-elf/lib/libc.a(lib_a-fflush.o)
 .text.__sflush_r
                0x0000000000083eec      0x21c /home/soc/intelFPGA_lite/18.1/nios2eds/bin/gnu/H-x86_64-pc-linux-gnu/bin/../lib/gcc/nios2-elf/5.3.0/../../../../../H-x86_64-pc-linux-gnu/nios2-elf/lib/libc.a(lib_a-fflush.o)
                0x0000000000083eec                __sflush_r
 .text._fflush_r
                0x0000000000084108       0x5c /home/soc/intelFPGA_lite/18.1/nios2eds/bin/gnu/H-x86_64-pc-linux-gnu/bin/../lib/gcc/nios2-elf/5.3.0/../../../../../H-x86_64-pc-linux-gnu/nios2-elf/lib/libc.a(lib_a-fflush.o)
                0x0000000000084108                _fflush_r
 .text.fflush   0x0000000000084164       0x30 /home/soc/intelFPGA_lite/18.1/nios2eds/bin/gnu/H-x86_64-pc-linux-gnu/bin/../lib/gcc/nios2-elf/5.3.0/../../../../../H-x86_64-pc-linux-gnu/nios2-elf/lib/libc.a(lib_a-fflush.o)
                0x0000000000084164                fflush
 .text          0x0000000000084194        0x0 /home/soc/intelFPGA_lite/18.1/nios2eds/bin/gnu/H-x86_64-pc-linux-gnu/bin/../lib/gcc/nios2-elf/5.3.0/../../../../../H-x86_64-pc-linux-gnu/nios2-elf/lib/libc.a(lib_a-findfp.o)
 .text.__fp_unlock
                0x0000000000084194        0x8 /home/soc/intelFPGA_lite/18.1/nios2eds/bin/gnu/H-x86_64-pc-linux-gnu/bin/../lib/gcc/nios2-elf/5.3.0/../../../../../H-x86_64-pc-linux-gnu/nios2-elf/lib/libc.a(lib_a-findfp.o)
 .text._cleanup_r
                0x000000000008419c        0xc /home/soc/intelFPGA_lite/18.1/nios2eds/bin/gnu/H-x86_64-pc-linux-gnu/bin/../lib/gcc/nios2-elf/5.3.0/../../../../../H-x86_64-pc-linux-gnu/nios2-elf/lib/libc.a(lib_a-findfp.o)
                0x000000000008419c                _cleanup_r
 .text.__sinit.part.1
                0x00000000000841a8      0x19c /home/soc/intelFPGA_lite/18.1/nios2eds/bin/gnu/H-x86_64-pc-linux-gnu/bin/../lib/gcc/nios2-elf/5.3.0/../../../../../H-x86_64-pc-linux-gnu/nios2-elf/lib/libc.a(lib_a-findfp.o)
 .text.__fp_lock
                0x0000000000084344        0x8 /home/soc/intelFPGA_lite/18.1/nios2eds/bin/gnu/H-x86_64-pc-linux-gnu/bin/../lib/gcc/nios2-elf/5.3.0/../../../../../H-x86_64-pc-linux-gnu/nios2-elf/lib/libc.a(lib_a-findfp.o)
 .text.__sfmoreglue
                0x000000000008434c       0x68 /home/soc/intelFPGA_lite/18.1/nios2eds/bin/gnu/H-x86_64-pc-linux-gnu/bin/../lib/gcc/nios2-elf/5.3.0/../../../../../H-x86_64-pc-linux-gnu/nios2-elf/lib/libc.a(lib_a-findfp.o)
                0x000000000008434c                __sfmoreglue
 .text.__sfp    0x00000000000843b4      0x118 /home/soc/intelFPGA_lite/18.1/nios2eds/bin/gnu/H-x86_64-pc-linux-gnu/bin/../lib/gcc/nios2-elf/5.3.0/../../../../../H-x86_64-pc-linux-gnu/nios2-elf/lib/libc.a(lib_a-findfp.o)
                0x00000000000843b4                __sfp
 .text._cleanup
                0x00000000000844cc       0x18 /home/soc/intelFPGA_lite/18.1/nios2eds/bin/gnu/H-x86_64-pc-linux-gnu/bin/../lib/gcc/nios2-elf/5.3.0/../../../../../H-x86_64-pc-linux-gnu/nios2-elf/lib/libc.a(lib_a-findfp.o)
                0x00000000000844cc                _cleanup
 .text.__sinit  0x00000000000844e4       0x10 /home/soc/intelFPGA_lite/18.1/nios2eds/bin/gnu/H-x86_64-pc-linux-gnu/bin/../lib/gcc/nios2-elf/5.3.0/../../../../../H-x86_64-pc-linux-gnu/nios2-elf/lib/libc.a(lib_a-findfp.o)
                0x00000000000844e4                __sinit
 .text.__sfp_lock_acquire
                0x00000000000844f4        0x4 /home/soc/intelFPGA_lite/18.1/nios2eds/bin/gnu/H-x86_64-pc-linux-gnu/bin/../lib/gcc/nios2-elf/5.3.0/../../../../../H-x86_64-pc-linux-gnu/nios2-elf/lib/libc.a(lib_a-findfp.o)
                0x00000000000844f4                __sfp_lock_acquire
 .text.__sfp_lock_release
                0x00000000000844f8        0x4 /home/soc/intelFPGA_lite/18.1/nios2eds/bin/gnu/H-x86_64-pc-linux-gnu/bin/../lib/gcc/nios2-elf/5.3.0/../../../../../H-x86_64-pc-linux-gnu/nios2-elf/lib/libc.a(lib_a-findfp.o)
                0x00000000000844f8                __sfp_lock_release
 .text.__sinit_lock_acquire
                0x00000000000844fc        0x4 /home/soc/intelFPGA_lite/18.1/nios2eds/bin/gnu/H-x86_64-pc-linux-gnu/bin/../lib/gcc/nios2-elf/5.3.0/../../../../../H-x86_64-pc-linux-gnu/nios2-elf/lib/libc.a(lib_a-findfp.o)
                0x00000000000844fc                __sinit_lock_acquire
 .text.__sinit_lock_release
                0x0000000000084500        0x4 /home/soc/intelFPGA_lite/18.1/nios2eds/bin/gnu/H-x86_64-pc-linux-gnu/bin/../lib/gcc/nios2-elf/5.3.0/../../../../../H-x86_64-pc-linux-gnu/nios2-elf/lib/libc.a(lib_a-findfp.o)
                0x0000000000084500                __sinit_lock_release
 .text.__fp_lock_all
                0x0000000000084504       0x18 /home/soc/intelFPGA_lite/18.1/nios2eds/bin/gnu/H-x86_64-pc-linux-gnu/bin/../lib/gcc/nios2-elf/5.3.0/../../../../../H-x86_64-pc-linux-gnu/nios2-elf/lib/libc.a(lib_a-findfp.o)
                0x0000000000084504                __fp_lock_all
 .text.__fp_unlock_all
                0x000000000008451c       0x18 /home/soc/intelFPGA_lite/18.1/nios2eds/bin/gnu/H-x86_64-pc-linux-gnu/bin/../lib/gcc/nios2-elf/5.3.0/../../../../../H-x86_64-pc-linux-gnu/nios2-elf/lib/libc.a(lib_a-findfp.o)
                0x000000000008451c                __fp_unlock_all
 .text          0x0000000000084534        0x0 /home/soc/intelFPGA_lite/18.1/nios2eds/bin/gnu/H-x86_64-pc-linux-gnu/bin/../lib/gcc/nios2-elf/5.3.0/../../../../../H-x86_64-pc-linux-gnu/nios2-elf/lib/libc.a(lib_a-freer.o)
 .text._malloc_trim_r
                0x0000000000084534      0x124 /home/soc/intelFPGA_lite/18.1/nios2eds/bin/gnu/H-x86_64-pc-linux-gnu/bin/../lib/gcc/nios2-elf/5.3.0/../../../../../H-x86_64-pc-linux-gnu/nios2-elf/lib/libc.a(lib_a-freer.o)
                0x0000000000084534                _malloc_trim_r
 .text._free_r  0x0000000000084658      0x310 /home/soc/intelFPGA_lite/18.1/nios2eds/bin/gnu/H-x86_64-pc-linux-gnu/bin/../lib/gcc/nios2-elf/5.3.0/../../../../../H-x86_64-pc-linux-gnu/nios2-elf/lib/libc.a(lib_a-freer.o)
                0x0000000000084658                _free_r
 .text          0x0000000000084968        0x0 /home/soc/intelFPGA_lite/18.1/nios2eds/bin/gnu/H-x86_64-pc-linux-gnu/bin/../lib/gcc/nios2-elf/5.3.0/../../../../../H-x86_64-pc-linux-gnu/nios2-elf/lib/libc.a(lib_a-fwalk.o)
 .text._fwalk   0x0000000000084968       0xc4 /home/soc/intelFPGA_lite/18.1/nios2eds/bin/gnu/H-x86_64-pc-linux-gnu/bin/../lib/gcc/nios2-elf/5.3.0/../../../../../H-x86_64-pc-linux-gnu/nios2-elf/lib/libc.a(lib_a-fwalk.o)
                0x0000000000084968                _fwalk
 .text._fwalk_reent
                0x0000000000084a2c       0xc4 /home/soc/intelFPGA_lite/18.1/nios2eds/bin/gnu/H-x86_64-pc-linux-gnu/bin/../lib/gcc/nios2-elf/5.3.0/../../../../../H-x86_64-pc-linux-gnu/nios2-elf/lib/libc.a(lib_a-fwalk.o)
                0x0000000000084a2c                _fwalk_reent
 .text          0x0000000000084af0        0x0 /home/soc/intelFPGA_lite/18.1/nios2eds/bin/gnu/H-x86_64-pc-linux-gnu/bin/../lib/gcc/nios2-elf/5.3.0/../../../../../H-x86_64-pc-linux-gnu/nios2-elf/lib/libc.a(lib_a-impure.o)
 .text          0x0000000000084af0        0x0 /home/soc/intelFPGA_lite/18.1/nios2eds/bin/gnu/H-x86_64-pc-linux-gnu/bin/../lib/gcc/nios2-elf/5.3.0/../../../../../H-x86_64-pc-linux-gnu/nios2-elf/lib/libc.a(lib_a-locale.o)
 .text._setlocale_r
                0x0000000000084af0       0x7c /home/soc/intelFPGA_lite/18.1/nios2eds/bin/gnu/H-x86_64-pc-linux-gnu/bin/../lib/gcc/nios2-elf/5.3.0/../../../../../H-x86_64-pc-linux-gnu/nios2-elf/lib/libc.a(lib_a-locale.o)
                0x0000000000084af0                _setlocale_r
 .text.__locale_charset
                0x0000000000084b6c        0xc /home/soc/intelFPGA_lite/18.1/nios2eds/bin/gnu/H-x86_64-pc-linux-gnu/bin/../lib/gcc/nios2-elf/5.3.0/../../../../../H-x86_64-pc-linux-gnu/nios2-elf/lib/libc.a(lib_a-locale.o)
                0x0000000000084b6c                __locale_charset
 .text.__locale_mb_cur_max
                0x0000000000084b78       0x10 /home/soc/intelFPGA_lite/18.1/nios2eds/bin/gnu/H-x86_64-pc-linux-gnu/bin/../lib/gcc/nios2-elf/5.3.0/../../../../../H-x86_64-pc-linux-gnu/nios2-elf/lib/libc.a(lib_a-locale.o)
                0x0000000000084b78                __locale_mb_cur_max
 .text.__locale_msgcharset
                0x0000000000084b88        0xc /home/soc/intelFPGA_lite/18.1/nios2eds/bin/gnu/H-x86_64-pc-linux-gnu/bin/../lib/gcc/nios2-elf/5.3.0/../../../../../H-x86_64-pc-linux-gnu/nios2-elf/lib/libc.a(lib_a-locale.o)
                0x0000000000084b88                __locale_msgcharset
 .text.__locale_cjk_lang
                0x0000000000084b94        0x8 /home/soc/intelFPGA_lite/18.1/nios2eds/bin/gnu/H-x86_64-pc-linux-gnu/bin/../lib/gcc/nios2-elf/5.3.0/../../../../../H-x86_64-pc-linux-gnu/nios2-elf/lib/libc.a(lib_a-locale.o)
                0x0000000000084b94                __locale_cjk_lang
 .text._localeconv_r
                0x0000000000084b9c        0xc /home/soc/intelFPGA_lite/18.1/nios2eds/bin/gnu/H-x86_64-pc-linux-gnu/bin/../lib/gcc/nios2-elf/5.3.0/../../../../../H-x86_64-pc-linux-gnu/nios2-elf/lib/libc.a(lib_a-locale.o)
                0x0000000000084b9c                _localeconv_r
 .text.setlocale
                0x0000000000084ba8       0x18 /home/soc/intelFPGA_lite/18.1/nios2eds/bin/gnu/H-x86_64-pc-linux-gnu/bin/../lib/gcc/nios2-elf/5.3.0/../../../../../H-x86_64-pc-linux-gnu/nios2-elf/lib/libc.a(lib_a-locale.o)
                0x0000000000084ba8                setlocale
 .text.localeconv
                0x0000000000084bc0        0xc /home/soc/intelFPGA_lite/18.1/nios2eds/bin/gnu/H-x86_64-pc-linux-gnu/bin/../lib/gcc/nios2-elf/5.3.0/../../../../../H-x86_64-pc-linux-gnu/nios2-elf/lib/libc.a(lib_a-locale.o)
                0x0000000000084bc0                localeconv
 .text          0x0000000000084bcc        0x0 /home/soc/intelFPGA_lite/18.1/nios2eds/bin/gnu/H-x86_64-pc-linux-gnu/bin/../lib/gcc/nios2-elf/5.3.0/../../../../../H-x86_64-pc-linux-gnu/nios2-elf/lib/libc.a(lib_a-makebuf.o)
 .text.__smakebuf_r
                0x0000000000084bcc      0x1bc /home/soc/intelFPGA_lite/18.1/nios2eds/bin/gnu/H-x86_64-pc-linux-gnu/bin/../lib/gcc/nios2-elf/5.3.0/../../../../../H-x86_64-pc-linux-gnu/nios2-elf/lib/libc.a(lib_a-makebuf.o)
                0x0000000000084bcc                __smakebuf_r
 .text          0x0000000000084d88        0x0 /home/soc/intelFPGA_lite/18.1/nios2eds/bin/gnu/H-x86_64-pc-linux-gnu/bin/../lib/gcc/nios2-elf/5.3.0/../../../../../H-x86_64-pc-linux-gnu/nios2-elf/lib/libc.a(lib_a-mallocr.o)
 .text._malloc_r
                0x0000000000084d88      0x80c /home/soc/intelFPGA_lite/18.1/nios2eds/bin/gnu/H-x86_64-pc-linux-gnu/bin/../lib/gcc/nios2-elf/5.3.0/../../../../../H-x86_64-pc-linux-gnu/nios2-elf/lib/libc.a(lib_a-mallocr.o)
                0x0000000000084d88                _malloc_r
 .text          0x0000000000085594        0x0 /home/soc/intelFPGA_lite/18.1/nios2eds/bin/gnu/H-x86_64-pc-linux-gnu/bin/../lib/gcc/nios2-elf/5.3.0/../../../../../H-x86_64-pc-linux-gnu/nios2-elf/lib/libc.a(lib_a-memchr.o)
 .text.memchr   0x0000000000085594       0xe4 /home/soc/intelFPGA_lite/18.1/nios2eds/bin/gnu/H-x86_64-pc-linux-gnu/bin/../lib/gcc/nios2-elf/5.3.0/../../../../../H-x86_64-pc-linux-gnu/nios2-elf/lib/libc.a(lib_a-memchr.o)
                0x0000000000085594                memchr
 .text          0x0000000000085678        0x0 /home/soc/intelFPGA_lite/18.1/nios2eds/bin/gnu/H-x86_64-pc-linux-gnu/bin/../lib/gcc/nios2-elf/5.3.0/../../../../../H-x86_64-pc-linux-gnu/nios2-elf/lib/libc.a(lib_a-memcpy.o)
 .text.memcpy   0x0000000000085678      0x148 /home/soc/intelFPGA_lite/18.1/nios2eds/bin/gnu/H-x86_64-pc-linux-gnu/bin/../lib/gcc/nios2-elf/5.3.0/../../../../../H-x86_64-pc-linux-gnu/nios2-elf/lib/libc.a(lib_a-memcpy.o)
                0x0000000000085678                memcpy
 .text          0x00000000000857c0        0x0 /home/soc/intelFPGA_lite/18.1/nios2eds/bin/gnu/H-x86_64-pc-linux-gnu/bin/../lib/gcc/nios2-elf/5.3.0/../../../../../H-x86_64-pc-linux-gnu/nios2-elf/lib/libc.a(lib_a-memset.o)
 .text.memset   0x00000000000857c0      0x128 /home/soc/intelFPGA_lite/18.1/nios2eds/bin/gnu/H-x86_64-pc-linux-gnu/bin/../lib/gcc/nios2-elf/5.3.0/../../../../../H-x86_64-pc-linux-gnu/nios2-elf/lib/libc.a(lib_a-memset.o)
                0x00000000000857c0                memset
 .text          0x00000000000858e8        0x0 /home/soc/intelFPGA_lite/18.1/nios2eds/bin/gnu/H-x86_64-pc-linux-gnu/bin/../lib/gcc/nios2-elf/5.3.0/../../../../../H-x86_64-pc-linux-gnu/nios2-elf/lib/libc.a(lib_a-mprec.o)
 .text._Balloc  0x00000000000858e8       0xa8 /home/soc/intelFPGA_lite/18.1/nios2eds/bin/gnu/H-x86_64-pc-linux-gnu/bin/../lib/gcc/nios2-elf/5.3.0/../../../../../H-x86_64-pc-linux-gnu/nios2-elf/lib/libc.a(lib_a-mprec.o)
                0x00000000000858e8                _Balloc
 .text._Bfree   0x0000000000085990       0x28 /home/soc/intelFPGA_lite/18.1/nios2eds/bin/gnu/H-x86_64-pc-linux-gnu/bin/../lib/gcc/nios2-elf/5.3.0/../../../../../H-x86_64-pc-linux-gnu/nios2-elf/lib/libc.a(lib_a-mprec.o)
                0x0000000000085990                _Bfree
 .text.__multadd
                0x00000000000859b8      0x120 /home/soc/intelFPGA_lite/18.1/nios2eds/bin/gnu/H-x86_64-pc-linux-gnu/bin/../lib/gcc/nios2-elf/5.3.0/../../../../../H-x86_64-pc-linux-gnu/nios2-elf/lib/libc.a(lib_a-mprec.o)
                0x00000000000859b8                __multadd
 .text.__s2b    0x0000000000085ad8      0x104 /home/soc/intelFPGA_lite/18.1/nios2eds/bin/gnu/H-x86_64-pc-linux-gnu/bin/../lib/gcc/nios2-elf/5.3.0/../../../../../H-x86_64-pc-linux-gnu/nios2-elf/lib/libc.a(lib_a-mprec.o)
                0x0000000000085ad8                __s2b
 .text.__hi0bits
                0x0000000000085bdc       0x68 /home/soc/intelFPGA_lite/18.1/nios2eds/bin/gnu/H-x86_64-pc-linux-gnu/bin/../lib/gcc/nios2-elf/5.3.0/../../../../../H-x86_64-pc-linux-gnu/nios2-elf/lib/libc.a(lib_a-mprec.o)
                0x0000000000085bdc                __hi0bits
 .text.__lo0bits
                0x0000000000085c44       0xb0 /home/soc/intelFPGA_lite/18.1/nios2eds/bin/gnu/H-x86_64-pc-linux-gnu/bin/../lib/gcc/nios2-elf/5.3.0/../../../../../H-x86_64-pc-linux-gnu/nios2-elf/lib/libc.a(lib_a-mprec.o)
                0x0000000000085c44                __lo0bits
 .text.__i2b    0x0000000000085cf4       0x3c /home/soc/intelFPGA_lite/18.1/nios2eds/bin/gnu/H-x86_64-pc-linux-gnu/bin/../lib/gcc/nios2-elf/5.3.0/../../../../../H-x86_64-pc-linux-gnu/nios2-elf/lib/libc.a(lib_a-mprec.o)
                0x0000000000085cf4                __i2b
 .text.__multiply
                0x0000000000085d30      0x1f8 /home/soc/intelFPGA_lite/18.1/nios2eds/bin/gnu/H-x86_64-pc-linux-gnu/bin/../lib/gcc/nios2-elf/5.3.0/../../../../../H-x86_64-pc-linux-gnu/nios2-elf/lib/libc.a(lib_a-mprec.o)
                0x0000000000085d30                __multiply
 .text.__pow5mult
                0x0000000000085f28      0x140 /home/soc/intelFPGA_lite/18.1/nios2eds/bin/gnu/H-x86_64-pc-linux-gnu/bin/../lib/gcc/nios2-elf/5.3.0/../../../../../H-x86_64-pc-linux-gnu/nios2-elf/lib/libc.a(lib_a-mprec.o)
                0x0000000000085f28                __pow5mult
 .text.__lshift
                0x0000000000086068      0x148 /home/soc/intelFPGA_lite/18.1/nios2eds/bin/gnu/H-x86_64-pc-linux-gnu/bin/../lib/gcc/nios2-elf/5.3.0/../../../../../H-x86_64-pc-linux-gnu/nios2-elf/lib/libc.a(lib_a-mprec.o)
                0x0000000000086068                __lshift
 .text.__mcmp   0x00000000000861b0       0x60 /home/soc/intelFPGA_lite/18.1/nios2eds/bin/gnu/H-x86_64-pc-linux-gnu/bin/../lib/gcc/nios2-elf/5.3.0/../../../../../H-x86_64-pc-linux-gnu/nios2-elf/lib/libc.a(lib_a-mprec.o)
                0x00000000000861b0                __mcmp
 .text.__mdiff  0x0000000000086210      0x1fc /home/soc/intelFPGA_lite/18.1/nios2eds/bin/gnu/H-x86_64-pc-linux-gnu/bin/../lib/gcc/nios2-elf/5.3.0/../../../../../H-x86_64-pc-linux-gnu/nios2-elf/lib/libc.a(lib_a-mprec.o)
                0x0000000000086210                __mdiff
 .text.__ulp    0x000000000008640c       0x64 /home/soc/intelFPGA_lite/18.1/nios2eds/bin/gnu/H-x86_64-pc-linux-gnu/bin/../lib/gcc/nios2-elf/5.3.0/../../../../../H-x86_64-pc-linux-gnu/nios2-elf/lib/libc.a(lib_a-mprec.o)
                0x000000000008640c                __ulp
 .text.__b2d    0x0000000000086470      0x10c /home/soc/intelFPGA_lite/18.1/nios2eds/bin/gnu/H-x86_64-pc-linux-gnu/bin/../lib/gcc/nios2-elf/5.3.0/../../../../../H-x86_64-pc-linux-gnu/nios2-elf/lib/libc.a(lib_a-mprec.o)
                0x0000000000086470                __b2d
 .text.__d2b    0x000000000008657c      0x14c /home/soc/intelFPGA_lite/18.1/nios2eds/bin/gnu/H-x86_64-pc-linux-gnu/bin/../lib/gcc/nios2-elf/5.3.0/../../../../../H-x86_64-pc-linux-gnu/nios2-elf/lib/libc.a(lib_a-mprec.o)
                0x000000000008657c                __d2b
 .text.__ratio  0x00000000000866c8       0xa4 /home/soc/intelFPGA_lite/18.1/nios2eds/bin/gnu/H-x86_64-pc-linux-gnu/bin/../lib/gcc/nios2-elf/5.3.0/../../../../../H-x86_64-pc-linux-gnu/nios2-elf/lib/libc.a(lib_a-mprec.o)
                0x00000000000866c8                __ratio
 .text._mprec_log10
                0x000000000008676c       0x74 /home/soc/intelFPGA_lite/18.1/nios2eds/bin/gnu/H-x86_64-pc-linux-gnu/bin/../lib/gcc/nios2-elf/5.3.0/../../../../../H-x86_64-pc-linux-gnu/nios2-elf/lib/libc.a(lib_a-mprec.o)
                0x000000000008676c                _mprec_log10
 .text.__copybits
                0x00000000000867e0       0x78 /home/soc/intelFPGA_lite/18.1/nios2eds/bin/gnu/H-x86_64-pc-linux-gnu/bin/../lib/gcc/nios2-elf/5.3.0/../../../../../H-x86_64-pc-linux-gnu/nios2-elf/lib/libc.a(lib_a-mprec.o)
                0x00000000000867e0                __copybits
 .text.__any_on
                0x0000000000086858       0x8c /home/soc/intelFPGA_lite/18.1/nios2eds/bin/gnu/H-x86_64-pc-linux-gnu/bin/../lib/gcc/nios2-elf/5.3.0/../../../../../H-x86_64-pc-linux-gnu/nios2-elf/lib/libc.a(lib_a-mprec.o)
                0x0000000000086858                __any_on
 .text          0x00000000000868e4        0x0 /home/soc/intelFPGA_lite/18.1/nios2eds/bin/gnu/H-x86_64-pc-linux-gnu/bin/../lib/gcc/nios2-elf/5.3.0/../../../../../H-x86_64-pc-linux-gnu/nios2-elf/lib/libc.a(lib_a-s_fpclassify.o)
 .text.__fpclassifyd
                0x00000000000868e4       0x74 /home/soc/intelFPGA_lite/18.1/nios2eds/bin/gnu/H-x86_64-pc-linux-gnu/bin/../lib/gcc/nios2-elf/5.3.0/../../../../../H-x86_64-pc-linux-gnu/nios2-elf/lib/libc.a(lib_a-s_fpclassify.o)
                0x00000000000868e4                __fpclassifyd
 .text          0x0000000000086958        0x0 /home/soc/intelFPGA_lite/18.1/nios2eds/bin/gnu/H-x86_64-pc-linux-gnu/bin/../lib/gcc/nios2-elf/5.3.0/../../../../../H-x86_64-pc-linux-gnu/nios2-elf/lib/libc.a(lib_a-sbrkr.o)
 .text._sbrk_r  0x0000000000086958       0x54 /home/soc/intelFPGA_lite/18.1/nios2eds/bin/gnu/H-x86_64-pc-linux-gnu/bin/../lib/gcc/nios2-elf/5.3.0/../../../../../H-x86_64-pc-linux-gnu/nios2-elf/lib/libc.a(lib_a-sbrkr.o)
                0x0000000000086958                _sbrk_r
 .text          0x00000000000869ac        0x0 /home/soc/intelFPGA_lite/18.1/nios2eds/bin/gnu/H-x86_64-pc-linux-gnu/bin/../lib/gcc/nios2-elf/5.3.0/../../../../../H-x86_64-pc-linux-gnu/nios2-elf/lib/libc.a(lib_a-stdio.o)
 .text.__sread  0x00000000000869ac       0x54 /home/soc/intelFPGA_lite/18.1/nios2eds/bin/gnu/H-x86_64-pc-linux-gnu/bin/../lib/gcc/nios2-elf/5.3.0/../../../../../H-x86_64-pc-linux-gnu/nios2-elf/lib/libc.a(lib_a-stdio.o)
                0x00000000000869ac                __sread
 .text.__seofread
                0x0000000000086a00        0x8 /home/soc/intelFPGA_lite/18.1/nios2eds/bin/gnu/H-x86_64-pc-linux-gnu/bin/../lib/gcc/nios2-elf/5.3.0/../../../../../H-x86_64-pc-linux-gnu/nios2-elf/lib/libc.a(lib_a-stdio.o)
                0x0000000000086a00                __seofread
 .text.__swrite
                0x0000000000086a08       0x7c /home/soc/intelFPGA_lite/18.1/nios2eds/bin/gnu/H-x86_64-pc-linux-gnu/bin/../lib/gcc/nios2-elf/5.3.0/../../../../../H-x86_64-pc-linux-gnu/nios2-elf/lib/libc.a(lib_a-stdio.o)
                0x0000000000086a08                __swrite
 .text.__sseek  0x0000000000086a84       0x5c /home/soc/intelFPGA_lite/18.1/nios2eds/bin/gnu/H-x86_64-pc-linux-gnu/bin/../lib/gcc/nios2-elf/5.3.0/../../../../../H-x86_64-pc-linux-gnu/nios2-elf/lib/libc.a(lib_a-stdio.o)
                0x0000000000086a84                __sseek
 .text.__sclose
                0x0000000000086ae0        0x8 /home/soc/intelFPGA_lite/18.1/nios2eds/bin/gnu/H-x86_64-pc-linux-gnu/bin/../lib/gcc/nios2-elf/5.3.0/../../../../../H-x86_64-pc-linux-gnu/nios2-elf/lib/libc.a(lib_a-stdio.o)
                0x0000000000086ae0                __sclose
 .text          0x0000000000086ae8        0x0 /home/soc/intelFPGA_lite/18.1/nios2eds/bin/gnu/H-x86_64-pc-linux-gnu/bin/../lib/gcc/nios2-elf/5.3.0/../../../../../H-x86_64-pc-linux-gnu/nios2-elf/lib/libc.a(lib_a-strcmp.o)
 .text.strcmp   0x0000000000086ae8       0xdc /home/soc/intelFPGA_lite/18.1/nios2eds/bin/gnu/H-x86_64-pc-linux-gnu/bin/../lib/gcc/nios2-elf/5.3.0/../../../../../H-x86_64-pc-linux-gnu/nios2-elf/lib/libc.a(lib_a-strcmp.o)
                0x0000000000086ae8                strcmp
 .text          0x0000000000086bc4        0x0 /home/soc/intelFPGA_lite/18.1/nios2eds/bin/gnu/H-x86_64-pc-linux-gnu/bin/../lib/gcc/nios2-elf/5.3.0/../../../../../H-x86_64-pc-linux-gnu/nios2-elf/lib/libc.a(lib_a-strlen.o)
 .text.strlen   0x0000000000086bc4       0x98 /home/soc/intelFPGA_lite/18.1/nios2eds/bin/gnu/H-x86_64-pc-linux-gnu/bin/../lib/gcc/nios2-elf/5.3.0/../../../../../H-x86_64-pc-linux-gnu/nios2-elf/lib/libc.a(lib_a-strlen.o)
                0x0000000000086bc4                strlen
 .text          0x0000000000086c5c        0x0 /home/soc/intelFPGA_lite/18.1/nios2eds/bin/gnu/H-x86_64-pc-linux-gnu/bin/../lib/gcc/nios2-elf/5.3.0/../../../../../H-x86_64-pc-linux-gnu/nios2-elf/lib/libc.a(lib_a-vfiprintf.o)
 .text.__sprint_r.part.0
                0x0000000000086c5c       0xfc /home/soc/intelFPGA_lite/18.1/nios2eds/bin/gnu/H-x86_64-pc-linux-gnu/bin/../lib/gcc/nios2-elf/5.3.0/../../../../../H-x86_64-pc-linux-gnu/nios2-elf/lib/libc.a(lib_a-vfiprintf.o)
 .text.__sprint_r
                0x0000000000086d58       0x18 /home/soc/intelFPGA_lite/18.1/nios2eds/bin/gnu/H-x86_64-pc-linux-gnu/bin/../lib/gcc/nios2-elf/5.3.0/../../../../../H-x86_64-pc-linux-gnu/nios2-elf/lib/libc.a(lib_a-vfiprintf.o)
                0x0000000000086d58                __sprint_r
 .text.___vfiprintf_internal_r
                0x0000000000086d70     0x145c /home/soc/intelFPGA_lite/18.1/nios2eds/bin/gnu/H-x86_64-pc-linux-gnu/bin/../lib/gcc/nios2-elf/5.3.0/../../../../../H-x86_64-pc-linux-gnu/nios2-elf/lib/libc.a(lib_a-vfiprintf.o)
                0x0000000000086d70                ___vfiprintf_internal_r
 .text.__vfiprintf_internal
                0x00000000000881cc       0x1c /home/soc/intelFPGA_lite/18.1/nios2eds/bin/gnu/H-x86_64-pc-linux-gnu/bin/../lib/gcc/nios2-elf/5.3.0/../../../../../H-x86_64-pc-linux-gnu/nios2-elf/lib/libc.a(lib_a-vfiprintf.o)
                0x00000000000881cc                __vfiprintf_internal
 .text.__sbprintf
                0x00000000000881e8       0xbc /home/soc/intelFPGA_lite/18.1/nios2eds/bin/gnu/H-x86_64-pc-linux-gnu/bin/../lib/gcc/nios2-elf/5.3.0/../../../../../H-x86_64-pc-linux-gnu/nios2-elf/lib/libc.a(lib_a-vfiprintf.o)
 .text          0x00000000000882a4        0x0 /home/soc/intelFPGA_lite/18.1/nios2eds/bin/gnu/H-x86_64-pc-linux-gnu/bin/../lib/gcc/nios2-elf/5.3.0/../../../../../H-x86_64-pc-linux-gnu/nios2-elf/lib/libc.a(lib_a-writer.o)
 .text._write_r
                0x00000000000882a4       0x60 /home/soc/intelFPGA_lite/18.1/nios2eds/bin/gnu/H-x86_64-pc-linux-gnu/bin/../lib/gcc/nios2-elf/5.3.0/../../../../../H-x86_64-pc-linux-gnu/nios2-elf/lib/libc.a(lib_a-writer.o)
                0x00000000000882a4                _write_r
 .text          0x0000000000088304        0x0 /home/soc/intelFPGA_lite/18.1/nios2eds/bin/gnu/H-x86_64-pc-linux-gnu/bin/../lib/gcc/nios2-elf/5.3.0/../../../../../H-x86_64-pc-linux-gnu/nios2-elf/lib/libc.a(closer.o)
 .text._close_r
                0x0000000000088304       0x54 /home/soc/intelFPGA_lite/18.1/nios2eds/bin/gnu/H-x86_64-pc-linux-gnu/bin/../lib/gcc/nios2-elf/5.3.0/../../../../../H-x86_64-pc-linux-gnu/nios2-elf/lib/libc.a(closer.o)
                0x0000000000088304                _close_r
 .text          0x0000000000088358        0x0 /home/soc/intelFPGA_lite/18.1/nios2eds/bin/gnu/H-x86_64-pc-linux-gnu/bin/../lib/gcc/nios2-elf/5.3.0/../../../../../H-x86_64-pc-linux-gnu/nios2-elf/lib/libc.a(lib_a-callocr.o)
 .text._calloc_r
                0x0000000000088358       0xc4 /home/soc/intelFPGA_lite/18.1/nios2eds/bin/gnu/H-x86_64-pc-linux-gnu/bin/../lib/gcc/nios2-elf/5.3.0/../../../../../H-x86_64-pc-linux-gnu/nios2-elf/lib/libc.a(lib_a-callocr.o)
                0x0000000000088358                _calloc_r
 .text          0x000000000008841c        0x0 /home/soc/intelFPGA_lite/18.1/nios2eds/bin/gnu/H-x86_64-pc-linux-gnu/bin/../lib/gcc/nios2-elf/5.3.0/../../../../../H-x86_64-pc-linux-gnu/nios2-elf/lib/libc.a(lib_a-fclose.o)
 .text._fclose_r
                0x000000000008841c       0xf0 /home/soc/intelFPGA_lite/18.1/nios2eds/bin/gnu/H-x86_64-pc-linux-gnu/bin/../lib/gcc/nios2-elf/5.3.0/../../../../../H-x86_64-pc-linux-gnu/nios2-elf/lib/libc.a(lib_a-fclose.o)
                0x000000000008841c                _fclose_r
 .text.fclose   0x000000000008850c       0x14 /home/soc/intelFPGA_lite/18.1/nios2eds/bin/gnu/H-x86_64-pc-linux-gnu/bin/../lib/gcc/nios2-elf/5.3.0/../../../../../H-x86_64-pc-linux-gnu/nios2-elf/lib/libc.a(lib_a-fclose.o)
                0x000000000008850c                fclose
 .text          0x0000000000088520        0x0 /home/soc/intelFPGA_lite/18.1/nios2eds/bin/gnu/H-x86_64-pc-linux-gnu/bin/../lib/gcc/nios2-elf/5.3.0/../../../../../H-x86_64-pc-linux-gnu/nios2-elf/lib/libc.a(lib_a-fputwc.o)
 .text.__fputwc
                0x0000000000088520      0x164 /home/soc/intelFPGA_lite/18.1/nios2eds/bin/gnu/H-x86_64-pc-linux-gnu/bin/../lib/gcc/nios2-elf/5.3.0/../../../../../H-x86_64-pc-linux-gnu/nios2-elf/lib/libc.a(lib_a-fputwc.o)
                0x0000000000088520                __fputwc
 .text._fputwc_r
                0x0000000000088684       0x24 /home/soc/intelFPGA_lite/18.1/nios2eds/bin/gnu/H-x86_64-pc-linux-gnu/bin/../lib/gcc/nios2-elf/5.3.0/../../../../../H-x86_64-pc-linux-gnu/nios2-elf/lib/libc.a(lib_a-fputwc.o)
                0x0000000000088684                _fputwc_r
 .text.fputwc   0x00000000000886a8       0x80 /home/soc/intelFPGA_lite/18.1/nios2eds/bin/gnu/H-x86_64-pc-linux-gnu/bin/../lib/gcc/nios2-elf/5.3.0/../../../../../H-x86_64-pc-linux-gnu/nios2-elf/lib/libc.a(lib_a-fputwc.o)
                0x00000000000886a8                fputwc
 .text          0x0000000000088728        0x0 /home/soc/intelFPGA_lite/18.1/nios2eds/bin/gnu/H-x86_64-pc-linux-gnu/bin/../lib/gcc/nios2-elf/5.3.0/../../../../../H-x86_64-pc-linux-gnu/nios2-elf/lib/libc.a(lib_a-fstatr.o)
 .text._fstat_r
                0x0000000000088728       0x5c /home/soc/intelFPGA_lite/18.1/nios2eds/bin/gnu/H-x86_64-pc-linux-gnu/bin/../lib/gcc/nios2-elf/5.3.0/../../../../../H-x86_64-pc-linux-gnu/nios2-elf/lib/libc.a(lib_a-fstatr.o)
                0x0000000000088728                _fstat_r
 .text          0x0000000000088784        0x0 /home/soc/intelFPGA_lite/18.1/nios2eds/bin/gnu/H-x86_64-pc-linux-gnu/bin/../lib/gcc/nios2-elf/5.3.0/../../../../../H-x86_64-pc-linux-gnu/nios2-elf/lib/libc.a(lib_a-fvwrite.o)
 .text.__sfvwrite_r
                0x0000000000088784      0x4bc /home/soc/intelFPGA_lite/18.1/nios2eds/bin/gnu/H-x86_64-pc-linux-gnu/bin/../lib/gcc/nios2-elf/5.3.0/../../../../../H-x86_64-pc-linux-gnu/nios2-elf/lib/libc.a(lib_a-fvwrite.o)
                0x0000000000088784                __sfvwrite_r
 .text          0x0000000000088c40        0x0 /home/soc/intelFPGA_lite/18.1/nios2eds/bin/gnu/H-x86_64-pc-linux-gnu/bin/../lib/gcc/nios2-elf/5.3.0/../../../../../H-x86_64-pc-linux-gnu/nios2-elf/lib/libc.a(lib_a-int_errno.o)
 .text          0x0000000000088c40        0x0 /home/soc/intelFPGA_lite/18.1/nios2eds/bin/gnu/H-x86_64-pc-linux-gnu/bin/../lib/gcc/nios2-elf/5.3.0/../../../../../H-x86_64-pc-linux-gnu/nios2-elf/lib/libc.a(lib_a-isattyr.o)
 .text._isatty_r
                0x0000000000088c40       0x54 /home/soc/intelFPGA_lite/18.1/nios2eds/bin/gnu/H-x86_64-pc-linux-gnu/bin/../lib/gcc/nios2-elf/5.3.0/../../../../../H-x86_64-pc-linux-gnu/nios2-elf/lib/libc.a(lib_a-isattyr.o)
                0x0000000000088c40                _isatty_r
 .text          0x0000000000088c94        0x0 /home/soc/intelFPGA_lite/18.1/nios2eds/bin/gnu/H-x86_64-pc-linux-gnu/bin/../lib/gcc/nios2-elf/5.3.0/../../../../../H-x86_64-pc-linux-gnu/nios2-elf/lib/libc.a(lib_a-lseekr.o)
 .text._lseek_r
                0x0000000000088c94       0x60 /home/soc/intelFPGA_lite/18.1/nios2eds/bin/gnu/H-x86_64-pc-linux-gnu/bin/../lib/gcc/nios2-elf/5.3.0/../../../../../H-x86_64-pc-linux-gnu/nios2-elf/lib/libc.a(lib_a-lseekr.o)
                0x0000000000088c94                _lseek_r
 .text          0x0000000000088cf4        0x0 /home/soc/intelFPGA_lite/18.1/nios2eds/bin/gnu/H-x86_64-pc-linux-gnu/bin/../lib/gcc/nios2-elf/5.3.0/../../../../../H-x86_64-pc-linux-gnu/nios2-elf/lib/libc.a(lib_a-memmove.o)
 .text.memmove  0x0000000000088cf4      0x15c /home/soc/intelFPGA_lite/18.1/nios2eds/bin/gnu/H-x86_64-pc-linux-gnu/bin/../lib/gcc/nios2-elf/5.3.0/../../../../../H-x86_64-pc-linux-gnu/nios2-elf/lib/libc.a(lib_a-memmove.o)
                0x0000000000088cf4                memmove
 .text          0x0000000000088e50        0x0 /home/soc/intelFPGA_lite/18.1/nios2eds/bin/gnu/H-x86_64-pc-linux-gnu/bin/../lib/gcc/nios2-elf/5.3.0/../../../../../H-x86_64-pc-linux-gnu/nios2-elf/lib/libc.a(lib_a-readr.o)
 .text._read_r  0x0000000000088e50       0x60 /home/soc/intelFPGA_lite/18.1/nios2eds/bin/gnu/H-x86_64-pc-linux-gnu/bin/../lib/gcc/nios2-elf/5.3.0/../../../../../H-x86_64-pc-linux-gnu/nios2-elf/lib/libc.a(lib_a-readr.o)
                0x0000000000088e50                _read_r
 .text          0x0000000000088eb0        0x0 /home/soc/intelFPGA_lite/18.1/nios2eds/bin/gnu/H-x86_64-pc-linux-gnu/bin/../lib/gcc/nios2-elf/5.3.0/../../../../../H-x86_64-pc-linux-gnu/nios2-elf/lib/libc.a(lib_a-reallocr.o)
 .text._realloc_r
                0x0000000000088eb0      0x564 /home/soc/intelFPGA_lite/18.1/nios2eds/bin/gnu/H-x86_64-pc-linux-gnu/bin/../lib/gcc/nios2-elf/5.3.0/../../../../../H-x86_64-pc-linux-gnu/nios2-elf/lib/libc.a(lib_a-reallocr.o)
                0x0000000000088eb0                _realloc_r
 .text          0x0000000000089414        0x0 /home/soc/intelFPGA_lite/18.1/nios2eds/bin/gnu/H-x86_64-pc-linux-gnu/bin/../lib/gcc/nios2-elf/5.3.0/../../../../../H-x86_64-pc-linux-gnu/nios2-elf/lib/libc.a(lib_a-wbuf.o)
 .text.__swbuf_r
                0x0000000000089414      0x140 /home/soc/intelFPGA_lite/18.1/nios2eds/bin/gnu/H-x86_64-pc-linux-gnu/bin/../lib/gcc/nios2-elf/5.3.0/../../../../../H-x86_64-pc-linux-gnu/nios2-elf/lib/libc.a(lib_a-wbuf.o)
                0x0000000000089414                __swbuf_r
 .text.__swbuf  0x0000000000089554       0x18 /home/soc/intelFPGA_lite/18.1/nios2eds/bin/gnu/H-x86_64-pc-linux-gnu/bin/../lib/gcc/nios2-elf/5.3.0/../../../../../H-x86_64-pc-linux-gnu/nios2-elf/lib/libc.a(lib_a-wbuf.o)
                0x0000000000089554                __swbuf
 .text          0x000000000008956c        0x0 /home/soc/intelFPGA_lite/18.1/nios2eds/bin/gnu/H-x86_64-pc-linux-gnu/bin/../lib/gcc/nios2-elf/5.3.0/../../../../../H-x86_64-pc-linux-gnu/nios2-elf/lib/libc.a(lib_a-wcrtomb.o)
 .text._wcrtomb_r
                0x000000000008956c       0x9c /home/soc/intelFPGA_lite/18.1/nios2eds/bin/gnu/H-x86_64-pc-linux-gnu/bin/../lib/gcc/nios2-elf/5.3.0/../../../../../H-x86_64-pc-linux-gnu/nios2-elf/lib/libc.a(lib_a-wcrtomb.o)
                0x000000000008956c                _wcrtomb_r
 .text.wcrtomb  0x0000000000089608       0xc0 /home/soc/intelFPGA_lite/18.1/nios2eds/bin/gnu/H-x86_64-pc-linux-gnu/bin/../lib/gcc/nios2-elf/5.3.0/../../../../../H-x86_64-pc-linux-gnu/nios2-elf/lib/libc.a(lib_a-wcrtomb.o)
                0x0000000000089608                wcrtomb
 .text          0x00000000000896c8        0x0 /home/soc/intelFPGA_lite/18.1/nios2eds/bin/gnu/H-x86_64-pc-linux-gnu/bin/../lib/gcc/nios2-elf/5.3.0/../../../../../H-x86_64-pc-linux-gnu/nios2-elf/lib/libc.a(lib_a-wctomb_r.o)
 .text.__ascii_wctomb
                0x00000000000896c8       0x30 /home/soc/intelFPGA_lite/18.1/nios2eds/bin/gnu/H-x86_64-pc-linux-gnu/bin/../lib/gcc/nios2-elf/5.3.0/../../../../../H-x86_64-pc-linux-gnu/nios2-elf/lib/libc.a(lib_a-wctomb_r.o)
                0x00000000000896c8                __ascii_wctomb
 .text._wctomb_r
                0x00000000000896f8       0x5c /home/soc/intelFPGA_lite/18.1/nios2eds/bin/gnu/H-x86_64-pc-linux-gnu/bin/../lib/gcc/nios2-elf/5.3.0/../../../../../H-x86_64-pc-linux-gnu/nios2-elf/lib/libc.a(lib_a-wctomb_r.o)
                0x00000000000896f8                _wctomb_r
 .text          0x0000000000089754      0x578 /home/soc/intelFPGA_lite/18.1/nios2eds/bin/gnu/H-x86_64-pc-linux-gnu/bin/../lib/gcc/nios2-elf/5.3.0/libgcc.a(_udivdi3.o)
                0x0000000000089754                __udivdi3
 .text          0x0000000000089ccc      0x538 /home/soc/intelFPGA_lite/18.1/nios2eds/bin/gnu/H-x86_64-pc-linux-gnu/bin/../lib/gcc/nios2-elf/5.3.0/libgcc.a(_umoddi3.o)
                0x0000000000089ccc                __umoddi3
 .text          0x000000000008a204      0x1b4 /home/soc/intelFPGA_lite/18.1/nios2eds/bin/gnu/H-x86_64-pc-linux-gnu/bin/../lib/gcc/nios2-elf/5.3.0/libgcc.a(lib2-divmod.o)
                0x000000000008a204                __divsi3
                0x000000000008a288                __modsi3
                0x000000000008a2fc                __udivsi3
                0x000000000008a360                __umodsi3
 .text          0x000000000008a3b8      0x8ac /home/soc/intelFPGA_lite/18.1/nios2eds/bin/gnu/H-x86_64-pc-linux-gnu/bin/../lib/gcc/nios2-elf/5.3.0/libgcc.a(adddf3.o)
                0x000000000008a3b8                __adddf3
 .text          0x000000000008ac64      0x8e8 /home/soc/intelFPGA_lite/18.1/nios2eds/bin/gnu/H-x86_64-pc-linux-gnu/bin/../lib/gcc/nios2-elf/5.3.0/libgcc.a(divdf3.o)
                0x000000000008ac64                __divdf3
 .text          0x000000000008b54c       0x88 /home/soc/intelFPGA_lite/18.1/nios2eds/bin/gnu/H-x86_64-pc-linux-gnu/bin/../lib/gcc/nios2-elf/5.3.0/libgcc.a(eqdf2.o)
                0x000000000008b54c                __eqdf2
                0x000000000008b54c                __nedf2
 .text          0x000000000008b5d4       0xdc /home/soc/intelFPGA_lite/18.1/nios2eds/bin/gnu/H-x86_64-pc-linux-gnu/bin/../lib/gcc/nios2-elf/5.3.0/libgcc.a(gedf2.o)
                0x000000000008b5d4                __gtdf2
                0x000000000008b5d4                __gedf2
 .text          0x000000000008b6b0       0xf4 /home/soc/intelFPGA_lite/18.1/nios2eds/bin/gnu/H-x86_64-pc-linux-gnu/bin/../lib/gcc/nios2-elf/5.3.0/libgcc.a(ledf2.o)
                0x000000000008b6b0                __ltdf2
                0x000000000008b6b0                __ledf2
 .text          0x000000000008b7a4      0x718 /home/soc/intelFPGA_lite/18.1/nios2eds/bin/gnu/H-x86_64-pc-linux-gnu/bin/../lib/gcc/nios2-elf/5.3.0/libgcc.a(muldf3.o)
                0x000000000008b7a4                __muldf3
 .text          0x000000000008bebc      0x8fc /home/soc/intelFPGA_lite/18.1/nios2eds/bin/gnu/H-x86_64-pc-linux-gnu/bin/../lib/gcc/nios2-elf/5.3.0/libgcc.a(subdf3.o)
                0x000000000008bebc                __subdf3
 .text          0x000000000008c7b8       0x80 /home/soc/intelFPGA_lite/18.1/nios2eds/bin/gnu/H-x86_64-pc-linux-gnu/bin/../lib/gcc/nios2-elf/5.3.0/libgcc.a(fixdfsi.o)
                0x000000000008c7b8                __fixdfsi
 .text          0x000000000008c838       0xdc /home/soc/intelFPGA_lite/18.1/nios2eds/bin/gnu/H-x86_64-pc-linux-gnu/bin/../lib/gcc/nios2-elf/5.3.0/libgcc.a(floatsidf.o)
                0x000000000008c838                __floatsidf
 .text          0x000000000008c914       0xa8 /home/soc/intelFPGA_lite/18.1/nios2eds/bin/gnu/H-x86_64-pc-linux-gnu/bin/../lib/gcc/nios2-elf/5.3.0/libgcc.a(floatunsidf.o)
                0x000000000008c914                __floatunsidf
 .text          0x000000000008c9bc        0x0 /home/soc/intelFPGA_lite/18.1/nios2eds/bin/gnu/H-x86_64-pc-linux-gnu/bin/../lib/gcc/nios2-elf/5.3.0/libgcc.a(_clz.o)
 .text          0x000000000008c9bc       0x64 /home/soc/intelFPGA_lite/18.1/nios2eds/bin/gnu/H-x86_64-pc-linux-gnu/bin/../lib/gcc/nios2-elf/5.3.0/libgcc.a(_clzsi2.o)
                0x000000000008c9bc                __clzsi2
 .text          0x000000000008ca20      0x10c ../Parte2_bsp//libhal_bsp.a(alt_close.o)
                0x000000000008ca5c                close
 .text          0x000000000008cb2c       0x48 ../Parte2_bsp//libhal_bsp.a(alt_dcache_flush_all.o)
                0x000000000008cb2c                alt_dcache_flush_all
 .text          0x000000000008cb74       0x2c ../Parte2_bsp//libhal_bsp.a(alt_dev.o)
 .text          0x000000000008cba0        0x0 ../Parte2_bsp//libhal_bsp.a(alt_errno.o)
 .text          0x000000000008cba0       0xec ../Parte2_bsp//libhal_bsp.a(alt_fstat.o)
                0x000000000008cbdc                fstat
 .text          0x000000000008cc8c       0xe0 ../Parte2_bsp//libhal_bsp.a(alt_isatty.o)
                0x000000000008ccc8                isatty
 .text          0x000000000008cd6c       0xec ../Parte2_bsp//libhal_bsp.a(alt_load.o)
                0x000000000008cdd4                alt_load
 .text          0x000000000008ce58      0x110 ../Parte2_bsp//libhal_bsp.a(alt_lseek.o)
                0x000000000008ce94                lseek
 .text          0x000000000008cf68       0x7c ../Parte2_bsp//libhal_bsp.a(alt_main.o)
                0x000000000008cf68                alt_main
 .text          0x000000000008cfe4       0x48 ../Parte2_bsp//libhal_bsp.a(alt_malloc_lock.o)
                0x000000000008cfe4                __malloc_lock
                0x000000000008d008                __malloc_unlock
 .text          0x000000000008d02c      0x138 ../Parte2_bsp//libhal_bsp.a(alt_read.o)
                0x000000000008d068                read
 .text          0x000000000008d164       0x64 ../Parte2_bsp//libhal_bsp.a(alt_release_fd.o)
                0x000000000008d164                alt_release_fd
 .text          0x000000000008d1c8       0xb0 ../Parte2_bsp//libhal_bsp.a(alt_sbrk.o)
                0x000000000008d1c8                sbrk
 .text          0x000000000008d278      0x134 ../Parte2_bsp//libhal_bsp.a(alt_write.o)
                0x000000000008d2b4                write
 .text          0x000000000008d3ac       0xa0 ../Parte2_bsp//libhal_bsp.a(alt_sys_init.o)
                0x000000000008d3e0                alt_irq_init
                0x000000000008d418                alt_sys_init
 .text          0x000000000008d44c       0xc0 ../Parte2_bsp//libhal_bsp.a(altera_avalon_jtag_uart_fd.o)
                0x000000000008d44c                altera_avalon_jtag_uart_read_fd
                0x000000000008d4ac                altera_avalon_jtag_uart_write_fd
 .text          0x000000000008d50c       0xec ../Parte2_bsp//libhal_bsp.a(altera_avalon_jtag_uart_read.o)
                0x000000000008d50c                altera_avalon_jtag_uart_read
 .text          0x000000000008d5f8       0x94 ../Parte2_bsp//libhal_bsp.a(altera_avalon_jtag_uart_write.o)
                0x000000000008d5f8                altera_avalon_jtag_uart_write
 .text          0x000000000008d68c       0xe0 ../Parte2_bsp//libhal_bsp.a(alt_dev_llist_insert.o)
                0x000000000008d6c8                alt_dev_llist_insert
 .text          0x000000000008d76c       0x60 ../Parte2_bsp//libhal_bsp.a(alt_do_ctors.o)
                0x000000000008d76c                _do_ctors
 .text          0x000000000008d7cc       0x60 ../Parte2_bsp//libhal_bsp.a(alt_do_dtors.o)
                0x000000000008d7cc                _do_dtors
 .text          0x000000000008d82c       0x34 ../Parte2_bsp//libhal_bsp.a(alt_icache_flush_all.o)
                0x000000000008d82c                alt_icache_flush_all
 .text          0x000000000008d860      0x140 ../Parte2_bsp//libhal_bsp.a(alt_io_redirect.o)
                0x000000000008d924                alt_io_redirect
 .text          0x000000000008d9a0      0x254 ../Parte2_bsp//libhal_bsp.a(alt_open.o)
                0x000000000008daa0                open
 .text          0x000000000008dbf4       0x24 ../Parte2_bsp//libhal_bsp.a(altera_nios2_gen2_irq.o)
                0x000000000008dbf4                altera_nios2_gen2_irq_init
 .text          0x000000000008dc18       0x90 ../Parte2_bsp//libhal_bsp.a(alt_find_dev.o)
                0x000000000008dc18                alt_find_dev
 .text          0x000000000008dca8      0x108 ../Parte2_bsp//libhal_bsp.a(alt_find_file.o)
                0x000000000008dca8                alt_find_file
 .text          0x000000000008ddb0       0xa4 ../Parte2_bsp//libhal_bsp.a(alt_get_fd.o)
                0x000000000008ddb0                alt_get_fd
 .text          0x000000000008de54       0x90 ../Parte2_bsp//libhal_bsp.a(alt_icache_flush.o)
                0x000000000008de54                alt_icache_flush
 .text          0x000000000008dee4        0x0 /home/soc/intelFPGA_lite/18.1/nios2eds/bin/gnu/H-x86_64-pc-linux-gnu/bin/../lib/gcc/nios2-elf/5.3.0/../../../../../H-x86_64-pc-linux-gnu/nios2-elf/lib/libc.a(lib_a-atexit.o)
 .text.atexit   0x000000000008dee4       0x14 /home/soc/intelFPGA_lite/18.1/nios2eds/bin/gnu/H-x86_64-pc-linux-gnu/bin/../lib/gcc/nios2-elf/5.3.0/../../../../../H-x86_64-pc-linux-gnu/nios2-elf/lib/libc.a(lib_a-atexit.o)
                0x000000000008dee4                atexit
 .text          0x000000000008def8        0x0 /home/soc/intelFPGA_lite/18.1/nios2eds/bin/gnu/H-x86_64-pc-linux-gnu/bin/../lib/gcc/nios2-elf/5.3.0/../../../../../H-x86_64-pc-linux-gnu/nios2-elf/lib/libc.a(lib_a-exit.o)
 .text.exit     0x000000000008def8       0x38 /home/soc/intelFPGA_lite/18.1/nios2eds/bin/gnu/H-x86_64-pc-linux-gnu/bin/../lib/gcc/nios2-elf/5.3.0/../../../../../H-x86_64-pc-linux-gnu/nios2-elf/lib/libc.a(lib_a-exit.o)
                0x000000000008def8                exit
 .text          0x000000000008df30        0x0 /home/soc/intelFPGA_lite/18.1/nios2eds/bin/gnu/H-x86_64-pc-linux-gnu/bin/../lib/gcc/nios2-elf/5.3.0/../../../../../H-x86_64-pc-linux-gnu/nios2-elf/lib/libc.a(lib_a-memcmp.o)
 .text.memcmp   0x000000000008df30       0x7c /home/soc/intelFPGA_lite/18.1/nios2eds/bin/gnu/H-x86_64-pc-linux-gnu/bin/../lib/gcc/nios2-elf/5.3.0/../../../../../H-x86_64-pc-linux-gnu/nios2-elf/lib/libc.a(lib_a-memcmp.o)
                0x000000000008df30                memcmp
 .text          0x000000000008dfac        0x0 /home/soc/intelFPGA_lite/18.1/nios2eds/bin/gnu/H-x86_64-pc-linux-gnu/bin/../lib/gcc/nios2-elf/5.3.0/../../../../../H-x86_64-pc-linux-gnu/nios2-elf/lib/libc.a(lib_a-__atexit.o)
 .text.__register_exitproc
                0x000000000008dfac      0x118 /home/soc/intelFPGA_lite/18.1/nios2eds/bin/gnu/H-x86_64-pc-linux-gnu/bin/../lib/gcc/nios2-elf/5.3.0/../../../../../H-x86_64-pc-linux-gnu/nios2-elf/lib/libc.a(lib_a-__atexit.o)
                0x000000000008dfac                __register_exitproc
 .text          0x000000000008e0c4        0x0 /home/soc/intelFPGA_lite/18.1/nios2eds/bin/gnu/H-x86_64-pc-linux-gnu/bin/../lib/gcc/nios2-elf/5.3.0/../../../../../H-x86_64-pc-linux-gnu/nios2-elf/lib/libc.a(lib_a-__call_atexit.o)
 .text.__call_exitprocs
                0x000000000008e0c4      0x180 /home/soc/intelFPGA_lite/18.1/nios2eds/bin/gnu/H-x86_64-pc-linux-gnu/bin/../lib/gcc/nios2-elf/5.3.0/../../../../../H-x86_64-pc-linux-gnu/nios2-elf/lib/libc.a(lib_a-__call_atexit.o)
                0x000000000008e0c4                __call_exitprocs
 .text          0x000000000008e244       0x34 ../Parte2_bsp//libhal_bsp.a(alt_exit.o)
                0x000000000008e244                _exit
 *(.gnu.warning.*)
 *(.fini)
                [!provide]                        PROVIDE (__etext, ABSOLUTE (.))
                [!provide]                        PROVIDE (_etext, ABSOLUTE (.))
                [!provide]                        PROVIDE (etext, ABSOLUTE (.))
 *(.eh_frame_hdr)
                0x000000000008e278                . = ALIGN (0x4)
                [!provide]                        PROVIDE (__preinit_array_start, ABSOLUTE (.))
 *(.preinit_array)
                [!provide]                        PROVIDE (__preinit_array_end, ABSOLUTE (.))
                [!provide]                        PROVIDE (__init_array_start, ABSOLUTE (.))
 *(.init_array)
                [!provide]                        PROVIDE (__init_array_end, ABSOLUTE (.))
                [!provide]                        PROVIDE (__fini_array_start, ABSOLUTE (.))
 *(.fini_array)
                [!provide]                        PROVIDE (__fini_array_end, ABSOLUTE (.))
 *(.eh_frame)
 *(.gcc_except_table .gcc_except_table.*)
 *(.dynamic)
                0x000000000008e278                PROVIDE (__CTOR_LIST__, ABSOLUTE (.))
 *(.ctors)
 *(SORT(.ctors.*))
                0x000000000008e278                PROVIDE (__CTOR_END__, ABSOLUTE (.))
                0x000000000008e278                PROVIDE (__DTOR_LIST__, ABSOLUTE (.))
 *(.dtors)
 *(SORT(.dtors.*))
                0x000000000008e278                PROVIDE (__DTOR_END__, ABSOLUTE (.))
 *(.jcr)
                0x000000000008e278                . = ALIGN (0x4)

.rodata         0x000000000008e278      0x32c
                0x000000000008e278                PROVIDE (__ram_rodata_start, ABSOLUTE (.))
                0x000000000008e278                . = ALIGN (0x4)
 *(.rodata .rodata.* .gnu.linkonce.r.*)
 .rodata        0x000000000008e278       0x37 obj/default/hello_world.o
 *fill*         0x000000000008e2af        0x1 
 .rodata.str1.4
                0x000000000008e2b0       0x42 /home/soc/intelFPGA_lite/18.1/nios2eds/bin/gnu/H-x86_64-pc-linux-gnu/bin/../lib/gcc/nios2-elf/5.3.0/../../../../../H-x86_64-pc-linux-gnu/nios2-elf/lib/libc.a(lib_a-vfprintf.o)
 .rodata.zeroes.4404
                0x000000000008e2f2       0x10 /home/soc/intelFPGA_lite/18.1/nios2eds/bin/gnu/H-x86_64-pc-linux-gnu/bin/../lib/gcc/nios2-elf/5.3.0/../../../../../H-x86_64-pc-linux-gnu/nios2-elf/lib/libc.a(lib_a-vfprintf.o)
 .rodata.blanks.4403
                0x000000000008e302       0x10 /home/soc/intelFPGA_lite/18.1/nios2eds/bin/gnu/H-x86_64-pc-linux-gnu/bin/../lib/gcc/nios2-elf/5.3.0/../../../../../H-x86_64-pc-linux-gnu/nios2-elf/lib/libc.a(lib_a-vfprintf.o)
 *fill*         0x000000000008e312        0x2 
 .rodata.str1.4
                0x000000000008e314       0x10 /home/soc/intelFPGA_lite/18.1/nios2eds/bin/gnu/H-x86_64-pc-linux-gnu/bin/../lib/gcc/nios2-elf/5.3.0/../../../../../H-x86_64-pc-linux-gnu/nios2-elf/lib/libc.a(lib_a-dtoa.o)
                                         0x12 (size before relaxing)
 .rodata.str1.4
                0x000000000008e324        0x2 /home/soc/intelFPGA_lite/18.1/nios2eds/bin/gnu/H-x86_64-pc-linux-gnu/bin/../lib/gcc/nios2-elf/5.3.0/../../../../../H-x86_64-pc-linux-gnu/nios2-elf/lib/libc.a(lib_a-impure.o)
 *fill*         0x000000000008e326        0x2 
 .rodata.str1.4
                0x000000000008e328        0xc /home/soc/intelFPGA_lite/18.1/nios2eds/bin/gnu/H-x86_64-pc-linux-gnu/bin/../lib/gcc/nios2-elf/5.3.0/../../../../../H-x86_64-pc-linux-gnu/nios2-elf/lib/libc.a(lib_a-locale.o)
                                         0x12 (size before relaxing)
 .rodata.p05.2768
                0x000000000008e334        0xc /home/soc/intelFPGA_lite/18.1/nios2eds/bin/gnu/H-x86_64-pc-linux-gnu/bin/../lib/gcc/nios2-elf/5.3.0/../../../../../H-x86_64-pc-linux-gnu/nios2-elf/lib/libc.a(lib_a-mprec.o)
 .rodata.__mprec_tinytens
                0x000000000008e340       0x28 /home/soc/intelFPGA_lite/18.1/nios2eds/bin/gnu/H-x86_64-pc-linux-gnu/bin/../lib/gcc/nios2-elf/5.3.0/../../../../../H-x86_64-pc-linux-gnu/nios2-elf/lib/libc.a(lib_a-mprec.o)
                0x000000000008e340                __mprec_tinytens
 .rodata.__mprec_bigtens
                0x000000000008e368       0x28 /home/soc/intelFPGA_lite/18.1/nios2eds/bin/gnu/H-x86_64-pc-linux-gnu/bin/../lib/gcc/nios2-elf/5.3.0/../../../../../H-x86_64-pc-linux-gnu/nios2-elf/lib/libc.a(lib_a-mprec.o)
                0x000000000008e368                __mprec_bigtens
 .rodata.__mprec_tens
                0x000000000008e390       0xc8 /home/soc/intelFPGA_lite/18.1/nios2eds/bin/gnu/H-x86_64-pc-linux-gnu/bin/../lib/gcc/nios2-elf/5.3.0/../../../../../H-x86_64-pc-linux-gnu/nios2-elf/lib/libc.a(lib_a-mprec.o)
                0x000000000008e390                __mprec_tens
 .rodata.str1.4
                0x000000000008e458       0x2f /home/soc/intelFPGA_lite/18.1/nios2eds/bin/gnu/H-x86_64-pc-linux-gnu/bin/../lib/gcc/nios2-elf/5.3.0/../../../../../H-x86_64-pc-linux-gnu/nios2-elf/lib/libc.a(lib_a-vfiprintf.o)
 .rodata.zeroes.4349
                0x000000000008e458       0x10 /home/soc/intelFPGA_lite/18.1/nios2eds/bin/gnu/H-x86_64-pc-linux-gnu/bin/../lib/gcc/nios2-elf/5.3.0/../../../../../H-x86_64-pc-linux-gnu/nios2-elf/lib/libc.a(lib_a-vfiprintf.o)
 .rodata.blanks.4348
                0x000000000008e468       0x10 /home/soc/intelFPGA_lite/18.1/nios2eds/bin/gnu/H-x86_64-pc-linux-gnu/bin/../lib/gcc/nios2-elf/5.3.0/../../../../../H-x86_64-pc-linux-gnu/nios2-elf/lib/libc.a(lib_a-vfiprintf.o)
 .rodata        0x000000000008e478      0x100 /home/soc/intelFPGA_lite/18.1/nios2eds/bin/gnu/H-x86_64-pc-linux-gnu/bin/../lib/gcc/nios2-elf/5.3.0/libgcc.a(_clz.o)
                0x000000000008e478                __clz_tab
 .rodata        0x000000000008e578        0xa ../Parte2_bsp//libhal_bsp.a(alt_dev.o)
 *fill*         0x000000000008e582        0x2 
 .rodata        0x000000000008e584        0xf ../Parte2_bsp//libhal_bsp.a(alt_main.o)
 *fill*         0x000000000008e593        0x1 
 .rodata        0x000000000008e594        0xf ../Parte2_bsp//libhal_bsp.a(alt_sys_init.o)
 *(.rodata1)
                0x000000000008e5a4                . = ALIGN (0x4)
 *fill*         0x000000000008e5a3        0x1 
                0x000000000008e5a4                PROVIDE (__ram_rodata_end, ABSOLUTE (.))
                0x000000000008e278                PROVIDE (__flash_rodata_start, LOADADDR (.rodata))

.rwdata         0x000000000008e5a4      0xaac load address 0x000000000008f050
                0x000000000008e5a4                PROVIDE (__ram_rwdata_start, ABSOLUTE (.))
                0x000000000008e5a4                . = ALIGN (0x4)
 *(.got.plt)
 *(.got)
 *(.data1)
 *(.data .data.* .gnu.linkonce.d.*)
 .data          0x000000000008e5a4        0x0 ../Parte2_bsp//obj/HAL/src/crt0.o
 .data          0x000000000008e5a4        0x0 obj/default/hello_world.o
 .data          0x000000000008e5a4        0x0 /home/soc/intelFPGA_lite/18.1/nios2eds/bin/gnu/H-x86_64-pc-linux-gnu/bin/../lib/gcc/nios2-elf/5.3.0/../../../../../H-x86_64-pc-linux-gnu/nios2-elf/lib/libc.a(lib_a-printf.o)
 .data          0x000000000008e5a4        0x0 /home/soc/intelFPGA_lite/18.1/nios2eds/bin/gnu/H-x86_64-pc-linux-gnu/bin/../lib/gcc/nios2-elf/5.3.0/../../../../../H-x86_64-pc-linux-gnu/nios2-elf/lib/libc.a(lib_a-vfprintf.o)
 .data          0x000000000008e5a4        0x0 /home/soc/intelFPGA_lite/18.1/nios2eds/bin/gnu/H-x86_64-pc-linux-gnu/bin/../lib/gcc/nios2-elf/5.3.0/../../../../../H-x86_64-pc-linux-gnu/nios2-elf/lib/libc.a(lib_a-wsetup.o)
 .data          0x000000000008e5a4        0x0 /home/soc/intelFPGA_lite/18.1/nios2eds/bin/gnu/H-x86_64-pc-linux-gnu/bin/../lib/gcc/nios2-elf/5.3.0/../../../../../H-x86_64-pc-linux-gnu/nios2-elf/lib/libc.a(lib_a-dtoa.o)
 .data          0x000000000008e5a4        0x0 /home/soc/intelFPGA_lite/18.1/nios2eds/bin/gnu/H-x86_64-pc-linux-gnu/bin/../lib/gcc/nios2-elf/5.3.0/../../../../../H-x86_64-pc-linux-gnu/nios2-elf/lib/libc.a(lib_a-fflush.o)
 .data          0x000000000008e5a4        0x0 /home/soc/intelFPGA_lite/18.1/nios2eds/bin/gnu/H-x86_64-pc-linux-gnu/bin/../lib/gcc/nios2-elf/5.3.0/../../../../../H-x86_64-pc-linux-gnu/nios2-elf/lib/libc.a(lib_a-findfp.o)
 .data          0x000000000008e5a4        0x0 /home/soc/intelFPGA_lite/18.1/nios2eds/bin/gnu/H-x86_64-pc-linux-gnu/bin/../lib/gcc/nios2-elf/5.3.0/../../../../../H-x86_64-pc-linux-gnu/nios2-elf/lib/libc.a(lib_a-freer.o)
 .data          0x000000000008e5a4        0x0 /home/soc/intelFPGA_lite/18.1/nios2eds/bin/gnu/H-x86_64-pc-linux-gnu/bin/../lib/gcc/nios2-elf/5.3.0/../../../../../H-x86_64-pc-linux-gnu/nios2-elf/lib/libc.a(lib_a-fwalk.o)
 .data          0x000000000008e5a4        0x0 /home/soc/intelFPGA_lite/18.1/nios2eds/bin/gnu/H-x86_64-pc-linux-gnu/bin/../lib/gcc/nios2-elf/5.3.0/../../../../../H-x86_64-pc-linux-gnu/nios2-elf/lib/libc.a(lib_a-impure.o)
 .data.impure_data
                0x000000000008e5a4      0x424 /home/soc/intelFPGA_lite/18.1/nios2eds/bin/gnu/H-x86_64-pc-linux-gnu/bin/../lib/gcc/nios2-elf/5.3.0/../../../../../H-x86_64-pc-linux-gnu/nios2-elf/lib/libc.a(lib_a-impure.o)
 .data          0x000000000008e9c8        0x0 /home/soc/intelFPGA_lite/18.1/nios2eds/bin/gnu/H-x86_64-pc-linux-gnu/bin/../lib/gcc/nios2-elf/5.3.0/../../../../../H-x86_64-pc-linux-gnu/nios2-elf/lib/libc.a(lib_a-locale.o)
 .data.lc_message_charset
                0x000000000008e9c8       0x20 /home/soc/intelFPGA_lite/18.1/nios2eds/bin/gnu/H-x86_64-pc-linux-gnu/bin/../lib/gcc/nios2-elf/5.3.0/../../../../../H-x86_64-pc-linux-gnu/nios2-elf/lib/libc.a(lib_a-locale.o)
 .data.lc_ctype_charset
                0x000000000008e9e8       0x20 /home/soc/intelFPGA_lite/18.1/nios2eds/bin/gnu/H-x86_64-pc-linux-gnu/bin/../lib/gcc/nios2-elf/5.3.0/../../../../../H-x86_64-pc-linux-gnu/nios2-elf/lib/libc.a(lib_a-locale.o)
 .data.lconv    0x000000000008ea08       0x38 /home/soc/intelFPGA_lite/18.1/nios2eds/bin/gnu/H-x86_64-pc-linux-gnu/bin/../lib/gcc/nios2-elf/5.3.0/../../../../../H-x86_64-pc-linux-gnu/nios2-elf/lib/libc.a(lib_a-locale.o)
 .data          0x000000000008ea40        0x0 /home/soc/intelFPGA_lite/18.1/nios2eds/bin/gnu/H-x86_64-pc-linux-gnu/bin/../lib/gcc/nios2-elf/5.3.0/../../../../../H-x86_64-pc-linux-gnu/nios2-elf/lib/libc.a(lib_a-makebuf.o)
 .data          0x000000000008ea40        0x0 /home/soc/intelFPGA_lite/18.1/nios2eds/bin/gnu/H-x86_64-pc-linux-gnu/bin/../lib/gcc/nios2-elf/5.3.0/../../../../../H-x86_64-pc-linux-gnu/nios2-elf/lib/libc.a(lib_a-mallocr.o)
 .data.__malloc_av_
                0x000000000008ea40      0x408 /home/soc/intelFPGA_lite/18.1/nios2eds/bin/gnu/H-x86_64-pc-linux-gnu/bin/../lib/gcc/nios2-elf/5.3.0/../../../../../H-x86_64-pc-linux-gnu/nios2-elf/lib/libc.a(lib_a-mallocr.o)
                0x000000000008ea40                __malloc_av_
 .data          0x000000000008ee48        0x0 /home/soc/intelFPGA_lite/18.1/nios2eds/bin/gnu/H-x86_64-pc-linux-gnu/bin/../lib/gcc/nios2-elf/5.3.0/../../../../../H-x86_64-pc-linux-gnu/nios2-elf/lib/libc.a(lib_a-memchr.o)
 .data          0x000000000008ee48        0x0 /home/soc/intelFPGA_lite/18.1/nios2eds/bin/gnu/H-x86_64-pc-linux-gnu/bin/../lib/gcc/nios2-elf/5.3.0/../../../../../H-x86_64-pc-linux-gnu/nios2-elf/lib/libc.a(lib_a-memcpy.o)
 .data          0x000000000008ee48        0x0 /home/soc/intelFPGA_lite/18.1/nios2eds/bin/gnu/H-x86_64-pc-linux-gnu/bin/../lib/gcc/nios2-elf/5.3.0/../../../../../H-x86_64-pc-linux-gnu/nios2-elf/lib/libc.a(lib_a-memset.o)
 .data          0x000000000008ee48        0x0 /home/soc/intelFPGA_lite/18.1/nios2eds/bin/gnu/H-x86_64-pc-linux-gnu/bin/../lib/gcc/nios2-elf/5.3.0/../../../../../H-x86_64-pc-linux-gnu/nios2-elf/lib/libc.a(lib_a-mprec.o)
 .data          0x000000000008ee48        0x0 /home/soc/intelFPGA_lite/18.1/nios2eds/bin/gnu/H-x86_64-pc-linux-gnu/bin/../lib/gcc/nios2-elf/5.3.0/../../../../../H-x86_64-pc-linux-gnu/nios2-elf/lib/libc.a(lib_a-s_fpclassify.o)
 .data          0x000000000008ee48        0x0 /home/soc/intelFPGA_lite/18.1/nios2eds/bin/gnu/H-x86_64-pc-linux-gnu/bin/../lib/gcc/nios2-elf/5.3.0/../../../../../H-x86_64-pc-linux-gnu/nios2-elf/lib/libc.a(lib_a-sbrkr.o)
 .data          0x000000000008ee48        0x0 /home/soc/intelFPGA_lite/18.1/nios2eds/bin/gnu/H-x86_64-pc-linux-gnu/bin/../lib/gcc/nios2-elf/5.3.0/../../../../../H-x86_64-pc-linux-gnu/nios2-elf/lib/libc.a(lib_a-stdio.o)
 .data          0x000000000008ee48        0x0 /home/soc/intelFPGA_lite/18.1/nios2eds/bin/gnu/H-x86_64-pc-linux-gnu/bin/../lib/gcc/nios2-elf/5.3.0/../../../../../H-x86_64-pc-linux-gnu/nios2-elf/lib/libc.a(lib_a-strcmp.o)
 .data          0x000000000008ee48        0x0 /home/soc/intelFPGA_lite/18.1/nios2eds/bin/gnu/H-x86_64-pc-linux-gnu/bin/../lib/gcc/nios2-elf/5.3.0/../../../../../H-x86_64-pc-linux-gnu/nios2-elf/lib/libc.a(lib_a-strlen.o)
 .data          0x000000000008ee48        0x0 /home/soc/intelFPGA_lite/18.1/nios2eds/bin/gnu/H-x86_64-pc-linux-gnu/bin/../lib/gcc/nios2-elf/5.3.0/../../../../../H-x86_64-pc-linux-gnu/nios2-elf/lib/libc.a(lib_a-vfiprintf.o)
 .data          0x000000000008ee48        0x0 /home/soc/intelFPGA_lite/18.1/nios2eds/bin/gnu/H-x86_64-pc-linux-gnu/bin/../lib/gcc/nios2-elf/5.3.0/../../../../../H-x86_64-pc-linux-gnu/nios2-elf/lib/libc.a(lib_a-writer.o)
 .data          0x000000000008ee48        0x0 /home/soc/intelFPGA_lite/18.1/nios2eds/bin/gnu/H-x86_64-pc-linux-gnu/bin/../lib/gcc/nios2-elf/5.3.0/../../../../../H-x86_64-pc-linux-gnu/nios2-elf/lib/libc.a(closer.o)
 .data          0x000000000008ee48        0x0 /home/soc/intelFPGA_lite/18.1/nios2eds/bin/gnu/H-x86_64-pc-linux-gnu/bin/../lib/gcc/nios2-elf/5.3.0/../../../../../H-x86_64-pc-linux-gnu/nios2-elf/lib/libc.a(lib_a-callocr.o)
 .data          0x000000000008ee48        0x0 /home/soc/intelFPGA_lite/18.1/nios2eds/bin/gnu/H-x86_64-pc-linux-gnu/bin/../lib/gcc/nios2-elf/5.3.0/../../../../../H-x86_64-pc-linux-gnu/nios2-elf/lib/libc.a(lib_a-fclose.o)
 .data          0x000000000008ee48        0x0 /home/soc/intelFPGA_lite/18.1/nios2eds/bin/gnu/H-x86_64-pc-linux-gnu/bin/../lib/gcc/nios2-elf/5.3.0/../../../../../H-x86_64-pc-linux-gnu/nios2-elf/lib/libc.a(lib_a-fputwc.o)
 .data          0x000000000008ee48        0x0 /home/soc/intelFPGA_lite/18.1/nios2eds/bin/gnu/H-x86_64-pc-linux-gnu/bin/../lib/gcc/nios2-elf/5.3.0/../../../../../H-x86_64-pc-linux-gnu/nios2-elf/lib/libc.a(lib_a-fstatr.o)
 .data          0x000000000008ee48        0x0 /home/soc/intelFPGA_lite/18.1/nios2eds/bin/gnu/H-x86_64-pc-linux-gnu/bin/../lib/gcc/nios2-elf/5.3.0/../../../../../H-x86_64-pc-linux-gnu/nios2-elf/lib/libc.a(lib_a-fvwrite.o)
 .data          0x000000000008ee48        0x0 /home/soc/intelFPGA_lite/18.1/nios2eds/bin/gnu/H-x86_64-pc-linux-gnu/bin/../lib/gcc/nios2-elf/5.3.0/../../../../../H-x86_64-pc-linux-gnu/nios2-elf/lib/libc.a(lib_a-int_errno.o)
 .data          0x000000000008ee48        0x0 /home/soc/intelFPGA_lite/18.1/nios2eds/bin/gnu/H-x86_64-pc-linux-gnu/bin/../lib/gcc/nios2-elf/5.3.0/../../../../../H-x86_64-pc-linux-gnu/nios2-elf/lib/libc.a(lib_a-isattyr.o)
 .data          0x000000000008ee48        0x0 /home/soc/intelFPGA_lite/18.1/nios2eds/bin/gnu/H-x86_64-pc-linux-gnu/bin/../lib/gcc/nios2-elf/5.3.0/../../../../../H-x86_64-pc-linux-gnu/nios2-elf/lib/libc.a(lib_a-lseekr.o)
 .data          0x000000000008ee48        0x0 /home/soc/intelFPGA_lite/18.1/nios2eds/bin/gnu/H-x86_64-pc-linux-gnu/bin/../lib/gcc/nios2-elf/5.3.0/../../../../../H-x86_64-pc-linux-gnu/nios2-elf/lib/libc.a(lib_a-memmove.o)
 .data          0x000000000008ee48        0x0 /home/soc/intelFPGA_lite/18.1/nios2eds/bin/gnu/H-x86_64-pc-linux-gnu/bin/../lib/gcc/nios2-elf/5.3.0/../../../../../H-x86_64-pc-linux-gnu/nios2-elf/lib/libc.a(lib_a-readr.o)
 .data          0x000000000008ee48        0x0 /home/soc/intelFPGA_lite/18.1/nios2eds/bin/gnu/H-x86_64-pc-linux-gnu/bin/../lib/gcc/nios2-elf/5.3.0/../../../../../H-x86_64-pc-linux-gnu/nios2-elf/lib/libc.a(lib_a-reallocr.o)
 .data          0x000000000008ee48        0x0 /home/soc/intelFPGA_lite/18.1/nios2eds/bin/gnu/H-x86_64-pc-linux-gnu/bin/../lib/gcc/nios2-elf/5.3.0/../../../../../H-x86_64-pc-linux-gnu/nios2-elf/lib/libc.a(lib_a-wbuf.o)
 .data          0x000000000008ee48        0x0 /home/soc/intelFPGA_lite/18.1/nios2eds/bin/gnu/H-x86_64-pc-linux-gnu/bin/../lib/gcc/nios2-elf/5.3.0/../../../../../H-x86_64-pc-linux-gnu/nios2-elf/lib/libc.a(lib_a-wcrtomb.o)
 .data          0x000000000008ee48        0x0 /home/soc/intelFPGA_lite/18.1/nios2eds/bin/gnu/H-x86_64-pc-linux-gnu/bin/../lib/gcc/nios2-elf/5.3.0/../../../../../H-x86_64-pc-linux-gnu/nios2-elf/lib/libc.a(lib_a-wctomb_r.o)
 .data          0x000000000008ee48        0x0 /home/soc/intelFPGA_lite/18.1/nios2eds/bin/gnu/H-x86_64-pc-linux-gnu/bin/../lib/gcc/nios2-elf/5.3.0/libgcc.a(_udivdi3.o)
 .data          0x000000000008ee48        0x0 /home/soc/intelFPGA_lite/18.1/nios2eds/bin/gnu/H-x86_64-pc-linux-gnu/bin/../lib/gcc/nios2-elf/5.3.0/libgcc.a(_umoddi3.o)
 .data          0x000000000008ee48        0x0 /home/soc/intelFPGA_lite/18.1/nios2eds/bin/gnu/H-x86_64-pc-linux-gnu/bin/../lib/gcc/nios2-elf/5.3.0/libgcc.a(lib2-divmod.o)
 .data          0x000000000008ee48        0x0 /home/soc/intelFPGA_lite/18.1/nios2eds/bin/gnu/H-x86_64-pc-linux-gnu/bin/../lib/gcc/nios2-elf/5.3.0/libgcc.a(adddf3.o)
 .data          0x000000000008ee48        0x0 /home/soc/intelFPGA_lite/18.1/nios2eds/bin/gnu/H-x86_64-pc-linux-gnu/bin/../lib/gcc/nios2-elf/5.3.0/libgcc.a(divdf3.o)
 .data          0x000000000008ee48        0x0 /home/soc/intelFPGA_lite/18.1/nios2eds/bin/gnu/H-x86_64-pc-linux-gnu/bin/../lib/gcc/nios2-elf/5.3.0/libgcc.a(eqdf2.o)
 .data          0x000000000008ee48        0x0 /home/soc/intelFPGA_lite/18.1/nios2eds/bin/gnu/H-x86_64-pc-linux-gnu/bin/../lib/gcc/nios2-elf/5.3.0/libgcc.a(gedf2.o)
 .data          0x000000000008ee48        0x0 /home/soc/intelFPGA_lite/18.1/nios2eds/bin/gnu/H-x86_64-pc-linux-gnu/bin/../lib/gcc/nios2-elf/5.3.0/libgcc.a(ledf2.o)
 .data          0x000000000008ee48        0x0 /home/soc/intelFPGA_lite/18.1/nios2eds/bin/gnu/H-x86_64-pc-linux-gnu/bin/../lib/gcc/nios2-elf/5.3.0/libgcc.a(muldf3.o)
 .data          0x000000000008ee48        0x0 /home/soc/intelFPGA_lite/18.1/nios2eds/bin/gnu/H-x86_64-pc-linux-gnu/bin/../lib/gcc/nios2-elf/5.3.0/libgcc.a(subdf3.o)
 .data          0x000000000008ee48        0x0 /home/soc/intelFPGA_lite/18.1/nios2eds/bin/gnu/H-x86_64-pc-linux-gnu/bin/../lib/gcc/nios2-elf/5.3.0/libgcc.a(fixdfsi.o)
 .data          0x000000000008ee48        0x0 /home/soc/intelFPGA_lite/18.1/nios2eds/bin/gnu/H-x86_64-pc-linux-gnu/bin/../lib/gcc/nios2-elf/5.3.0/libgcc.a(floatsidf.o)
 .data          0x000000000008ee48        0x0 /home/soc/intelFPGA_lite/18.1/nios2eds/bin/gnu/H-x86_64-pc-linux-gnu/bin/../lib/gcc/nios2-elf/5.3.0/libgcc.a(floatunsidf.o)
 .data          0x000000000008ee48        0x0 /home/soc/intelFPGA_lite/18.1/nios2eds/bin/gnu/H-x86_64-pc-linux-gnu/bin/../lib/gcc/nios2-elf/5.3.0/libgcc.a(_clz.o)
 .data          0x000000000008ee48        0x0 /home/soc/intelFPGA_lite/18.1/nios2eds/bin/gnu/H-x86_64-pc-linux-gnu/bin/../lib/gcc/nios2-elf/5.3.0/libgcc.a(_clzsi2.o)
 .data          0x000000000008ee48        0x0 ../Parte2_bsp//libhal_bsp.a(alt_close.o)
 .data          0x000000000008ee48        0x0 ../Parte2_bsp//libhal_bsp.a(alt_dcache_flush_all.o)
 .data          0x000000000008ee48      0x1a8 ../Parte2_bsp//libhal_bsp.a(alt_dev.o)
                0x000000000008ee48                alt_dev_null
                0x000000000008ee70                alt_fd_list
 .data          0x000000000008eff0        0x0 ../Parte2_bsp//libhal_bsp.a(alt_errno.o)
 .data          0x000000000008eff0        0x0 ../Parte2_bsp//libhal_bsp.a(alt_fstat.o)
 .data          0x000000000008eff0        0x0 ../Parte2_bsp//libhal_bsp.a(alt_isatty.o)
 .data          0x000000000008eff0        0x0 ../Parte2_bsp//libhal_bsp.a(alt_load.o)
 .data          0x000000000008eff0        0x0 ../Parte2_bsp//libhal_bsp.a(alt_lseek.o)
 .data          0x000000000008eff0        0x0 ../Parte2_bsp//libhal_bsp.a(alt_main.o)
 .data          0x000000000008eff0        0x0 ../Parte2_bsp//libhal_bsp.a(alt_malloc_lock.o)
 .data          0x000000000008eff0        0x0 ../Parte2_bsp//libhal_bsp.a(alt_read.o)
 .data          0x000000000008eff0        0x0 ../Parte2_bsp//libhal_bsp.a(alt_release_fd.o)
 .data          0x000000000008eff0        0x0 ../Parte2_bsp//libhal_bsp.a(alt_sbrk.o)
 .data          0x000000000008eff0        0x0 ../Parte2_bsp//libhal_bsp.a(alt_write.o)
 .data          0x000000000008eff0       0x2c ../Parte2_bsp//libhal_bsp.a(alt_sys_init.o)
 .data          0x000000000008f01c        0x0 ../Parte2_bsp//libhal_bsp.a(altera_avalon_jtag_uart_fd.o)
 .data          0x000000000008f01c        0x0 ../Parte2_bsp//libhal_bsp.a(altera_avalon_jtag_uart_read.o)
 .data          0x000000000008f01c        0x0 ../Parte2_bsp//libhal_bsp.a(altera_avalon_jtag_uart_write.o)
 .data          0x000000000008f01c        0x0 ../Parte2_bsp//libhal_bsp.a(alt_dev_llist_insert.o)
 .data          0x000000000008f01c        0x0 ../Parte2_bsp//libhal_bsp.a(alt_do_ctors.o)
 .data          0x000000000008f01c        0x0 ../Parte2_bsp//libhal_bsp.a(alt_do_dtors.o)
 .data          0x000000000008f01c        0x0 ../Parte2_bsp//libhal_bsp.a(alt_icache_flush_all.o)
 .data          0x000000000008f01c        0x0 ../Parte2_bsp//libhal_bsp.a(alt_io_redirect.o)
 .data          0x000000000008f01c        0x0 ../Parte2_bsp//libhal_bsp.a(alt_open.o)
 .data          0x000000000008f01c        0x0 ../Parte2_bsp//libhal_bsp.a(altera_nios2_gen2_irq.o)
 .data          0x000000000008f01c        0x0 ../Parte2_bsp//libhal_bsp.a(alt_find_dev.o)
 .data          0x000000000008f01c        0x0 ../Parte2_bsp//libhal_bsp.a(alt_find_file.o)
 .data          0x000000000008f01c        0x0 ../Parte2_bsp//libhal_bsp.a(alt_get_fd.o)
 .data          0x000000000008f01c        0x0 ../Parte2_bsp//libhal_bsp.a(alt_icache_flush.o)
 .data          0x000000000008f01c        0x0 /home/soc/intelFPGA_lite/18.1/nios2eds/bin/gnu/H-x86_64-pc-linux-gnu/bin/../lib/gcc/nios2-elf/5.3.0/../../../../../H-x86_64-pc-linux-gnu/nios2-elf/lib/libc.a(lib_a-atexit.o)
 .data          0x000000000008f01c        0x0 /home/soc/intelFPGA_lite/18.1/nios2eds/bin/gnu/H-x86_64-pc-linux-gnu/bin/../lib/gcc/nios2-elf/5.3.0/../../../../../H-x86_64-pc-linux-gnu/nios2-elf/lib/libc.a(lib_a-exit.o)
 .data          0x000000000008f01c        0x0 /home/soc/intelFPGA_lite/18.1/nios2eds/bin/gnu/H-x86_64-pc-linux-gnu/bin/../lib/gcc/nios2-elf/5.3.0/../../../../../H-x86_64-pc-linux-gnu/nios2-elf/lib/libc.a(lib_a-memcmp.o)
 .data          0x000000000008f01c        0x0 /home/soc/intelFPGA_lite/18.1/nios2eds/bin/gnu/H-x86_64-pc-linux-gnu/bin/../lib/gcc/nios2-elf/5.3.0/../../../../../H-x86_64-pc-linux-gnu/nios2-elf/lib/libc.a(lib_a-__atexit.o)
 .data          0x000000000008f01c        0x0 /home/soc/intelFPGA_lite/18.1/nios2eds/bin/gnu/H-x86_64-pc-linux-gnu/bin/../lib/gcc/nios2-elf/5.3.0/../../../../../H-x86_64-pc-linux-gnu/nios2-elf/lib/libc.a(lib_a-__call_atexit.o)
 .data          0x000000000008f01c        0x0 ../Parte2_bsp//libhal_bsp.a(alt_exit.o)
                0x000000000009701c                _gp = ABSOLUTE ((. + 0x8000))
                [!provide]                        PROVIDE (gp, _gp)
 *(.rwdata .rwdata.*)
 *(.sdata .sdata.* .gnu.linkonce.s.*)
 .sdata._global_impure_ptr
                0x000000000008f01c        0x4 /home/soc/intelFPGA_lite/18.1/nios2eds/bin/gnu/H-x86_64-pc-linux-gnu/bin/../lib/gcc/nios2-elf/5.3.0/../../../../../H-x86_64-pc-linux-gnu/nios2-elf/lib/libc.a(lib_a-impure.o)
                0x000000000008f01c                _global_impure_ptr
 .sdata._impure_ptr
                0x000000000008f020        0x4 /home/soc/intelFPGA_lite/18.1/nios2eds/bin/gnu/H-x86_64-pc-linux-gnu/bin/../lib/gcc/nios2-elf/5.3.0/../../../../../H-x86_64-pc-linux-gnu/nios2-elf/lib/libc.a(lib_a-impure.o)
                0x000000000008f020                _impure_ptr
 .sdata.__mb_cur_max
                0x000000000008f024        0x4 /home/soc/intelFPGA_lite/18.1/nios2eds/bin/gnu/H-x86_64-pc-linux-gnu/bin/../lib/gcc/nios2-elf/5.3.0/../../../../../H-x86_64-pc-linux-gnu/nios2-elf/lib/libc.a(lib_a-locale.o)
                0x000000000008f024                __mb_cur_max
 .sdata.__malloc_sbrk_base
                0x000000000008f028        0x4 /home/soc/intelFPGA_lite/18.1/nios2eds/bin/gnu/H-x86_64-pc-linux-gnu/bin/../lib/gcc/nios2-elf/5.3.0/../../../../../H-x86_64-pc-linux-gnu/nios2-elf/lib/libc.a(lib_a-mallocr.o)
                0x000000000008f028                __malloc_sbrk_base
 .sdata.__malloc_trim_threshold
                0x000000000008f02c        0x4 /home/soc/intelFPGA_lite/18.1/nios2eds/bin/gnu/H-x86_64-pc-linux-gnu/bin/../lib/gcc/nios2-elf/5.3.0/../../../../../H-x86_64-pc-linux-gnu/nios2-elf/lib/libc.a(lib_a-mallocr.o)
                0x000000000008f02c                __malloc_trim_threshold
 .sdata.__wctomb
                0x000000000008f030        0x4 /home/soc/intelFPGA_lite/18.1/nios2eds/bin/gnu/H-x86_64-pc-linux-gnu/bin/../lib/gcc/nios2-elf/5.3.0/../../../../../H-x86_64-pc-linux-gnu/nios2-elf/lib/libc.a(lib_a-wctomb_r.o)
                0x000000000008f030                __wctomb
 .sdata         0x000000000008f034       0x14 ../Parte2_bsp//libhal_bsp.a(alt_dev.o)
                0x000000000008f034                alt_fs_list
                0x000000000008f03c                alt_dev_list
                0x000000000008f044                alt_max_fd
 .sdata         0x000000000008f048        0x4 ../Parte2_bsp//libhal_bsp.a(alt_errno.o)
                0x000000000008f048                alt_errno
 .sdata         0x000000000008f04c        0x4 ../Parte2_bsp//libhal_bsp.a(alt_sbrk.o)
 *(.sdata2 .sdata2.* .gnu.linkonce.s2.*)
                0x000000000008f050                . = ALIGN (0x4)
                0x000000000008f050                _edata = ABSOLUTE (.)
                [!provide]                        PROVIDE (edata, ABSOLUTE (.))
                0x000000000008f050                PROVIDE (__ram_rwdata_end, ABSOLUTE (.))
                0x000000000008f050                PROVIDE (__flash_rwdata_start, LOADADDR (.rwdata))

.bss            0x000000000008fafc       0x50
                0x000000000008fafc                __bss_start = ABSOLUTE (.)
                [!provide]                        PROVIDE (__sbss_start, ABSOLUTE (.))
                [!provide]                        PROVIDE (___sbss_start, ABSOLUTE (.))
 *(.dynsbss)
 *(.sbss .sbss.* .gnu.linkonce.sb.*)
 .sbss._PathLocale
                0x000000000008fafc        0x4 /home/soc/intelFPGA_lite/18.1/nios2eds/bin/gnu/H-x86_64-pc-linux-gnu/bin/../lib/gcc/nios2-elf/5.3.0/../../../../../H-x86_64-pc-linux-gnu/nios2-elf/lib/libc.a(lib_a-locale.o)
                0x000000000008fafc                _PathLocale
 .sbss.__mlocale_changed
                0x000000000008fb00        0x4 /home/soc/intelFPGA_lite/18.1/nios2eds/bin/gnu/H-x86_64-pc-linux-gnu/bin/../lib/gcc/nios2-elf/5.3.0/../../../../../H-x86_64-pc-linux-gnu/nios2-elf/lib/libc.a(lib_a-locale.o)
                0x000000000008fb00                __mlocale_changed
 .sbss.__nlocale_changed
                0x000000000008fb04        0x4 /home/soc/intelFPGA_lite/18.1/nios2eds/bin/gnu/H-x86_64-pc-linux-gnu/bin/../lib/gcc/nios2-elf/5.3.0/../../../../../H-x86_64-pc-linux-gnu/nios2-elf/lib/libc.a(lib_a-locale.o)
                0x000000000008fb04                __nlocale_changed
 .sbss.__malloc_max_total_mem
                0x000000000008fb08        0x4 /home/soc/intelFPGA_lite/18.1/nios2eds/bin/gnu/H-x86_64-pc-linux-gnu/bin/../lib/gcc/nios2-elf/5.3.0/../../../../../H-x86_64-pc-linux-gnu/nios2-elf/lib/libc.a(lib_a-mallocr.o)
                0x000000000008fb08                __malloc_max_total_mem
 .sbss.__malloc_max_sbrked_mem
                0x000000000008fb0c        0x4 /home/soc/intelFPGA_lite/18.1/nios2eds/bin/gnu/H-x86_64-pc-linux-gnu/bin/../lib/gcc/nios2-elf/5.3.0/../../../../../H-x86_64-pc-linux-gnu/nios2-elf/lib/libc.a(lib_a-mallocr.o)
                0x000000000008fb0c                __malloc_max_sbrked_mem
 .sbss.__malloc_top_pad
                0x000000000008fb10        0x4 /home/soc/intelFPGA_lite/18.1/nios2eds/bin/gnu/H-x86_64-pc-linux-gnu/bin/../lib/gcc/nios2-elf/5.3.0/../../../../../H-x86_64-pc-linux-gnu/nios2-elf/lib/libc.a(lib_a-mallocr.o)
                0x000000000008fb10                __malloc_top_pad
 .sbss          0x000000000008fb14        0x4 /home/soc/intelFPGA_lite/18.1/nios2eds/bin/gnu/H-x86_64-pc-linux-gnu/bin/../lib/gcc/nios2-elf/5.3.0/../../../../../H-x86_64-pc-linux-gnu/nios2-elf/lib/libc.a(lib_a-int_errno.o)
                0x000000000008fb14                errno
 .sbss          0x000000000008fb18        0xc ../Parte2_bsp//libhal_bsp.a(alt_main.o)
                0x000000000008fb18                alt_argc
                0x000000000008fb1c                alt_argv
                0x000000000008fb20                alt_envp
 *(.sbss2 .sbss2.* .gnu.linkonce.sb2.*)
 *(.scommon)
                [!provide]                        PROVIDE (__sbss_end, ABSOLUTE (.))
                [!provide]                        PROVIDE (___sbss_end, ABSOLUTE (.))
 *(.dynbss)
 *(.bss .bss.* .gnu.linkonce.b.*)
 .bss           0x000000000008fb24        0x0 ../Parte2_bsp//obj/HAL/src/crt0.o
 .bss           0x000000000008fb24        0x0 obj/default/hello_world.o
 .bss           0x000000000008fb24        0x0 /home/soc/intelFPGA_lite/18.1/nios2eds/bin/gnu/H-x86_64-pc-linux-gnu/bin/../lib/gcc/nios2-elf/5.3.0/../../../../../H-x86_64-pc-linux-gnu/nios2-elf/lib/libc.a(lib_a-printf.o)
 .bss           0x000000000008fb24        0x0 /home/soc/intelFPGA_lite/18.1/nios2eds/bin/gnu/H-x86_64-pc-linux-gnu/bin/../lib/gcc/nios2-elf/5.3.0/../../../../../H-x86_64-pc-linux-gnu/nios2-elf/lib/libc.a(lib_a-vfprintf.o)
 .bss           0x000000000008fb24        0x0 /home/soc/intelFPGA_lite/18.1/nios2eds/bin/gnu/H-x86_64-pc-linux-gnu/bin/../lib/gcc/nios2-elf/5.3.0/../../../../../H-x86_64-pc-linux-gnu/nios2-elf/lib/libc.a(lib_a-wsetup.o)
 .bss           0x000000000008fb24        0x0 /home/soc/intelFPGA_lite/18.1/nios2eds/bin/gnu/H-x86_64-pc-linux-gnu/bin/../lib/gcc/nios2-elf/5.3.0/../../../../../H-x86_64-pc-linux-gnu/nios2-elf/lib/libc.a(lib_a-dtoa.o)
 .bss           0x000000000008fb24        0x0 /home/soc/intelFPGA_lite/18.1/nios2eds/bin/gnu/H-x86_64-pc-linux-gnu/bin/../lib/gcc/nios2-elf/5.3.0/../../../../../H-x86_64-pc-linux-gnu/nios2-elf/lib/libc.a(lib_a-fflush.o)
 .bss           0x000000000008fb24        0x0 /home/soc/intelFPGA_lite/18.1/nios2eds/bin/gnu/H-x86_64-pc-linux-gnu/bin/../lib/gcc/nios2-elf/5.3.0/../../../../../H-x86_64-pc-linux-gnu/nios2-elf/lib/libc.a(lib_a-findfp.o)
 .bss           0x000000000008fb24        0x0 /home/soc/intelFPGA_lite/18.1/nios2eds/bin/gnu/H-x86_64-pc-linux-gnu/bin/../lib/gcc/nios2-elf/5.3.0/../../../../../H-x86_64-pc-linux-gnu/nios2-elf/lib/libc.a(lib_a-freer.o)
 .bss           0x000000000008fb24        0x0 /home/soc/intelFPGA_lite/18.1/nios2eds/bin/gnu/H-x86_64-pc-linux-gnu/bin/../lib/gcc/nios2-elf/5.3.0/../../../../../H-x86_64-pc-linux-gnu/nios2-elf/lib/libc.a(lib_a-fwalk.o)
 .bss           0x000000000008fb24        0x0 /home/soc/intelFPGA_lite/18.1/nios2eds/bin/gnu/H-x86_64-pc-linux-gnu/bin/../lib/gcc/nios2-elf/5.3.0/../../../../../H-x86_64-pc-linux-gnu/nios2-elf/lib/libc.a(lib_a-impure.o)
 .bss           0x000000000008fb24        0x0 /home/soc/intelFPGA_lite/18.1/nios2eds/bin/gnu/H-x86_64-pc-linux-gnu/bin/../lib/gcc/nios2-elf/5.3.0/../../../../../H-x86_64-pc-linux-gnu/nios2-elf/lib/libc.a(lib_a-locale.o)
 .bss           0x000000000008fb24        0x0 /home/soc/intelFPGA_lite/18.1/nios2eds/bin/gnu/H-x86_64-pc-linux-gnu/bin/../lib/gcc/nios2-elf/5.3.0/../../../../../H-x86_64-pc-linux-gnu/nios2-elf/lib/libc.a(lib_a-makebuf.o)
 .bss           0x000000000008fb24        0x0 /home/soc/intelFPGA_lite/18.1/nios2eds/bin/gnu/H-x86_64-pc-linux-gnu/bin/../lib/gcc/nios2-elf/5.3.0/../../../../../H-x86_64-pc-linux-gnu/nios2-elf/lib/libc.a(lib_a-mallocr.o)
 .bss.__malloc_current_mallinfo
                0x000000000008fb24       0x28 /home/soc/intelFPGA_lite/18.1/nios2eds/bin/gnu/H-x86_64-pc-linux-gnu/bin/../lib/gcc/nios2-elf/5.3.0/../../../../../H-x86_64-pc-linux-gnu/nios2-elf/lib/libc.a(lib_a-mallocr.o)
                0x000000000008fb24                __malloc_current_mallinfo
 .bss           0x000000000008fb4c        0x0 /home/soc/intelFPGA_lite/18.1/nios2eds/bin/gnu/H-x86_64-pc-linux-gnu/bin/../lib/gcc/nios2-elf/5.3.0/../../../../../H-x86_64-pc-linux-gnu/nios2-elf/lib/libc.a(lib_a-memchr.o)
 .bss           0x000000000008fb4c        0x0 /home/soc/intelFPGA_lite/18.1/nios2eds/bin/gnu/H-x86_64-pc-linux-gnu/bin/../lib/gcc/nios2-elf/5.3.0/../../../../../H-x86_64-pc-linux-gnu/nios2-elf/lib/libc.a(lib_a-memcpy.o)
 .bss           0x000000000008fb4c        0x0 /home/soc/intelFPGA_lite/18.1/nios2eds/bin/gnu/H-x86_64-pc-linux-gnu/bin/../lib/gcc/nios2-elf/5.3.0/../../../../../H-x86_64-pc-linux-gnu/nios2-elf/lib/libc.a(lib_a-memset.o)
 .bss           0x000000000008fb4c        0x0 /home/soc/intelFPGA_lite/18.1/nios2eds/bin/gnu/H-x86_64-pc-linux-gnu/bin/../lib/gcc/nios2-elf/5.3.0/../../../../../H-x86_64-pc-linux-gnu/nios2-elf/lib/libc.a(lib_a-mprec.o)
 .bss           0x000000000008fb4c        0x0 /home/soc/intelFPGA_lite/18.1/nios2eds/bin/gnu/H-x86_64-pc-linux-gnu/bin/../lib/gcc/nios2-elf/5.3.0/../../../../../H-x86_64-pc-linux-gnu/nios2-elf/lib/libc.a(lib_a-s_fpclassify.o)
 .bss           0x000000000008fb4c        0x0 /home/soc/intelFPGA_lite/18.1/nios2eds/bin/gnu/H-x86_64-pc-linux-gnu/bin/../lib/gcc/nios2-elf/5.3.0/../../../../../H-x86_64-pc-linux-gnu/nios2-elf/lib/libc.a(lib_a-sbrkr.o)
 .bss           0x000000000008fb4c        0x0 /home/soc/intelFPGA_lite/18.1/nios2eds/bin/gnu/H-x86_64-pc-linux-gnu/bin/../lib/gcc/nios2-elf/5.3.0/../../../../../H-x86_64-pc-linux-gnu/nios2-elf/lib/libc.a(lib_a-stdio.o)
 .bss           0x000000000008fb4c        0x0 /home/soc/intelFPGA_lite/18.1/nios2eds/bin/gnu/H-x86_64-pc-linux-gnu/bin/../lib/gcc/nios2-elf/5.3.0/../../../../../H-x86_64-pc-linux-gnu/nios2-elf/lib/libc.a(lib_a-strcmp.o)
 .bss           0x000000000008fb4c        0x0 /home/soc/intelFPGA_lite/18.1/nios2eds/bin/gnu/H-x86_64-pc-linux-gnu/bin/../lib/gcc/nios2-elf/5.3.0/../../../../../H-x86_64-pc-linux-gnu/nios2-elf/lib/libc.a(lib_a-strlen.o)
 .bss           0x000000000008fb4c        0x0 /home/soc/intelFPGA_lite/18.1/nios2eds/bin/gnu/H-x86_64-pc-linux-gnu/bin/../lib/gcc/nios2-elf/5.3.0/../../../../../H-x86_64-pc-linux-gnu/nios2-elf/lib/libc.a(lib_a-vfiprintf.o)
 .bss           0x000000000008fb4c        0x0 /home/soc/intelFPGA_lite/18.1/nios2eds/bin/gnu/H-x86_64-pc-linux-gnu/bin/../lib/gcc/nios2-elf/5.3.0/../../../../../H-x86_64-pc-linux-gnu/nios2-elf/lib/libc.a(lib_a-writer.o)
 .bss           0x000000000008fb4c        0x0 /home/soc/intelFPGA_lite/18.1/nios2eds/bin/gnu/H-x86_64-pc-linux-gnu/bin/../lib/gcc/nios2-elf/5.3.0/../../../../../H-x86_64-pc-linux-gnu/nios2-elf/lib/libc.a(closer.o)
 .bss           0x000000000008fb4c        0x0 /home/soc/intelFPGA_lite/18.1/nios2eds/bin/gnu/H-x86_64-pc-linux-gnu/bin/../lib/gcc/nios2-elf/5.3.0/../../../../../H-x86_64-pc-linux-gnu/nios2-elf/lib/libc.a(lib_a-callocr.o)
 .bss           0x000000000008fb4c        0x0 /home/soc/intelFPGA_lite/18.1/nios2eds/bin/gnu/H-x86_64-pc-linux-gnu/bin/../lib/gcc/nios2-elf/5.3.0/../../../../../H-x86_64-pc-linux-gnu/nios2-elf/lib/libc.a(lib_a-fclose.o)
 .bss           0x000000000008fb4c        0x0 /home/soc/intelFPGA_lite/18.1/nios2eds/bin/gnu/H-x86_64-pc-linux-gnu/bin/../lib/gcc/nios2-elf/5.3.0/../../../../../H-x86_64-pc-linux-gnu/nios2-elf/lib/libc.a(lib_a-fputwc.o)
 .bss           0x000000000008fb4c        0x0 /home/soc/intelFPGA_lite/18.1/nios2eds/bin/gnu/H-x86_64-pc-linux-gnu/bin/../lib/gcc/nios2-elf/5.3.0/../../../../../H-x86_64-pc-linux-gnu/nios2-elf/lib/libc.a(lib_a-fstatr.o)
 .bss           0x000000000008fb4c        0x0 /home/soc/intelFPGA_lite/18.1/nios2eds/bin/gnu/H-x86_64-pc-linux-gnu/bin/../lib/gcc/nios2-elf/5.3.0/../../../../../H-x86_64-pc-linux-gnu/nios2-elf/lib/libc.a(lib_a-fvwrite.o)
 .bss           0x000000000008fb4c        0x0 /home/soc/intelFPGA_lite/18.1/nios2eds/bin/gnu/H-x86_64-pc-linux-gnu/bin/../lib/gcc/nios2-elf/5.3.0/../../../../../H-x86_64-pc-linux-gnu/nios2-elf/lib/libc.a(lib_a-int_errno.o)
 .bss           0x000000000008fb4c        0x0 /home/soc/intelFPGA_lite/18.1/nios2eds/bin/gnu/H-x86_64-pc-linux-gnu/bin/../lib/gcc/nios2-elf/5.3.0/../../../../../H-x86_64-pc-linux-gnu/nios2-elf/lib/libc.a(lib_a-isattyr.o)
 .bss           0x000000000008fb4c        0x0 /home/soc/intelFPGA_lite/18.1/nios2eds/bin/gnu/H-x86_64-pc-linux-gnu/bin/../lib/gcc/nios2-elf/5.3.0/../../../../../H-x86_64-pc-linux-gnu/nios2-elf/lib/libc.a(lib_a-lseekr.o)
 .bss           0x000000000008fb4c        0x0 /home/soc/intelFPGA_lite/18.1/nios2eds/bin/gnu/H-x86_64-pc-linux-gnu/bin/../lib/gcc/nios2-elf/5.3.0/../../../../../H-x86_64-pc-linux-gnu/nios2-elf/lib/libc.a(lib_a-memmove.o)
 .bss           0x000000000008fb4c        0x0 /home/soc/intelFPGA_lite/18.1/nios2eds/bin/gnu/H-x86_64-pc-linux-gnu/bin/../lib/gcc/nios2-elf/5.3.0/../../../../../H-x86_64-pc-linux-gnu/nios2-elf/lib/libc.a(lib_a-readr.o)
 .bss           0x000000000008fb4c        0x0 /home/soc/intelFPGA_lite/18.1/nios2eds/bin/gnu/H-x86_64-pc-linux-gnu/bin/../lib/gcc/nios2-elf/5.3.0/../../../../../H-x86_64-pc-linux-gnu/nios2-elf/lib/libc.a(lib_a-reallocr.o)
 .bss           0x000000000008fb4c        0x0 /home/soc/intelFPGA_lite/18.1/nios2eds/bin/gnu/H-x86_64-pc-linux-gnu/bin/../lib/gcc/nios2-elf/5.3.0/../../../../../H-x86_64-pc-linux-gnu/nios2-elf/lib/libc.a(lib_a-wbuf.o)
 .bss           0x000000000008fb4c        0x0 /home/soc/intelFPGA_lite/18.1/nios2eds/bin/gnu/H-x86_64-pc-linux-gnu/bin/../lib/gcc/nios2-elf/5.3.0/../../../../../H-x86_64-pc-linux-gnu/nios2-elf/lib/libc.a(lib_a-wcrtomb.o)
 .bss           0x000000000008fb4c        0x0 /home/soc/intelFPGA_lite/18.1/nios2eds/bin/gnu/H-x86_64-pc-linux-gnu/bin/../lib/gcc/nios2-elf/5.3.0/../../../../../H-x86_64-pc-linux-gnu/nios2-elf/lib/libc.a(lib_a-wctomb_r.o)
 .bss           0x000000000008fb4c        0x0 /home/soc/intelFPGA_lite/18.1/nios2eds/bin/gnu/H-x86_64-pc-linux-gnu/bin/../lib/gcc/nios2-elf/5.3.0/libgcc.a(_udivdi3.o)
 .bss           0x000000000008fb4c        0x0 /home/soc/intelFPGA_lite/18.1/nios2eds/bin/gnu/H-x86_64-pc-linux-gnu/bin/../lib/gcc/nios2-elf/5.3.0/libgcc.a(_umoddi3.o)
 .bss           0x000000000008fb4c        0x0 /home/soc/intelFPGA_lite/18.1/nios2eds/bin/gnu/H-x86_64-pc-linux-gnu/bin/../lib/gcc/nios2-elf/5.3.0/libgcc.a(lib2-divmod.o)
 .bss           0x000000000008fb4c        0x0 /home/soc/intelFPGA_lite/18.1/nios2eds/bin/gnu/H-x86_64-pc-linux-gnu/bin/../lib/gcc/nios2-elf/5.3.0/libgcc.a(adddf3.o)
 .bss           0x000000000008fb4c        0x0 /home/soc/intelFPGA_lite/18.1/nios2eds/bin/gnu/H-x86_64-pc-linux-gnu/bin/../lib/gcc/nios2-elf/5.3.0/libgcc.a(divdf3.o)
 .bss           0x000000000008fb4c        0x0 /home/soc/intelFPGA_lite/18.1/nios2eds/bin/gnu/H-x86_64-pc-linux-gnu/bin/../lib/gcc/nios2-elf/5.3.0/libgcc.a(eqdf2.o)
 .bss           0x000000000008fb4c        0x0 /home/soc/intelFPGA_lite/18.1/nios2eds/bin/gnu/H-x86_64-pc-linux-gnu/bin/../lib/gcc/nios2-elf/5.3.0/libgcc.a(gedf2.o)
 .bss           0x000000000008fb4c        0x0 /home/soc/intelFPGA_lite/18.1/nios2eds/bin/gnu/H-x86_64-pc-linux-gnu/bin/../lib/gcc/nios2-elf/5.3.0/libgcc.a(ledf2.o)
 .bss           0x000000000008fb4c        0x0 /home/soc/intelFPGA_lite/18.1/nios2eds/bin/gnu/H-x86_64-pc-linux-gnu/bin/../lib/gcc/nios2-elf/5.3.0/libgcc.a(muldf3.o)
 .bss           0x000000000008fb4c        0x0 /home/soc/intelFPGA_lite/18.1/nios2eds/bin/gnu/H-x86_64-pc-linux-gnu/bin/../lib/gcc/nios2-elf/5.3.0/libgcc.a(subdf3.o)
 .bss           0x000000000008fb4c        0x0 /home/soc/intelFPGA_lite/18.1/nios2eds/bin/gnu/H-x86_64-pc-linux-gnu/bin/../lib/gcc/nios2-elf/5.3.0/libgcc.a(fixdfsi.o)
 .bss           0x000000000008fb4c        0x0 /home/soc/intelFPGA_lite/18.1/nios2eds/bin/gnu/H-x86_64-pc-linux-gnu/bin/../lib/gcc/nios2-elf/5.3.0/libgcc.a(floatsidf.o)
 .bss           0x000000000008fb4c        0x0 /home/soc/intelFPGA_lite/18.1/nios2eds/bin/gnu/H-x86_64-pc-linux-gnu/bin/../lib/gcc/nios2-elf/5.3.0/libgcc.a(floatunsidf.o)
 .bss           0x000000000008fb4c        0x0 /home/soc/intelFPGA_lite/18.1/nios2eds/bin/gnu/H-x86_64-pc-linux-gnu/bin/../lib/gcc/nios2-elf/5.3.0/libgcc.a(_clz.o)
 .bss           0x000000000008fb4c        0x0 /home/soc/intelFPGA_lite/18.1/nios2eds/bin/gnu/H-x86_64-pc-linux-gnu/bin/../lib/gcc/nios2-elf/5.3.0/libgcc.a(_clzsi2.o)
 .bss           0x000000000008fb4c        0x0 ../Parte2_bsp//libhal_bsp.a(alt_close.o)
 .bss           0x000000000008fb4c        0x0 ../Parte2_bsp//libhal_bsp.a(alt_dcache_flush_all.o)
 .bss           0x000000000008fb4c        0x0 ../Parte2_bsp//libhal_bsp.a(alt_dev.o)
 .bss           0x000000000008fb4c        0x0 ../Parte2_bsp//libhal_bsp.a(alt_errno.o)
 .bss           0x000000000008fb4c        0x0 ../Parte2_bsp//libhal_bsp.a(alt_fstat.o)
 .bss           0x000000000008fb4c        0x0 ../Parte2_bsp//libhal_bsp.a(alt_isatty.o)
 .bss           0x000000000008fb4c        0x0 ../Parte2_bsp//libhal_bsp.a(alt_load.o)
 .bss           0x000000000008fb4c        0x0 ../Parte2_bsp//libhal_bsp.a(alt_lseek.o)
 .bss           0x000000000008fb4c        0x0 ../Parte2_bsp//libhal_bsp.a(alt_main.o)
 .bss           0x000000000008fb4c        0x0 ../Parte2_bsp//libhal_bsp.a(alt_malloc_lock.o)
 .bss           0x000000000008fb4c        0x0 ../Parte2_bsp//libhal_bsp.a(alt_read.o)
 .bss           0x000000000008fb4c        0x0 ../Parte2_bsp//libhal_bsp.a(alt_release_fd.o)
 .bss           0x000000000008fb4c        0x0 ../Parte2_bsp//libhal_bsp.a(alt_sbrk.o)
 .bss           0x000000000008fb4c        0x0 ../Parte2_bsp//libhal_bsp.a(alt_write.o)
 .bss           0x000000000008fb4c        0x0 ../Parte2_bsp//libhal_bsp.a(alt_sys_init.o)
 .bss           0x000000000008fb4c        0x0 ../Parte2_bsp//libhal_bsp.a(altera_avalon_jtag_uart_fd.o)
 .bss           0x000000000008fb4c        0x0 ../Parte2_bsp//libhal_bsp.a(altera_avalon_jtag_uart_read.o)
 .bss           0x000000000008fb4c        0x0 ../Parte2_bsp//libhal_bsp.a(altera_avalon_jtag_uart_write.o)
 .bss           0x000000000008fb4c        0x0 ../Parte2_bsp//libhal_bsp.a(alt_dev_llist_insert.o)
 .bss           0x000000000008fb4c        0x0 ../Parte2_bsp//libhal_bsp.a(alt_do_ctors.o)
 .bss           0x000000000008fb4c        0x0 ../Parte2_bsp//libhal_bsp.a(alt_do_dtors.o)
 .bss           0x000000000008fb4c        0x0 ../Parte2_bsp//libhal_bsp.a(alt_icache_flush_all.o)
 .bss           0x000000000008fb4c        0x0 ../Parte2_bsp//libhal_bsp.a(alt_io_redirect.o)
 .bss           0x000000000008fb4c        0x0 ../Parte2_bsp//libhal_bsp.a(alt_open.o)
 .bss           0x000000000008fb4c        0x0 ../Parte2_bsp//libhal_bsp.a(altera_nios2_gen2_irq.o)
 .bss           0x000000000008fb4c        0x0 ../Parte2_bsp//libhal_bsp.a(alt_find_dev.o)
 .bss           0x000000000008fb4c        0x0 ../Parte2_bsp//libhal_bsp.a(alt_find_file.o)
 .bss           0x000000000008fb4c        0x0 ../Parte2_bsp//libhal_bsp.a(alt_get_fd.o)
 .bss           0x000000000008fb4c        0x0 ../Parte2_bsp//libhal_bsp.a(alt_icache_flush.o)