Archive member included to satisfy reference by file (symbol)

/home/soc/intelFPGA_lite/18.1/nios2eds/bin/gnu/H-x86_64-pc-linux-gnu/bin/../lib/gcc/nios2-elf/5.3.0/libgcc.a(lib2-divmod.o)
                              obj/default/main.o (__modsi3)
/home/soc/intelFPGA_lite/18.1/nios2eds/bin/gnu/H-x86_64-pc-linux-gnu/bin/../lib/gcc/nios2-elf/5.3.0/libgcc.a(adddf3.o)
                              obj/default/main.o (__adddf3)
/home/soc/intelFPGA_lite/18.1/nios2eds/bin/gnu/H-x86_64-pc-linux-gnu/bin/../lib/gcc/nios2-elf/5.3.0/libgcc.a(ledf2.o)
                              obj/default/main.o (__ltdf2)
/home/soc/intelFPGA_lite/18.1/nios2eds/bin/gnu/H-x86_64-pc-linux-gnu/bin/../lib/gcc/nios2-elf/5.3.0/libgcc.a(muldf3.o)
                              obj/default/main.o (__muldf3)
/home/soc/intelFPGA_lite/18.1/nios2eds/bin/gnu/H-x86_64-pc-linux-gnu/bin/../lib/gcc/nios2-elf/5.3.0/libgcc.a(subdf3.o)
                              obj/default/main.o (__subdf3)
/home/soc/intelFPGA_lite/18.1/nios2eds/bin/gnu/H-x86_64-pc-linux-gnu/bin/../lib/gcc/nios2-elf/5.3.0/libgcc.a(floatsidf.o)
                              obj/default/main.o (__floatsidf)
/home/soc/intelFPGA_lite/18.1/nios2eds/bin/gnu/H-x86_64-pc-linux-gnu/bin/../lib/gcc/nios2-elf/5.3.0/libgcc.a(_clzsi2.o)
                              /home/soc/intelFPGA_lite/18.1/nios2eds/bin/gnu/H-x86_64-pc-linux-gnu/bin/../lib/gcc/nios2-elf/5.3.0/libgcc.a(adddf3.o) (__clzsi2)
/home/soc/intelFPGA_lite/18.1/nios2eds/bin/gnu/H-x86_64-pc-linux-gnu/bin/../lib/gcc/nios2-elf/5.3.0/libgcc.a(_clz.o)
                              /home/soc/intelFPGA_lite/18.1/nios2eds/bin/gnu/H-x86_64-pc-linux-gnu/bin/../lib/gcc/nios2-elf/5.3.0/libgcc.a(_clzsi2.o) (__clz_tab)
/home/soc/intelFPGA_lite/18.1/nios2eds/bin/gnu/H-x86_64-pc-linux-gnu/bin/../lib/gcc/nios2-elf/5.3.0/../../../../../H-x86_64-pc-linux-gnu/nios2-elf/lib/libc.a(lib_a-memcpy.o)
                              obj/default/main.o (memcpy)
/home/soc/intelFPGA_lite/18.1/nios2eds/bin/gnu/H-x86_64-pc-linux-gnu/bin/../lib/gcc/nios2-elf/5.3.0/../../../../../H-x86_64-pc-linux-gnu/nios2-elf/lib/libc.a(lib_a-memmove.o)
                              obj/default/main.o (memmove)
/home/soc/intelFPGA_lite/18.1/nios2eds/bin/gnu/H-x86_64-pc-linux-gnu/bin/../lib/gcc/nios2-elf/5.3.0/../../../../../H-x86_64-pc-linux-gnu/nios2-elf/lib/libc.a(lib_a-printf.o)
                              obj/default/debug.o (printf)
/home/soc/intelFPGA_lite/18.1/nios2eds/bin/gnu/H-x86_64-pc-linux-gnu/bin/../lib/gcc/nios2-elf/5.3.0/../../../../../H-x86_64-pc-linux-gnu/nios2-elf/lib/libc.a(lib_a-puts.o)
                              obj/default/main.o (puts)
/home/soc/intelFPGA_lite/18.1/nios2eds/bin/gnu/H-x86_64-pc-linux-gnu/bin/../lib/gcc/nios2-elf/5.3.0/../../../../../H-x86_64-pc-linux-gnu/nios2-elf/lib/libc.a(lib_a-sprintf.o)
                              obj/default/debug.o (sprintf)
/home/soc/intelFPGA_lite/18.1/nios2eds/bin/gnu/H-x86_64-pc-linux-gnu/bin/../lib/gcc/nios2-elf/5.3.0/../../../../../H-x86_64-pc-linux-gnu/nios2-elf/lib/libc.a(lib_a-strlen.o)
                              /home/soc/intelFPGA_lite/18.1/nios2eds/bin/gnu/H-x86_64-pc-linux-gnu/bin/../lib/gcc/nios2-elf/5.3.0/../../../../../H-x86_64-pc-linux-gnu/nios2-elf/lib/libc.a(lib_a-puts.o) (strlen)
/home/soc/intelFPGA_lite/18.1/nios2eds/bin/gnu/H-x86_64-pc-linux-gnu/bin/../lib/gcc/nios2-elf/5.3.0/../../../../../H-x86_64-pc-linux-gnu/nios2-elf/lib/libc.a(lib_a-svfprintf.o)
                              /home/soc/intelFPGA_lite/18.1/nios2eds/bin/gnu/H-x86_64-pc-linux-gnu/bin/../lib/gcc/nios2-elf/5.3.0/../../../../../H-x86_64-pc-linux-gnu/nios2-elf/lib/libc.a(lib_a-sprintf.o) (___svfprintf_internal_r)
/home/soc/intelFPGA_lite/18.1/nios2eds/bin/gnu/H-x86_64-pc-linux-gnu/bin/../lib/gcc/nios2-elf/5.3.0/../../../../../H-x86_64-pc-linux-gnu/nios2-elf/lib/libc.a(lib_a-vfprintf.o)
                              /home/soc/intelFPGA_lite/18.1/nios2eds/bin/gnu/H-x86_64-pc-linux-gnu/bin/../lib/gcc/nios2-elf/5.3.0/../../../../../H-x86_64-pc-linux-gnu/nios2-elf/lib/libc.a(lib_a-printf.o) (___vfprintf_internal_r)
/home/soc/intelFPGA_lite/18.1/nios2eds/bin/gnu/H-x86_64-pc-linux-gnu/bin/../lib/gcc/nios2-elf/5.3.0/../../../../../H-x86_64-pc-linux-gnu/nios2-elf/lib/libc.a(lib_a-vsnprintf.o)
                              obj/default/debug.o (vsnprintf)
/home/soc/intelFPGA_lite/18.1/nios2eds/bin/gnu/H-x86_64-pc-linux-gnu/bin/../lib/gcc/nios2-elf/5.3.0/../../../../../H-x86_64-pc-linux-gnu/nios2-elf/lib/libc.a(lib_a-wsetup.o)
                              /home/soc/intelFPGA_lite/18.1/nios2eds/bin/gnu/H-x86_64-pc-linux-gnu/bin/../lib/gcc/nios2-elf/5.3.0/../../../../../H-x86_64-pc-linux-gnu/nios2-elf/lib/libc.a(lib_a-vfprintf.o) (__swsetup_r)
/home/soc/intelFPGA_lite/18.1/nios2eds/bin/gnu/H-x86_64-pc-linux-gnu/bin/../lib/gcc/nios2-elf/5.3.0/../../../../../H-x86_64-pc-linux-gnu/nios2-elf/lib/libc.a(lib_a-dtoa.o)
[...]
Memory Configuration

Name             Origin             Length             Attributes
sdram            0x0000000000000000 0x0000000004000000
reset            0x0000000005080000 0x0000000000000020
onchip_memory2   0x0000000005080020 0x000000000004e1e0
*default*        0x0000000000000000 0xffffffffffffffff

Linker script and memory map

LOAD ../DE10_Standard_Audio_bsp//obj/HAL/src/crt0.o
LOAD obj/default/AUDIO.o
LOAD obj/default/I2C.o
LOAD obj/default/LED.o
LOAD obj/default/SEG7.o
LOAD obj/default/debug.o
LOAD obj/default/main.o
LOAD /home/soc/intelFPGA_lite/18.1/nios2eds/bin/gnu/H-x86_64-pc-linux-gnu/bin/../lib/gcc/nios2-elf/5.3.0/../../../../../H-x86_64-pc-linux-gnu/nios2-elf/lib/libstdc++.a
LOAD /home/soc/intelFPGA_lite/18.1/nios2eds/bin/gnu/H-x86_64-pc-linux-gnu/bin/../lib/gcc/nios2-elf/5.3.0/../../../../../H-x86_64-pc-linux-gnu/nios2-elf/lib/libm.a
LOAD /home/soc/intelFPGA_lite/18.1/nios2eds/bin/gnu/H-x86_64-pc-linux-gnu/bin/../lib/gcc/nios2-elf/5.3.0/libgcc.a
START GROUP
LOAD /home/soc/intelFPGA_lite/18.1/nios2eds/bin/gnu/H-x86_64-pc-linux-gnu/bin/../lib/gcc/nios2-elf/5.3.0/../../../../../H-x86_64-pc-linux-gnu/nios2-elf/lib/libc.a
LOAD /home/soc/intelFPGA_lite/18.1/nios2eds/bin/gnu/H-x86_64-pc-linux-gnu/bin/../lib/gcc/nios2-elf/5.3.0/libgcc.a
LOAD ../DE10_Standard_Audio_bsp//libhal_bsp.a
LOAD /home/soc/intelFPGA_lite/18.1/nios2eds/bin/gnu/H-x86_64-pc-linux-gnu/bin/../lib/gcc/nios2-elf/5.3.0/../../../../../H-x86_64-pc-linux-gnu/nios2-elf/lib/libm.a
END GROUP
LOAD /home/soc/intelFPGA_lite/18.1/nios2eds/bin/gnu/H-x86_64-pc-linux-gnu/bin/../lib/gcc/nios2-elf/5.3.0/libgcc.a
                0x0000000000000000                __alt_mem_sdram = 0x0
                0x0000000005080000                __alt_mem_onchip_memory2 = 0x5080000

.entry          0x0000000005080000       0x20
 *(.entry)
 .entry         0x0000000005080000       0x20 ../DE10_Standard_Audio_bsp//obj/HAL/src/crt0.o
                0x0000000005080000                __reset

.exceptions     0x0000000005080020      0x224
                0x0000000005080020                PROVIDE (__ram_exceptions_start, ABSOLUTE (.))
                0x0000000005080020                . = ALIGN (0x20)
 *(.irq)
 *(.exceptions.entry.label)
 .exceptions.entry.label
                0x0000000005080020        0x0 ../DE10_Standard_Audio_bsp//libhal_bsp.a(alt_irq_entry.o)
                0x0000000005080020                alt_irq_entry
 .exceptions.entry.label
                0x0000000005080020        0x0 ../DE10_Standard_Audio_bsp//libhal_bsp.a(alt_exception_entry.o)
                0x0000000005080020                alt_exception
 *(.exceptions.entry.user)
 *(.exceptions.entry.ecc_fatal)
 *(.exceptions.entry)
 .exceptions.entry
                0x0000000005080020       0x54 ../DE10_Standard_Audio_bsp//libhal_bsp.a(alt_exception_entry.o)
 *(.exceptions.irqtest.user)
 *(.exceptions.irqtest)
 .exceptions.irqtest
                0x0000000005080074       0x10 ../DE10_Standard_Audio_bsp//libhal_bsp.a(alt_irq_entry.o)
 *(.exceptions.irqhandler.user)
 *(.exceptions.irqhandler)
 .exceptions.irqhandler
                0x0000000005080084        0x4 ../DE10_Standard_Audio_bsp//libhal_bsp.a(alt_irq_entry.o)
 *(.exceptions.irqreturn.user)
 *(.exceptions.irqreturn)
 .exceptions.irqreturn
                0x0000000005080088        0x4 ../DE10_Standard_Audio_bsp//libhal_bsp.a(alt_irq_entry.o)
 *(.exceptions.notirq.label)
 .exceptions.notirq.label
                0x000000000508008c        0x0 ../DE10_Standard_Audio_bsp//libhal_bsp.a(alt_irq_entry.o)
 *(.exceptions.notirq.user)
 *(.exceptions.notirq)
 .exceptions.notirq
                0x000000000508008c        0x8 ../DE10_Standard_Audio_bsp//libhal_bsp.a(alt_exception_entry.o)
 *(.exceptions.soft.user)
 *(.exceptions.soft)
 *(.exceptions.unknown.user)
 *(.exceptions.unknown)
 .exceptions.unknown
                0x0000000005080094       0x14 ../DE10_Standard_Audio_bsp//libhal_bsp.a(alt_exception_entry.o)
 *(.exceptions.exit.label)
 .exceptions.exit.label
                0x00000000050800a8        0x0 ../DE10_Standard_Audio_bsp//libhal_bsp.a(alt_irq_entry.o)
 .exceptions.exit.label
                0x00000000050800a8        0x0 ../DE10_Standard_Audio_bsp//libhal_bsp.a(alt_exception_entry.o)
 *(.exceptions.exit.user)
 *(.exceptions.exit)
 .exceptions.exit
                0x00000000050800a8       0x54 ../DE10_Standard_Audio_bsp//libhal_bsp.a(alt_exception_entry.o)
 *(.exceptions)
 .exceptions    0x00000000050800fc       0xd4 ../DE10_Standard_Audio_bsp//libhal_bsp.a(alt_irq_handler.o)
                0x00000000050800fc                alt_irq_handler
 .exceptions    0x00000000050801d0       0x74 ../DE10_Standard_Audio_bsp//libhal_bsp.a(alt_instruction_exception_entry.o)
                0x00000000050801d0                alt_instruction_exception_entry
                0x0000000005080244                PROVIDE (__ram_exceptions_end, ABSOLUTE (.))
                0x0000000005080020                PROVIDE (__flash_exceptions_start, LOADADDR (.exceptions))

.text           0x0000000005080244    0x15a1c
                [!provide]                        PROVIDE (stext, ABSOLUTE (.))
 *(.interp)
 *(.hash)
 *(.dynsym)
 *(.dynstr)
 *(.gnu.version)
 *(.gnu.version_d)
 *(.gnu.version_r)
 *(.rel.init)
 *(.rela.init)
 *(.rel.text .rel.text.* .rel.gnu.linkonce.t.*)
 *(.rela.text .rela.text.* .rela.gnu.linkonce.t.*)
 *(.rel.fini)
 *(.rela.fini)
 *(.rel.rodata .rel.rodata.* .rel.gnu.linkonce.r.*)
 *(.rela.rodata .rela.rodata.* .rela.gnu.linkonce.r.*)
 *(.rel.data .rel.data.* .rel.gnu.linkonce.d.*)
 *(.rela.data .rela.data.* .rela.gnu.linkonce.d.*)
 *(.rel.tdata .rel.tdata.* .rel.gnu.linkonce.td.*)
 *(.rela.tdata .rela.tdata.* .rela.gnu.linkonce.td.*)
 *(.rel.tbss .rel.tbss.* .rel.gnu.linkonce.tb.*)
 *(.rela.tbss .rela.tbss.* .rela.gnu.linkonce.tb.*)
 *(.rel.ctors)
 *(.rela.ctors)
 *(.rel.dtors)
 *(.rela.dtors)
 *(.rel.got)
 *(.rela.got)
 *(.rel.sdata .rel.sdata.* .rel.gnu.linkonce.s.*)
 *(.rela.sdata .rela.sdata.* .rela.gnu.linkonce.s.*)
 *(.rel.sbss .rel.sbss.* .rel.gnu.linkonce.sb.*)
 *(.rela.sbss .rela.sbss.* .rela.gnu.linkonce.sb.*)
 *(.rel.sdata2 .rel.sdata2.* .rel.gnu.linkonce.s2.*)
 *(.rela.sdata2 .rela.sdata2.* .rela.gnu.linkonce.s2.*)
 *(.rel.sbss2 .rel.sbss2.* .rel.gnu.linkonce.sb2.*)
 *(.rela.sbss2 .rela.sbss2.* .rela.gnu.linkonce.sb2.*)
 *(.rel.bss .rel.bss.* .rel.gnu.linkonce.b.*)
 *(.rela.bss .rela.bss.* .rela.gnu.linkonce.b.*)
 *(.rel.plt)
 *(.rela.plt)
 *(.rel.dyn)
 *(.init)
 *(.plt)
 *(.text .stub .text.* .gnu.linkonce.t.*)
 .text          0x0000000005080244       0x4c ../DE10_Standard_Audio_bsp//obj/HAL/src/crt0.o
                0x0000000005080244                _start
 .text          0x0000000005080290      0xd40 obj/default/AUDIO.o
                0x0000000005080290                AUDIO_Init
                0x0000000005080418                AUDIO_InterfaceActive
                0x0000000005080460                AUDIO_MicBoost
                0x00000000050804d8                AUDIO_AdcEnableHighPassFilter
                0x0000000005080550                AUDIO_DacDeemphasisControl
                0x0000000005080600                AUDIO_DacEnableZeroCross
                0x00000000050806e0                AUDIO_DacEnableSoftMute
                0x000000000508076c                AUDIO_MicMute
                0x00000000050807f8                AUDIO_LineInMute
                0x00000000050808d8                AUDIO_SetInputSource
                0x0000000005080968                AUDIO_SetSampleRate
                0x0000000005080a4c                AUDIO_SetLineInVol
                0x0000000005080b60                AUDIO_SetLineOutVol
                0x0000000005080c74                AUDIO_EnableByPass
                0x0000000005080d00                AUDIO_EnableSiteTone
                0x0000000005080d8c                aduio_RegWrite
                0x0000000005080e80                AUDIO_DacFifoNotFull
                0x0000000005080ebc                AUDIO_DacFifoSetData
                0x0000000005080f0c                AUDIO_AdcFifoNotEmpty
                0x0000000005080f48                AUDIO_AdcFifoGetData
                0x0000000005080fa0                AUDIO_FifoClear
 .text          0x0000000005080fd0      0x728 obj/default/I2C.o
                0x0000000005080fd0                I2C_Write
                0x00000000050810cc                I2C_Read
                0x00000000050811f0                I2C_MultipleRead
                0x000000000508136c                i2c_start
                0x00000000050813f8                i2c_stop
                0x0000000005081470                i2c_write
                0x00000000050815a0                i2c_read
 .text          0x00000000050816f8      0x110 obj/default/LED.o
                0x00000000050816f8                LED_Display
                0x0000000005081734                LED_AllOn
                0x0000000005081764                LED_AllOff
                0x0000000005081794                LED_LightCount
 .text          0x0000000005081808      0x2f0 obj/default/SEG7.o
                0x0000000005081808                SEG7_Clear
                0x0000000005081868                SEG7_Full
                0x00000000050818c8                SEG7_Number
                0x000000000508193c                SEG7_Hex
                0x0000000005081a0c                SEG7_Decimal
 .text          0x0000000005081af8      0x1b8 obj/default/debug.o
                0x0000000005081af8                debug_output
                0x0000000005081b2c                myprintf
                0x0000000005081b98                myprintf_hex_array
                0x0000000005081c20                myprintf_dword_array
 .text          0x0000000005081cb0     0x140c obj/default/main.o
                0x0000000005081cb0                ui_is_mic_record
                0x0000000005081cec                ui_is_mic_boost
                0x0000000005081d28                ui_is_dac_zero_cross
                0x0000000005081d64                ui_get_sample_rate
                0x0000000005081e0c                button_monitor_isr
                0x0000000005081e70                button_monitor_start
                0x0000000005081ef4                init_audio
                0x000000000508207c                display_time_elapsed
                0x00000000050820d0                show_power
                0x0000000005082168                init
                0x00000000050821c0                dump_record_data
                0x00000000050822d0                show_menu
                0x0000000005082334                main
 .text          0x00000000050830bc      0x1b4 /home/soc/intelFPGA_lite/18.1/nios2eds/bin/gnu/H-x86_64-pc-linux-gnu/bin/../lib/gcc/nios2-elf/5.3.0/libgcc.a(lib2-divmod.o)
                0x00000000050830bc                __divsi3
                0x0000000005083140                __modsi3
                0x00000000050831b4                __udivsi3
                0x0000000005083218                __umodsi3
 .text          0x0000000005083270      0x8ac /home/soc/intelFPGA_lite/18.1/nios2eds/bin/gnu/H-x86_64-pc-linux-gnu/bin/../lib/gcc/nios2-elf/5.3.0/libgcc.a(adddf3.o)
                0x0000000005083270                __adddf3
 .text          0x0000000005083b1c       0xf4 /home/soc/intelFPGA_lite/18.1/nios2eds/bin/gnu/H-x86_64-pc-linux-gnu/bin/../lib/gcc/nios2-elf/5.3.0/libgcc.a(ledf2.o)
                0x0000000005083b1c                __ltdf2
                0x0000000005083b1c                __ledf2
 .text          0x0000000005083c10      0x718 /home/soc/intelFPGA_lite/18.1/nios2eds/bin/gnu/H-x86_64-pc-linux-gnu/bin/../lib/gcc/nios2-elf/5.3.0/libgcc.a(muldf3.o)
                0x0000000005083c10                __muldf3
 .text          0x0000000005084328      0x8fc /home/soc/intelFPGA_lite/18.1/nios2eds/bin/gnu/H-x86_64-pc-linux-gnu/bin/../lib/gcc/nios2-elf/5.3.0/libgcc.a(subdf3.o)
                0x0000000005084328                __subdf3
 .text          0x0000000005084c24       0xdc /home/soc/intelFPGA_lite/18.1/nios2eds/bin/gnu/H-x86_64-pc-linux-gnu/bin/../lib/gcc/nios2-elf/5.3.0/libgcc.a(floatsidf.o)
                0x0000000005084c24                __floatsidf
 .text          0x0000000005084d00       0x64 /home/soc/intelFPGA_lite/18.1/nios2eds/bin/gnu/H-x86_64-pc-linux-gnu/bin/../lib/gcc/nios2-elf/5.3.0/libgcc.a(_clzsi2.o)
                0x0000000005084d00                __clzsi2
 .text          0x0000000005084d64        0x0 /home/soc/intelFPGA_lite/18.1/nios2eds/bin/gnu/H-x86_64-pc-linux-gnu/bin/../lib/gcc/nios2-elf/5.3.0/libgcc.a(_clz.o)
 .text          0x0000000005084d64        0x0 /home/soc/intelFPGA_lite/18.1/nios2eds/bin/gnu/H-x86_64-pc-linux-gnu/bin/../lib/gcc/nios2-elf/5.3.0/../../../../../H-x86_64-pc-linux-gnu/nios2-elf/lib/libc.a(lib_a-memcpy.o)
 .text.memcpy   0x0000000005084d64      0x148 /home/soc/intelFPGA_lite/18.1/nios2eds/bin/gnu/H-x86_64-pc-linux-gnu/bin/../lib/gcc/nios2-elf/5.3.0/../../../../../H-x86_64-pc-linux-gnu/nios2-elf/lib/libc.a(lib_a-memcpy.o)
                0x0000000005084d64                memcpy
 .text          0x0000000005084eac        0x0 /home/soc/intelFPGA_lite/18.1/nios2eds/bin/gnu/H-x86_64-pc-linux-gnu/bin/../lib/gcc/nios2-elf/5.3.0/../../../../../H-x86_64-pc-linux-gnu/nios2-elf/lib/libc.a(lib_a-memmove.o)
 .text.memmove  0x0000000005084eac      0x15c /home/soc/intelFPGA_lite/18.1/nios2eds/bin/gnu/H-x86_64-pc-linux-gnu/bin/../lib/gcc/nios2-elf/5.3.0/../../../../../H-x86_64-pc-linux-gnu/nios2-elf/lib/libc.a(lib_a-memmove.o)
                0x0000000005084eac                memmove
 .text          0x0000000005085008        0x0 /home/soc/intelFPGA_lite/18.1/nios2eds/bin/gnu/H-x86_64-pc-linux-gnu/bin/../lib/gcc/nios2-elf/5.3.0/../../../../../H-x86_64-pc-linux-gnu/nios2-elf/lib/libc.a(lib_a-printf.o)
 .text._printf_r
                0x0000000005085008       0x30 /home/soc/intelFPGA_lite/18.1/nios2eds/bin/gnu/H-x86_64-pc-linux-gnu/bin/../lib/gcc/nios2-elf/5.3.0/../../../../../H-x86_64-pc-linux-gnu/nios2-elf/lib/libc.a(lib_a-printf.o)
                0x0000000005085008                _printf_r
 .text.printf   0x0000000005085038       0x3c /home/soc/intelFPGA_lite/18.1/nios2eds/bin/gnu/H-x86_64-pc-linux-gnu/bin/../lib/gcc/nios2-elf/5.3.0/../../../../../H-x86_64-pc-linux-gnu/nios2-elf/lib/libc.a(lib_a-printf.o)
                0x0000000005085038                printf
 .text          0x0000000005085074        0x0 /home/soc/intelFPGA_lite/18.1/nios2eds/bin/gnu/H-x86_64-pc-linux-gnu/bin/../lib/gcc/nios2-elf/5.3.0/../../../../../H-x86_64-pc-linux-gnu/nios2-elf/lib/libc.a(lib_a-puts.o)
 .text._puts_r  0x0000000005085074       0xc0 /home/soc/intelFPGA_lite/18.1/nios2eds/bin/gnu/H-x86_64-pc-linux-gnu/bin/../lib/gcc/nios2-elf/5.3.0/../../../../../H-x86_64-pc-linux-gnu/nios2-elf/lib/libc.a(lib_a-puts.o)
                0x0000000005085074                _puts_r
 .text.puts     0x0000000005085134       0x14 /home/soc/intelFPGA_lite/18.1/nios2eds/bin/gnu/H-x86_64-pc-linux-gnu/bin/../lib/gcc/nios2-elf/5.3.0/../../../../../H-x86_64-pc-linux-gnu/nios2-elf/lib/libc.a(lib_a-puts.o)
                0x0000000005085134                puts
 .text          0x0000000005085148        0x0 /home/soc/intelFPGA_lite/18.1/nios2eds/bin/gnu/H-x86_64-pc-linux-gnu/bin/../lib/gcc/nios2-elf/5.3.0/../../../../../H-x86_64-pc-linux-gnu/nios2-elf/lib/libc.a(lib_a-sprintf.o)
 .text._sprintf_r
                0x0000000005085148       0x58 /home/soc/intelFPGA_lite/18.1/nios2eds/bin/gnu/H-x86_64-pc-linux-gnu/bin/../lib/gcc/nios2-elf/5.3.0/../../../../../H-x86_64-pc-linux-gnu/nios2-elf/lib/libc.a(lib_a-sprintf.o)
                0x0000000005085148                _sprintf_r
 .text.sprintf  0x00000000050851a0       0x6c /home/soc/intelFPGA_lite/18.1/nios2eds/bin/gnu/H-x86_64-pc-linux-gnu/bin/../lib/gcc/nios2-elf/5.3.0/../../../../../H-x86_64-pc-linux-gnu/nios2-elf/lib/libc.a(lib_a-sprintf.o)
                0x00000000050851a0                sprintf
 .text          0x000000000508520c        0x0 /home/soc/intelFPGA_lite/18.1/nios2eds/bin/gnu/H-x86_64-pc-linux-gnu/bin/../lib/gcc/nios2-elf/5.3.0/../../../../../H-x86_64-pc-linux-gnu/nios2-elf/lib/libc.a(lib_a-strlen.o)
 .text.strlen   0x000000000508520c       0x98 /home/soc/intelFPGA_lite/18.1/nios2eds/bin/gnu/H-x86_64-pc-linux-gnu/bin/../lib/gcc/nios2-elf/5.3.0/../../../../../H-x86_64-pc-linux-gnu/nios2-elf/lib/libc.a(lib_a-strlen.o)
                0x000000000508520c                strlen
 .text          0x00000000050852a4        0x0 /home/soc/intelFPGA_lite/18.1/nios2eds/bin/gnu/H-x86_64-pc-linux-gnu/bin/../lib/gcc/nios2-elf/5.3.0/../../../../../H-x86_64-pc-linux-gnu/nios2-elf/lib/libc.a(lib_a-svfprintf.o)
 .text.___svfprintf_internal_r
                0x00000000050852a4     0x21d8 /home/soc/intelFPGA_lite/18.1/nios2eds/bin/gnu/H-x86_64-pc-linux-gnu/bin/../lib/gcc/nios2-elf/5.3.0/../../../../../H-x86_64-pc-linux-gnu/nios2-elf/lib/libc.a(lib_a-svfprintf.o)
                0x00000000050852a4                ___svfprintf_internal_r
 .text          0x000000000508747c        0x0 /home/soc/intelFPGA_lite/18.1/nios2eds/bin/gnu/H-x86_64-pc-linux-gnu/bin/../lib/gcc/nios2-elf/5.3.0/../../../../../H-x86_64-pc-linux-gnu/nios2-elf/lib/libc.a(lib_a-vfprintf.o)
 .text.___vfprintf_internal_r
                0x000000000508747c     0x21f8 /home/soc/intelFPGA_lite/18.1/nios2eds/bin/gnu/H-x86_64-pc-linux-gnu/bin/../lib/gcc/nios2-elf/5.3.0/../../../../../H-x86_64-pc-linux-gnu/nios2-elf/lib/libc.a(lib_a-vfprintf.o)
                0x000000000508747c                ___vfprintf_internal_r
 .text.__vfprintf_internal
                0x0000000005089674       0x1c /home/soc/intelFPGA_lite/18.1/nios2eds/bin/gnu/H-x86_64-pc-linux-gnu/bin/../lib/gcc/nios2-elf/5.3.0/../../../../../H-x86_64-pc-linux-gnu/nios2-elf/lib/libc.a(lib_a-vfprintf.o)
                0x0000000005089674                __vfprintf_internal
 .text.__sbprintf
                0x0000000005089690       0xbc /home/soc/intelFPGA_lite/18.1/nios2eds/bin/gnu/H-x86_64-pc-linux-gnu/bin/../lib/gcc/nios2-elf/5.3.0/../../../../../H-x86_64-pc-linux-gnu/nios2-elf/lib/libc.a(lib_a-vfprintf.o)
 .text          0x000000000508974c        0x0 /home/soc/intelFPGA_lite/18.1/nios2eds/bin/gnu/H-x86_64-pc-linux-gnu/bin/../lib/gcc/nios2-elf/5.3.0/../../../../../H-x86_64-pc-linux-gnu/nios2-elf/lib/libc.a(lib_a-vsnprintf.o)
 .text._vsnprintf_r
                0x000000000508974c       0xf0 /home/soc/intelFPGA_lite/18.1/nios2eds/bin/gnu/H-x86_64-pc-linux-gnu/bin/../lib/gcc/nios2-elf/5.3.0/../../../../../H-x86_64-pc-linux-gnu/nios2-elf/lib/libc.a(lib_a-vsnprintf.o)
                0x000000000508974c                _vsnprintf_r
 .text.vsnprintf
                0x000000000508983c       0x34 /home/soc/intelFPGA_lite/18.1/nios2eds/bin/gnu/H-x86_64-pc-linux-gnu/bin/../lib/gcc/nios2-elf/5.3.0/../../../../../H-x86_64-pc-linux-gnu/nios2-elf/lib/libc.a(lib_a-vsnprintf.o)
                0x000000000508983c                vsnprintf
 .text          0x0000000005089870        0x0 /home/soc/intelFPGA_lite/18.1/nios2eds/bin/gnu/H-x86_64-pc-linux-gnu/bin/../lib/gcc/nios2-elf/5.3.0/../../../../../H-x86_64-pc-linux-gnu/nios2-elf/lib/libc.a(lib_a-wsetup.o)
 .text.__swsetup_r
                0x0000000005089870      0x154 /home/soc/intelFPGA_lite/18.1/nios2eds/bin/gnu/H-x86_64-pc-linux-gnu/bin/../lib/gcc/nios2-elf/5.3.0/../../../../../H-x86_64-pc-linux-gnu/nios2-elf/lib/libc.a(lib_a-wsetup.o)
                0x0000000005089870                __swsetup_r
 .text          0x00000000050899c4        0x0 /home/soc/intelFPGA_lite/18.1/nios2eds/bin/gnu/H-x86_64-pc-linux-gnu/bin/../lib/gcc/nios2-elf/5.3.0/../../../../../H-x86_64-pc-linux-gnu/nios2-elf/lib/libc.a(lib_a-dtoa.o)
 .text.quorem   0x00000000050899c4      0x200 /home/soc/intelFPGA_lite/18.1/nios2eds/bin/gnu/H-x86_64-pc-linux-gnu/bin/../lib/gcc/nios2-elf/5.3.0/../../../../../H-x86_64-pc-linux-gnu/nios2-elf/lib/libc.a(lib_a-dtoa.o)
 .text._dtoa_r  0x0000000005089bc4     0x1688 /home/soc/intelFPGA_lite/18.1/nios2eds/bin/gnu/H-x86_64-pc-linux-gnu/bin/../lib/gcc/nios2-elf/5.3.0/../../../../../H-x86_64-pc-linux-gnu/nios2-elf/lib/libc.a(lib_a-dtoa.o)
                0x0000000005089bc4                _dtoa_r
 .text          0x000000000508b24c        0x0 /home/soc/intelFPGA_lite/18.1/nios2eds/bin/gnu/H-x86_64-pc-linux-gnu/bin/../lib/gcc/nios2-elf/5.3.0/../../../../../H-x86_64-pc-linux-gnu/nios2-elf/lib/libc.a(lib_a-fflush.o)
 .text.__sflush_r
                0x000000000508b24c      0x21c /home/soc/intelFPGA_lite/18.1/nios2eds/bin/gnu/H-x86_64-pc-linux-gnu/bin/../lib/gcc/nios2-elf/5.3.0/../../../../../H-x86_64-pc-linux-gnu/nios2-elf/lib/libc.a(lib_a-fflush.o)
                0x000000000508b24c                __sflush_r
 .text._fflush_r
                0x000000000508b468       0x5c /home/soc/intelFPGA_lite/18.1/nios2eds/bin/gnu/H-x86_64-pc-linux-gnu/bin/../lib/gcc/nios2-elf/5.3.0/../../../../../H-x86_64-pc-linux-gnu/nios2-elf/lib/libc.a(lib_a-fflush.o)
                0x000000000508b468                _fflush_r
 .text.fflush   0x000000000508b4c4       0x30 /home/soc/intelFPGA_lite/18.1/nios2eds/bin/gnu/H-x86_64-pc-linux-gnu/bin/../lib/gcc/nios2-elf/5.3.0/../../../../../H-x86_64-pc-linux-gnu/nios2-elf/lib/libc.a(lib_a-fflush.o)
                0x000000000508b4c4                fflush
 .text          0x000000000508b4f4        0x0 /home/soc/intelFPGA_lite/18.1/nios2eds/bin/gnu/H-x86_64-pc-linux-gnu/bin/../lib/gcc/nios2-elf/5.3.0/../../../../../H-x86_64-pc-linux-gnu/nios2-elf/lib/libc.a(lib_a-findfp.o)
 .text.__fp_unlock
                0x000000000508b4f4        0x8 /home/soc/intelFPGA_lite/18.1/nios2eds/bin/gnu/H-x86_64-pc-linux-gnu/bin/../lib/gcc/nios2-elf/5.3.0/../../../../../H-x86_64-pc-linux-gnu/nios2-elf/lib/libc.a(lib_a-findfp.o)
 .text._cleanup_r
                0x000000000508b4fc        0xc /home/soc/intelFPGA_lite/18.1/nios2eds/bin/gnu/H-x86_64-pc-linux-gnu/bin/../lib/gcc/nios2-elf/5.3.0/../../../../../H-x86_64-pc-linux-gnu/nios2-elf/lib/libc.a(lib_a-findfp.o)
                0x000000000508b4fc                _cleanup_r
 .text.__sinit.part.1
                0x000000000508b508      0x19c /home/soc/intelFPGA_lite/18.1/nios2eds/bin/gnu/H-x86_64-pc-linux-gnu/bin/../lib/gcc/nios2-elf/5.3.0/../../../../../H-x86_64-pc-linux-gnu/nios2-elf/lib/libc.a(lib_a-findfp.o)
 .text.__fp_lock
                0x000000000508b6a4        0x8 /home/soc/intelFPGA_lite/18.1/nios2eds/bin/gnu/H-x86_64-pc-linux-gnu/bin/../lib/gcc/nios2-elf/5.3.0/../../../../../H-x86_64-pc-linux-gnu/nios2-elf/lib/libc.a(lib_a-findfp.o)
 .text.__sfmoreglue
                0x000000000508b6ac       0x68 /home/soc/intelFPGA_lite/18.1/nios2eds/bin/gnu/H-x86_64-pc-linux-gnu/bin/../lib/gcc/nios2-elf/5.3.0/../../../../../H-x86_64-pc-linux-gnu/nios2-elf/lib/libc.a(lib_a-findfp.o)
                0x000000000508b6ac                __sfmoreglue
 .text.__sfp    0x000000000508b714      0x118 /home/soc/intelFPGA_lite/18.1/nios2eds/bin/gnu/H-x86_64-pc-linux-gnu/bin/../lib/gcc/nios2-elf/5.3.0/../../../../../H-x86_64-pc-linux-gnu/nios2-elf/lib/libc.a(lib_a-findfp.o)
                0x000000000508b714                __sfp
 .text._cleanup
                0x000000000508b82c       0x18 /home/soc/intelFPGA_lite/18.1/nios2eds/bin/gnu/H-x86_64-pc-linux-gnu/bin/../lib/gcc/nios2-elf/5.3.0/../../../../../H-x86_64-pc-linux-gnu/nios2-elf/lib/libc.a(lib_a-findfp.o)
                0x000000000508b82c                _cleanup
 .text.__sinit  0x000000000508b844       0x10 /home/soc/intelFPGA_lite/18.1/nios2eds/bin/gnu/H-x86_64-pc-linux-gnu/bin/../lib/gcc/nios2-elf/5.3.0/../../../../../H-x86_64-pc-linux-gnu/nios2-elf/lib/libc.a(lib_a-findfp.o)
                0x000000000508b844                __sinit
 .text.__sfp_lock_acquire
                0x000000000508b854        0x4 /home/soc/intelFPGA_lite/18.1/nios2eds/bin/gnu/H-x86_64-pc-linux-gnu/bin/../lib/gcc/nios2-elf/5.3.0/../../../../../H-x86_64-pc-linux-gnu/nios2-elf/lib/libc.a(lib_a-findfp.o)
                0x000000000508b854                __sfp_lock_acquire
 .text.__sfp_lock_release
                0x000000000508b858        0x4 /home/soc/intelFPGA_lite/18.1/nios2eds/bin/gnu/H-x86_64-pc-linux-gnu/bin/../lib/gcc/nios2-elf/5.3.0/../../../../../H-x86_64-pc-linux-gnu/nios2-elf/lib/libc.a(lib_a-findfp.o)
                0x000000000508b858                __sfp_lock_release
 .text.__sinit_lock_acquire
                0x000000000508b85c        0x4 /home/soc/intelFPGA_lite/18.1/nios2eds/bin/gnu/H-x86_64-pc-linux-gnu/bin/../lib/gcc/nios2-elf/5.3.0/../../../../../H-x86_64-pc-linux-gnu/nios2-elf/lib/libc.a(lib_a-findfp.o)
                0x000000000508b85c                __sinit_lock_acquire
 .text.__sinit_lock_release
                0x000000000508b860        0x4 /home/soc/intelFPGA_lite/18.1/nios2eds/bin/gnu/H-x86_64-pc-linux-gnu/bin/../lib/gcc/nios2-elf/5.3.0/../../../../../H-x86_64-pc-linux-gnu/nios2-elf/lib/libc.a(lib_a-findfp.o)
                0x000000000508b860                __sinit_lock_release
 .text.__fp_lock_all
                0x000000000508b864       0x18 /home/soc/intelFPGA_lite/18.1/nios2eds/bin/gnu/H-x86_64-pc-linux-gnu/bin/../lib/gcc/nios2-elf/5.3.0/../../../../../H-x86_64-pc-linux-gnu/nios2-elf/lib/libc.a(lib_a-findfp.o)
                0x000000000508b864                __fp_lock_all
 .text.__fp_unlock_all
                0x000000000508b87c       0x18 /home/soc/intelFPGA_lite/18.1/nios2eds/bin/gnu/H-x86_64-pc-linux-gnu/bin/../lib/gcc/nios2-elf/5.3.0/../../../../../H-x86_64-pc-linux-gnu/nios2-elf/lib/libc.a(lib_a-findfp.o)
                0x000000000508b87c                __fp_unlock_all
 .text          0x000000000508b894        0x0 /home/soc/intelFPGA_lite/18.1/nios2eds/bin/gnu/H-x86_64-pc-linux-gnu/bin/../lib/gcc/nios2-elf/5.3.0/../../../../../H-x86_64-pc-linux-gnu/nios2-elf/lib/libc.a(lib_a-freer.o)
 .text._malloc_trim_r
                0x000000000508b894      0x124 /home/soc/intelFPGA_lite/18.1/nios2eds/bin/gnu/H-x86_64-pc-linux-gnu/bin/../lib/gcc/nios2-elf/5.3.0/../../../../../H-x86_64-pc-linux-gnu/nios2-elf/lib/libc.a(lib_a-freer.o)
                0x000000000508b894                _malloc_trim_r
 .text._free_r  0x000000000508b9b8      0x310 /home/soc/intelFPGA_lite/18.1/nios2eds/bin/gnu/H-x86_64-pc-linux-gnu/bin/../lib/gcc/nios2-elf/5.3.0/../../../../../H-x86_64-pc-linux-gnu/nios2-elf/lib/libc.a(lib_a-freer.o)
                0x000000000508b9b8                _free_r
 .text          0x000000000508bcc8        0x0 /home/soc/intelFPGA_lite/18.1/nios2eds/bin/gnu/H-x86_64-pc-linux-gnu/bin/../lib/gcc/nios2-elf/5.3.0/../../../../../H-x86_64-pc-linux-gnu/nios2-elf/lib/libc.a(lib_a-fvwrite.o)
 .text.__sfvwrite_r
                0x000000000508bcc8      0x4bc /home/soc/intelFPGA_lite/18.1/nios2eds/bin/gnu/H-x86_64-pc-linux-gnu/bin/../lib/gcc/nios2-elf/5.3.0/../../../../../H-x86_64-pc-linux-gnu/nios2-elf/lib/libc.a(lib_a-fvwrite.o)
                0x000000000508bcc8                __sfvwrite_r
 .text          0x000000000508c184        0x0 /home/soc/intelFPGA_lite/18.1/nios2eds/bin/gnu/H-x86_64-pc-linux-gnu/bin/../lib/gcc/nios2-elf/5.3.0/../../../../../H-x86_64-pc-linux-gnu/nios2-elf/lib/libc.a(lib_a-fwalk.o)
 .text._fwalk   0x000000000508c184       0xc4 /home/soc/intelFPGA_lite/18.1/nios2eds/bin/gnu/H-x86_64-pc-linux-gnu/bin/../lib/gcc/nios2-elf/5.3.0/../../../../../H-x86_64-pc-linux-gnu/nios2-elf/lib/libc.a(lib_a-fwalk.o)
                0x000000000508c184                _fwalk
 .text._fwalk_reent
                0x000000000508c248       0xc4 /home/soc/intelFPGA_lite/18.1/nios2eds/bin/gnu/H-x86_64-pc-linux-gnu/bin/../lib/gcc/nios2-elf/5.3.0/../../../../../H-x86_64-pc-linux-gnu/nios2-elf/lib/libc.a(lib_a-fwalk.o)
                0x000000000508c248                _fwalk_reent
 .text          0x000000000508c30c        0x0 /home/soc/intelFPGA_lite/18.1/nios2eds/bin/gnu/H-x86_64-pc-linux-gnu/bin/../lib/gcc/nios2-elf/5.3.0/../../../../../H-x86_64-pc-linux-gnu/nios2-elf/lib/libc.a(lib_a-impure.o)
 .text          0x000000000508c30c        0x0 /home/soc/intelFPGA_lite/18.1/nios2eds/bin/gnu/H-x86_64-pc-linux-gnu/bin/../lib/gcc/nios2-elf/5.3.0/../../../../../H-x86_64-pc-linux-gnu/nios2-elf/lib/libc.a(lib_a-locale.o)
 .text._setlocale_r
                0x000000000508c30c       0x7c /home/soc/intelFPGA_lite/18.1/nios2eds/bin/gnu/H-x86_64-pc-linux-gnu/bin/../lib/gcc/nios2-elf/5.3.0/../../../../../H-x86_64-pc-linux-gnu/nios2-elf/lib/libc.a(lib_a-locale.o)
                0x000000000508c30c                _setlocale_r
 .text.__locale_charset
                0x000000000508c388        0xc /home/soc/intelFPGA_lite/18.1/nios2eds/bin/gnu/H-x86_64-pc-linux-gnu/bin/../lib/gcc/nios2-elf/5.3.0/../../../../../H-x86_64-pc-linux-gnu/nios2-elf/lib/libc.a(lib_a-locale.o)
                0x000000000508c388                __locale_charset
 .text.__locale_mb_cur_max
                0x000000000508c394       0x10 /home/soc/intelFPGA_lite/18.1/nios2eds/bin/gnu/H-x86_64-pc-linux-gnu/bin/../lib/gcc/nios2-elf/5.3.0/../../../../../H-x86_64-pc-linux-gnu/nios2-elf/lib/libc.a(lib_a-locale.o)
                0x000000000508c394                __locale_mb_cur_max
 .text.__locale_msgcharset
                0x000000000508c3a4        0xc /home/soc/intelFPGA_lite/18.1/nios2eds/bin/gnu/H-x86_64-pc-linux-gnu/bin/../lib/gcc/nios2-elf/5.3.0/../../../../../H-x86_64-pc-linux-gnu/nios2-elf/lib/libc.a(lib_a-locale.o)
                0x000000000508c3a4                __locale_msgcharset
 .text.__locale_cjk_lang
                0x000000000508c3b0        0x8 /home/soc/intelFPGA_lite/18.1/nios2eds/bin/gnu/H-x86_64-pc-linux-gnu/bin/../lib/gcc/nios2-elf/5.3.0/../../../../../H-x86_64-pc-linux-gnu/nios2-elf/lib/libc.a(lib_a-locale.o)
                0x000000000508c3b0                __locale_cjk_lang
 .text._localeconv_r
                0x000000000508c3b8        0xc /home/soc/intelFPGA_lite/18.1/nios2eds/bin/gnu/H-x86_64-pc-linux-gnu/bin/../lib/gcc/nios2-elf/5.3.0/../../../../../H-x86_64-pc-linux-gnu/nios2-elf/lib/libc.a(lib_a-locale.o)
                0x000000000508c3b8                _localeconv_r
 .text.setlocale
                0x000000000508c3c4       0x18 /home/soc/intelFPGA_lite/18.1/nios2eds/bin/gnu/H-x86_64-pc-linux-gnu/bin/../lib/gcc/nios2-elf/5.3.0/../../../../../H-x86_64-pc-linux-gnu/nios2-elf/lib/libc.a(lib_a-locale.o)
                0x000000000508c3c4                setlocale
 .text.localeconv
                0x000000000508c3dc        0xc /home/soc/intelFPGA_lite/18.1/nios2eds/bin/gnu/H-x86_64-pc-linux-gnu/bin/../lib/gcc/nios2-elf/5.3.0/../../../../../H-x86_64-pc-linux-gnu/nios2-elf/lib/libc.a(lib_a-locale.o)
                0x000000000508c3dc                localeconv
 .text          0x000000000508c3e8        0x0 /home/soc/intelFPGA_lite/18.1/nios2eds/bin/gnu/H-x86_64-pc-linux-gnu/bin/../lib/gcc/nios2-elf/5.3.0/../../../../../H-x86_64-pc-linux-gnu/nios2-elf/lib/libc.a(lib_a-makebuf.o)
 .text.__smakebuf_r
                0x000000000508c3e8      0x1bc /home/soc/intelFPGA_lite/18.1/nios2eds/bin/gnu/H-x86_64-pc-linux-gnu/bin/../lib/gcc/nios2-elf/5.3.0/../../../../../H-x86_64-pc-linux-gnu/nios2-elf/lib/libc.a(lib_a-makebuf.o)
                0x000000000508c3e8                __smakebuf_r
 .text          0x000000000508c5a4        0x0 /home/soc/intelFPGA_lite/18.1/nios2eds/bin/gnu/H-x86_64-pc-linux-gnu/bin/../lib/gcc/nios2-elf/5.3.0/../../../../../H-x86_64-pc-linux-gnu/nios2-elf/lib/libc.a(lib_a-mallocr.o)
 .text._malloc_r
                0x000000000508c5a4      0x80c /home/soc/intelFPGA_lite/18.1/nios2eds/bin/gnu/H-x86_64-pc-linux-gnu/bin/../lib/gcc/nios2-elf/5.3.0/../../../../../H-x86_64-pc-linux-gnu/nios2-elf/lib/libc.a(lib_a-mallocr.o)
                0x000000000508c5a4                _malloc_r
 .text          0x000000000508cdb0        0x0 /home/soc/intelFPGA_lite/18.1/nios2eds/bin/gnu/H-x86_64-pc-linux-gnu/bin/../lib/gcc/nios2-elf/5.3.0/../../../../../H-x86_64-pc-linux-gnu/nios2-elf/lib/libc.a(lib_a-memchr.o)
 .text.memchr   0x000000000508cdb0       0xe4 /home/soc/intelFPGA_lite/18.1/nios2eds/bin/gnu/H-x86_64-pc-linux-gnu/bin/../lib/gcc/nios2-elf/5.3.0/../../../../../H-x86_64-pc-linux-gnu/nios2-elf/lib/libc.a(lib_a-memchr.o)
                0x000000000508cdb0                memchr
 .text          0x000000000508ce94        0x0 /home/soc/intelFPGA_lite/18.1/nios2eds/bin/gnu/H-x86_64-pc-linux-gnu/bin/../lib/gcc/nios2-elf/5.3.0/../../../../../H-x86_64-pc-linux-gnu/nios2-elf/lib/libc.a(lib_a-memset.o)
 .text.memset   0x000000000508ce94      0x128 /home/soc/intelFPGA_lite/18.1/nios2eds/bin/gnu/H-x86_64-pc-linux-gnu/bin/../lib/gcc/nios2-elf/5.3.0/../../../../../H-x86_64-pc-linux-gnu/nios2-elf/lib/libc.a(lib_a-memset.o)
                0x000000000508ce94                memset
 .text          0x000000000508cfbc        0x0 /home/soc/intelFPGA_lite/18.1/nios2eds/bin/gnu/H-x86_64-pc-linux-gnu/bin/../lib/gcc/nios2-elf/5.3.0/../../../../../H-x86_64-pc-linux-gnu/nios2-elf/lib/libc.a(lib_a-mprec.o)
 .text._Balloc  0x000000000508cfbc       0xa8 /home/soc/intelFPGA_lite/18.1/nios2eds/bin/gnu/H-x86_64-pc-linux-gnu/bin/../lib/gcc/nios2-elf/5.3.0/../../../../../H-x86_64-pc-linux-gnu/nios2-elf/lib/libc.a(lib_a-mprec.o)
                0x000000000508cfbc                _Balloc
 .text._Bfree   0x000000000508d064       0x28 /home/soc/intelFPGA_lite/18.1/nios2eds/bin/gnu/H-x86_64-pc-linux-gnu/bin/../lib/gcc/nios2-elf/5.3.0/../../../../../H-x86_64-pc-linux-gnu/nios2-elf/lib/libc.a(lib_a-mprec.o)
                0x000000000508d064                _Bfree
 .text.__multadd
                0x000000000508d08c      0x120 /home/soc/intelFPGA_lite/18.1/nios2eds/bin/gnu/H-x86_64-pc-linux-gnu/bin/../lib/gcc/nios2-elf/5.3.0/../../../../../H-x86_64-pc-linux-gnu/nios2-elf/lib/libc.a(lib_a-mprec.o)
                0x000000000508d08c                __multadd
 .text.__s2b    0x000000000508d1ac      0x104 /home/soc/intelFPGA_lite/18.1/nios2eds/bin/gnu/H-x86_64-pc-linux-gnu/bin/../lib/gcc/nios2-elf/5.3.0/../../../../../H-x86_64-pc-linux-gnu/nios2-elf/lib/libc.a(lib_a-mprec.o)
                0x000000000508d1ac                __s2b
 .text.__hi0bits
                0x000000000508d2b0       0x68 /home/soc/intelFPGA_lite/18.1/nios2eds/bin/gnu/H-x86_64-pc-linux-gnu/bin/../lib/gcc/nios2-elf/5.3.0/../../../../../H-x86_64-pc-linux-gnu/nios2-elf/lib/libc.a(lib_a-mprec.o)
                0x000000000508d2b0                __hi0bits
 .text.__lo0bits
                0x000000000508d318       0xb0 /home/soc/intelFPGA_lite/18.1/nios2eds/bin/gnu/H-x86_64-pc-linux-gnu/bin/../lib/gcc/nios2-elf/5.3.0/../../../../../H-x86_64-pc-linux-gnu/nios2-elf/lib/libc.a(lib_a-mprec.o)
                0x000000000508d318                __lo0bits
 .text.__i2b    0x000000000508d3c8       0x3c /home/soc/intelFPGA_lite/18.1/nios2eds/bin/gnu/H-x86_64-pc-linux-gnu/bin/../lib/gcc/nios2-elf/5.3.0/../../../../../H-x86_64-pc-linux-gnu/nios2-elf/lib/libc.a(lib_a-mprec.o)
                0x000000000508d3c8                __i2b
 .text.__multiply
                0x000000000508d404      0x1f8 /home/soc/intelFPGA_lite/18.1/nios2eds/bin/gnu/H-x86_64-pc-linux-gnu/bin/../lib/gcc/nios2-elf/5.3.0/../../../../../H-x86_64-pc-linux-gnu/nios2-elf/lib/libc.a(lib_a-mprec.o)
                0x000000000508d404                __multiply
 .text.__pow5mult
                0x000000000508d5fc      0x140 /home/soc/intelFPGA_lite/18.1/nios2eds/bin/gnu/H-x86_64-pc-linux-gnu/bin/../lib/gcc/nios2-elf/5.3.0/../../../../../H-x86_64-pc-linux-gnu/nios2-elf/lib/libc.a(lib_a-mprec.o)
                0x000000000508d5fc                __pow5mult
 .text.__lshift
                0x000000000508d73c      0x148 /home/soc/intelFPGA_lite/18.1/nios2eds/bin/gnu/H-x86_64-pc-linux-gnu/bin/../lib/gcc/nios2-elf/5.3.0/../../../../../H-x86_64-pc-linux-gnu/nios2-elf/lib/libc.a(lib_a-mprec.o)
                0x000000000508d73c                __lshift
 .text.__mcmp   0x000000000508d884       0x60 /home/soc/intelFPGA_lite/18.1/nios2eds/bin/gnu/H-x86_64-pc-linux-gnu/bin/../lib/gcc/nios2-elf/5.3.0/../../../../../H-x86_64-pc-linux-gnu/nios2-elf/lib/libc.a(lib_a-mprec.o)
                0x000000000508d884                __mcmp
 .text.__mdiff  0x000000000508d8e4      0x1fc /home/soc/intelFPGA_lite/18.1/nios2eds/bin/gnu/H-x86_64-pc-linux-gnu/bin/../lib/gcc/nios2-elf/5.3.0/../../../../../H-x86_64-pc-linux-gnu/nios2-elf/lib/libc.a(lib_a-mprec.o)
                0x000000000508d8e4                __mdiff
 .text.__ulp    0x000000000508dae0       0x64 /home/soc/intelFPGA_lite/18.1/nios2eds/bin/gnu/H-x86_64-pc-linux-gnu/bin/../lib/gcc/nios2-elf/5.3.0/../../../../../H-x86_64-pc-linux-gnu/nios2-elf/lib/libc.a(lib_a-mprec.o)
                0x000000000508dae0                __ulp
 .text.__b2d    0x000000000508db44      0x10c /home/soc/intelFPGA_lite/18.1/nios2eds/bin/gnu/H-x86_64-pc-linux-gnu/bin/../lib/gcc/nios2-elf/5.3.0/../../../../../H-x86_64-pc-linux-gnu/nios2-elf/lib/libc.a(lib_a-mprec.o)
                0x000000000508db44                __b2d
 .text.__d2b    0x000000000508dc50      0x14c /home/soc/intelFPGA_lite/18.1/nios2eds/bin/gnu/H-x86_64-pc-linux-gnu/bin/../lib/gcc/nios2-elf/5.3.0/../../../../../H-x86_64-pc-linux-gnu/nios2-elf/lib/libc.a(lib_a-mprec.o)
                0x000000000508dc50                __d2b
 .text.__ratio  0x000000000508dd9c       0xa4 /home/soc/intelFPGA_lite/18.1/nios2eds/bin/gnu/H-x86_64-pc-linux-gnu/bin/../lib/gcc/nios2-elf/5.3.0/../../../../../H-x86_64-pc-linux-gnu/nios2-elf/lib/libc.a(lib_a-mprec.o)
                0x000000000508dd9c                __ratio
 .text._mprec_log10
                0x000000000508de40       0x74 /home/soc/intelFPGA_lite/18.1/nios2eds/bin/gnu/H-x86_64-pc-linux-gnu/bin/../lib/gcc/nios2-elf/5.3.0/../../../../../H-x86_64-pc-linux-gnu/nios2-elf/lib/libc.a(lib_a-mprec.o)
                0x000000000508de40                _mprec_log10
 .text.__copybits
                0x000000000508deb4       0x78 /home/soc/intelFPGA_lite/18.1/nios2eds/bin/gnu/H-x86_64-pc-linux-gnu/bin/../lib/gcc/nios2-elf/5.3.0/../../../../../H-x86_64-pc-linux-gnu/nios2-elf/lib/libc.a(lib_a-mprec.o)
                0x000000000508deb4                __copybits
 .text.__any_on
                0x000000000508df2c       0x8c /home/soc/intelFPGA_lite/18.1/nios2eds/bin/gnu/H-x86_64-pc-linux-gnu/bin/../lib/gcc/nios2-elf/5.3.0/../../../../../H-x86_64-pc-linux-gnu/nios2-elf/lib/libc.a(lib_a-mprec.o)
                0x000000000508df2c                __any_on
 .text          0x000000000508dfb8        0x0 /home/soc/intelFPGA_lite/18.1/nios2eds/bin/gnu/H-x86_64-pc-linux-gnu/bin/../lib/gcc/nios2-elf/5.3.0/../../../../../H-x86_64-pc-linux-gnu/nios2-elf/lib/libc.a(lib_a-reallocr.o)
 .text._realloc_r
                0x000000000508dfb8      0x564 /home/soc/intelFPGA_lite/18.1/nios2eds/bin/gnu/H-x86_64-pc-linux-gnu/bin/../lib/gcc/nios2-elf/5.3.0/../../../../../H-x86_64-pc-linux-gnu/nios2-elf/lib/libc.a(lib_a-reallocr.o)
                0x000000000508dfb8                _realloc_r
 .text          0x000000000508e51c        0x0 /home/soc/intelFPGA_lite/18.1/nios2eds/bin/gnu/H-x86_64-pc-linux-gnu/bin/../lib/gcc/nios2-elf/5.3.0/../../../../../H-x86_64-pc-linux-gnu/nios2-elf/lib/libc.a(lib_a-s_fpclassify.o)
 .text.__fpclassifyd
                0x000000000508e51c       0x74 /home/soc/intelFPGA_lite/18.1/nios2eds/bin/gnu/H-x86_64-pc-linux-gnu/bin/../lib/gcc/nios2-elf/5.3.0/../../../../../H-x86_64-pc-linux-gnu/nios2-elf/lib/libc.a(lib_a-s_fpclassify.o)
                0x000000000508e51c                __fpclassifyd
 .text          0x000000000508e590        0x0 /home/soc/intelFPGA_lite/18.1/nios2eds/bin/gnu/H-x86_64-pc-linux-gnu/bin/../lib/gcc/nios2-elf/5.3.0/../../../../../H-x86_64-pc-linux-gnu/nios2-elf/lib/libc.a(lib_a-sbrkr.o)
 .text._sbrk_r  0x000000000508e590       0x54 /home/soc/intelFPGA_lite/18.1/nios2eds/bin/gnu/H-x86_64-pc-linux-gnu/bin/../lib/gcc/nios2-elf/5.3.0/../../../../../H-x86_64-pc-linux-gnu/nios2-elf/lib/libc.a(lib_a-sbrkr.o)
                0x000000000508e590                _sbrk_r
 .text          0x000000000508e5e4        0x0 /home/soc/intelFPGA_lite/18.1/nios2eds/bin/gnu/H-x86_64-pc-linux-gnu/bin/../lib/gcc/nios2-elf/5.3.0/../../../../../H-x86_64-pc-linux-gnu/nios2-elf/lib/libc.a(lib_a-stdio.o)
 .text.__sread  0x000000000508e5e4       0x54 /home/soc/intelFPGA_lite/18.1/nios2eds/bin/gnu/H-x86_64-pc-linux-gnu/bin/../lib/gcc/nios2-elf/5.3.0/../../../../../H-x86_64-pc-linux-gnu/nios2-elf/lib/libc.a(lib_a-stdio.o)
                0x000000000508e5e4                __sread
 .text.__seofread
                0x000000000508e638        0x8 /home/soc/intelFPGA_lite/18.1/nios2eds/bin/gnu/H-x86_64-pc-linux-gnu/bin/../lib/gcc/nios2-elf/5.3.0/../../../../../H-x86_64-pc-linux-gnu/nios2-elf/lib/libc.a(lib_a-stdio.o)
                0x000000000508e638                __seofread
 .text.__swrite
                0x000000000508e640       0x7c /home/soc/intelFPGA_lite/18.1/nios2eds/bin/gnu/H-x86_64-pc-linux-gnu/bin/../lib/gcc/nios2-elf/5.3.0/../../../../../H-x86_64-pc-linux-gnu/nios2-elf/lib/libc.a(lib_a-stdio.o)
                0x000000000508e640                __swrite
 .text.__sseek  0x000000000508e6bc       0x5c /home/soc/intelFPGA_lite/18.1/nios2eds/bin/gnu/H-x86_64-pc-linux-gnu/bin/../lib/gcc/nios2-elf/5.3.0/../../../../../H-x86_64-pc-linux-gnu/nios2-elf/lib/libc.a(lib_a-stdio.o)
                0x000000000508e6bc                __sseek
 .text.__sclose
                0x000000000508e718        0x8 /home/soc/intelFPGA_lite/18.1/nios2eds/bin/gnu/H-x86_64-pc-linux-gnu/bin/../lib/gcc/nios2-elf/5.3.0/../../../../../H-x86_64-pc-linux-gnu/nios2-elf/lib/libc.a(lib_a-stdio.o)
                0x000000000508e718                __sclose
 .text          0x000000000508e720        0x0 /home/soc/intelFPGA_lite/18.1/nios2eds/bin/gnu/H-x86_64-pc-linux-gnu/bin/../lib/gcc/nios2-elf/5.3.0/../../../../../H-x86_64-pc-linux-gnu/nios2-elf/lib/libc.a(lib_a-strcmp.o)
 .text.strcmp   0x000000000508e720       0xdc /home/soc/intelFPGA_lite/18.1/nios2eds/bin/gnu/H-x86_64-pc-linux-gnu/bin/../lib/gcc/nios2-elf/5.3.0/../../../../../H-x86_64-pc-linux-gnu/nios2-elf/lib/libc.a(lib_a-strcmp.o)
                0x000000000508e720                strcmp
 .text          0x000000000508e7fc        0x0 /home/soc/intelFPGA_lite/18.1/nios2eds/bin/gnu/H-x86_64-pc-linux-gnu/bin/../lib/gcc/nios2-elf/5.3.0/../../../../../H-x86_64-pc-linux-gnu/nios2-elf/lib/libc.a(lib_a-svfiprintf.o)
 .text.__ssprint_r
                0x000000000508e7fc      0x1d0 /home/soc/intelFPGA_lite/18.1/nios2eds/bin/gnu/H-x86_64-pc-linux-gnu/bin/../lib/gcc/nios2-elf/5.3.0/../../../../../H-x86_64-pc-linux-gnu/nios2-elf/lib/libc.a(lib_a-svfiprintf.o)
                0x000000000508e7fc                __ssprint_r
 .text.___svfiprintf_internal_r
                0x000000000508e9cc     0x123c /home/soc/intelFPGA_lite/18.1/nios2eds/bin/gnu/H-x86_64-pc-linux-gnu/bin/../lib/gcc/nios2-elf/5.3.0/../../../../../H-x86_64-pc-linux-gnu/nios2-elf/lib/libc.a(lib_a-svfiprintf.o)
                0x000000000508e9cc                ___svfiprintf_internal_r
 .text          0x000000000508fc08        0x0 /home/soc/intelFPGA_lite/18.1/nios2eds/bin/gnu/H-x86_64-pc-linux-gnu/bin/../lib/gcc/nios2-elf/5.3.0/../../../../../H-x86_64-pc-linux-gnu/nios2-elf/lib/libc.a(lib_a-vfiprintf.o)
 .text.__sprint_r.part.0
                0x000000000508fc08       0xfc /home/soc/intelFPGA_lite/18.1/nios2eds/bin/gnu/H-x86_64-pc-linux-gnu/bin/../lib/gcc/nios2-elf/5.3.0/../../../../../H-x86_64-pc-linux-gnu/nios2-elf/lib/libc.a(lib_a-vfiprintf.o)
 .text.__sprint_r
                0x000000000508fd04       0x18 /home/soc/intelFPGA_lite/18.1/nios2eds/bin/gnu/H-x86_64-pc-linux-gnu/bin/../lib/gcc/nios2-elf/5.3.0/../../../../../H-x86_64-pc-linux-gnu/nios2-elf/lib/libc.a(lib_a-vfiprintf.o)
                0x000000000508fd04                __sprint_r
 .text.___vfiprintf_internal_r
                0x000000000508fd1c     0x145c /home/soc/intelFPGA_lite/18.1/nios2eds/bin/gnu/H-x86_64-pc-linux-gnu/bin/../lib/gcc/nios2-elf/5.3.0/../../../../../H-x86_64-pc-linux-gnu/nios2-elf/lib/libc.a(lib_a-vfiprintf.o)
                0x000000000508fd1c                ___vfiprintf_internal_r
 .text.__vfiprintf_internal
                0x0000000005091178       0x1c /home/soc/intelFPGA_lite/18.1/nios2eds/bin/gnu/H-x86_64-pc-linux-gnu/bin/../lib/gcc/nios2-elf/5.3.0/../../../../../H-x86_64-pc-linux-gnu/nios2-elf/lib/libc.a(lib_a-vfiprintf.o)
                0x0000000005091178                __vfiprintf_internal
 .text.__sbprintf
                0x0000000005091194       0xbc /home/soc/intelFPGA_lite/18.1/nios2eds/bin/gnu/H-x86_64-pc-linux-gnu/bin/../lib/gcc/nios2-elf/5.3.0/../../../../../H-x86_64-pc-linux-gnu/nios2-elf/lib/libc.a(lib_a-vfiprintf.o)
 .text          0x0000000005091250        0x0 /home/soc/intelFPGA_lite/18.1/nios2eds/bin/gnu/H-x86_64-pc-linux-gnu/bin/../lib/gcc/nios2-elf/5.3.0/../../../../../H-x86_64-pc-linux-gnu/nios2-elf/lib/libc.a(lib_a-writer.o)
 .text._write_r
                0x0000000005091250       0x60 /home/soc/intelFPGA_lite/18.1/nios2eds/bin/gnu/H-x86_64-pc-linux-gnu/bin/../lib/gcc/nios2-elf/5.3.0/../../../../../H-x86_64-pc-linux-gnu/nios2-elf/lib/libc.a(lib_a-writer.o)
                0x0000000005091250                _write_r
 .text          0x00000000050912b0        0x0 /home/soc/intelFPGA_lite/18.1/nios2eds/bin/gnu/H-x86_64-pc-linux-gnu/bin/../lib/gcc/nios2-elf/5.3.0/../../../../../H-x86_64-pc-linux-gnu/nios2-elf/lib/libc.a(closer.o)
 .text._close_r
                0x00000000050912b0       0x54 /home/soc/intelFPGA_lite/18.1/nios2eds/bin/gnu/H-x86_64-pc-linux-gnu/bin/../lib/gcc/nios2-elf/5.3.0/../../../../../H-x86_64-pc-linux-gnu/nios2-elf/lib/libc.a(closer.o)
                0x00000000050912b0                _close_r
 .text          0x0000000005091304        0x0 /home/soc/intelFPGA_lite/18.1/nios2eds/bin/gnu/H-x86_64-pc-linux-gnu/bin/../lib/gcc/nios2-elf/5.3.0/../../../../../H-x86_64-pc-linux-gnu/nios2-elf/lib/libc.a(lib_a-callocr.o)
 .text._calloc_r
                0x0000000005091304       0xc4 /home/soc/intelFPGA_lite/18.1/nios2eds/bin/gnu/H-x86_64-pc-linux-gnu/bin/../lib/gcc/nios2-elf/5.3.0/../../../../../H-x86_64-pc-linux-gnu/nios2-elf/lib/libc.a(lib_a-callocr.o)
                0x0000000005091304                _calloc_r
 .text          0x00000000050913c8        0x0 /home/soc/intelFPGA_lite/18.1/nios2eds/bin/gnu/H-x86_64-pc-linux-gnu/bin/../lib/gcc/nios2-elf/5.3.0/../../../../../H-x86_64-pc-linux-gnu/nios2-elf/lib/libc.a(lib_a-fclose.o)
 .text._fclose_r
                0x00000000050913c8       0xf0 /home/soc/intelFPGA_lite/18.1/nios2eds/bin/gnu/H-x86_64-pc-linux-gnu/bin/../lib/gcc/nios2-elf/5.3.0/../../../../../H-x86_64-pc-linux-gnu/nios2-elf/lib/libc.a(lib_a-fclose.o)
                0x00000000050913c8                _fclose_r
 .text.fclose   0x00000000050914b8       0x14 /home/soc/intelFPGA_lite/18.1/nios2eds/bin/gnu/H-x86_64-pc-linux-gnu/bin/../lib/gcc/nios2-elf/5.3.0/../../../../../H-x86_64-pc-linux-gnu/nios2-elf/lib/libc.a(lib_a-fclose.o)
                0x00000000050914b8                fclose
 .text          0x00000000050914cc        0x0 /home/soc/intelFPGA_lite/18.1/nios2eds/bin/gnu/H-x86_64-pc-linux-gnu/bin/../lib/gcc/nios2-elf/5.3.0/../../../../../H-x86_64-pc-linux-gnu/nios2-elf/lib/libc.a(lib_a-fputwc.o)
 .text.__fputwc
                0x00000000050914cc      0x164 /home/soc/intelFPGA_lite/18.1/nios2eds/bin/gnu/H-x86_64-pc-linux-gnu/bin/../lib/gcc/nios2-elf/5.3.0/../../../../../H-x86_64-pc-linux-gnu/nios2-elf/lib/libc.a(lib_a-fputwc.o)
                0x00000000050914cc                __fputwc
 .text._fputwc_r
                0x0000000005091630       0x24 /home/soc/intelFPGA_lite/18.1/nios2eds/bin/gnu/H-x86_64-pc-linux-gnu/bin/../lib/gcc/nios2-elf/5.3.0/../../../../../H-x86_64-pc-linux-gnu/nios2-elf/lib/libc.a(lib_a-fputwc.o)
                0x0000000005091630                _fputwc_r
 .text.fputwc   0x0000000005091654       0x80 /home/soc/intelFPGA_lite/18.1/nios2eds/bin/gnu/H-x86_64-pc-linux-gnu/bin/../lib/gcc/nios2-elf/5.3.0/../../../../../H-x86_64-pc-linux-gnu/nios2-elf/lib/libc.a(lib_a-fputwc.o)
                0x0000000005091654                fputwc
 .text          0x00000000050916d4        0x0 /home/soc/intelFPGA_lite/18.1/nios2eds/bin/gnu/H-x86_64-pc-linux-gnu/bin/../lib/gcc/nios2-elf/5.3.0/../../../../../H-x86_64-pc-linux-gnu/nios2-elf/lib/libc.a(lib_a-fstatr.o)
 .text._fstat_r
                0x00000000050916d4       0x5c /home/soc/intelFPGA_lite/18.1/nios2eds/bin/gnu/H-x86_64-pc-linux-gnu/bin/../lib/gcc/nios2-elf/5.3.0/../../../../../H-x86_64-pc-linux-gnu/nios2-elf/lib/libc.a(lib_a-fstatr.o)
                0x00000000050916d4                _fstat_r
 .text          0x0000000005091730        0x0 /home/soc/intelFPGA_lite/18.1/nios2eds/bin/gnu/H-x86_64-pc-linux-gnu/bin/../lib/gcc/nios2-elf/5.3.0/../../../../../H-x86_64-pc-linux-gnu/nios2-elf/lib/libc.a(lib_a-int_errno.o)
 .text          0x0000000005091730        0x0 /home/soc/intelFPGA_lite/18.1/nios2eds/bin/gnu/H-x86_64-pc-linux-gnu/bin/../lib/gcc/nios2-elf/5.3.0/../../../../../H-x86_64-pc-linux-gnu/nios2-elf/lib/libc.a(lib_a-isattyr.o)
 .text._isatty_r
                0x0000000005091730       0x54 /home/soc/intelFPGA_lite/18.1/nios2eds/bin/gnu/H-x86_64-pc-linux-gnu/bin/../lib/gcc/nios2-elf/5.3.0/../../../../../H-x86_64-pc-linux-gnu/nios2-elf/lib/libc.a(lib_a-isattyr.o)
                0x0000000005091730                _isatty_r
 .text          0x0000000005091784        0x0 /home/soc/intelFPGA_lite/18.1/nios2eds/bin/gnu/H-x86_64-pc-linux-gnu/bin/../lib/gcc/nios2-elf/5.3.0/../../../../../H-x86_64-pc-linux-gnu/nios2-elf/lib/libc.a(lib_a-lseekr.o)
 .text._lseek_r
                0x0000000005091784       0x60 /home/soc/intelFPGA_lite/18.1/nios2eds/bin/gnu/H-x86_64-pc-linux-gnu/bin/../lib/gcc/nios2-elf/5.3.0/../../../../../H-x86_64-pc-linux-gnu/nios2-elf/lib/libc.a(lib_a-lseekr.o)
                0x0000000005091784                _lseek_r
 .text          0x00000000050917e4        0x0 /home/soc/intelFPGA_lite/18.1/nios2eds/bin/gnu/H-x86_64-pc-linux-gnu/bin/../lib/gcc/nios2-elf/5.3.0/../../../../../H-x86_64-pc-linux-gnu/nios2-elf/lib/libc.a(lib_a-readr.o)
 .text._read_r  0x00000000050917e4       0x60 /home/soc/intelFPGA_lite/18.1/nios2eds/bin/gnu/H-x86_64-pc-linux-gnu/bin/../lib/gcc/nios2-elf/5.3.0/../../../../../H-x86_64-pc-linux-gnu/nios2-elf/lib/libc.a(lib_a-readr.o)
                0x00000000050917e4                _read_r
 .text          0x0000000005091844        0x0 /home/soc/intelFPGA_lite/18.1/nios2eds/bin/gnu/H-x86_64-pc-linux-gnu/bin/../lib/gcc/nios2-elf/5.3.0/../../../../../H-x86_64-pc-linux-gnu/nios2-elf/lib/libc.a(lib_a-wbuf.o)
 .text.__swbuf_r
                0x0000000005091844      0x140 /home/soc/intelFPGA_lite/18.1/nios2eds/bin/gnu/H-x86_64-pc-linux-gnu/bin/../lib/gcc/nios2-elf/5.3.0/../../../../../H-x86_64-pc-linux-gnu/nios2-elf/lib/libc.a(lib_a-wbuf.o)
                0x0000000005091844                __swbuf_r
 .text.__swbuf  0x0000000005091984       0x18 /home/soc/intelFPGA_lite/18.1/nios2eds/bin/gnu/H-x86_64-pc-linux-gnu/bin/../lib/gcc/nios2-elf/5.3.0/../../../../../H-x86_64-pc-linux-gnu/nios2-elf/lib/libc.a(lib_a-wbuf.o)
                0x0000000005091984                __swbuf
 .text          0x000000000509199c        0x0 /home/soc/intelFPGA_lite/18.1/nios2eds/bin/gnu/H-x86_64-pc-linux-gnu/bin/../lib/gcc/nios2-elf/5.3.0/../../../../../H-x86_64-pc-linux-gnu/nios2-elf/lib/libc.a(lib_a-wcrtomb.o)
 .text._wcrtomb_r
                0x000000000509199c       0x9c /home/soc/intelFPGA_lite/18.1/nios2eds/bin/gnu/H-x86_64-pc-linux-gnu/bin/../lib/gcc/nios2-elf/5.3.0/../../../../../H-x86_64-pc-linux-gnu/nios2-elf/lib/libc.a(lib_a-wcrtomb.o)
                0x000000000509199c                _wcrtomb_r
 .text.wcrtomb  0x0000000005091a38       0xc0 /home/soc/intelFPGA_lite/18.1/nios2eds/bin/gnu/H-x86_64-pc-linux-gnu/bin/../lib/gcc/nios2-elf/5.3.0/../../../../../H-x86_64-pc-linux-gnu/nios2-elf/lib/libc.a(lib_a-wcrtomb.o)
                0x0000000005091a38                wcrtomb
 .text          0x0000000005091af8        0x0 /home/soc/intelFPGA_lite/18.1/nios2eds/bin/gnu/H-x86_64-pc-linux-gnu/bin/../lib/gcc/nios2-elf/5.3.0/../../../../../H-x86_64-pc-linux-gnu/nios2-elf/lib/libc.a(lib_a-wctomb_r.o)
 .text.__ascii_wctomb
                0x0000000005091af8       0x30 /home/soc/intelFPGA_lite/18.1/nios2eds/bin/gnu/H-x86_64-pc-linux-gnu/bin/../lib/gcc/nios2-elf/5.3.0/../../../../../H-x86_64-pc-linux-gnu/nios2-elf/lib/libc.a(lib_a-wctomb_r.o)
                0x0000000005091af8                __ascii_wctomb
 .text._wctomb_r
                0x0000000005091b28       0x5c /home/soc/intelFPGA_lite/18.1/nios2eds/bin/gnu/H-x86_64-pc-linux-gnu/bin/../lib/gcc/nios2-elf/5.3.0/../../../../../H-x86_64-pc-linux-gnu/nios2-elf/lib/libc.a(lib_a-wctomb_r.o)
                0x0000000005091b28                _wctomb_r
 .text          0x0000000005091b84      0x578 /home/soc/intelFPGA_lite/18.1/nios2eds/bin/gnu/H-x86_64-pc-linux-gnu/bin/../lib/gcc/nios2-elf/5.3.0/libgcc.a(_udivdi3.o)
                0x0000000005091b84                __udivdi3
 .text          0x00000000050920fc      0x538 /home/soc/intelFPGA_lite/18.1/nios2eds/bin/gnu/H-x86_64-pc-linux-gnu/bin/../lib/gcc/nios2-elf/5.3.0/libgcc.a(_umoddi3.o)
                0x00000000050920fc                __umoddi3
 .text          0x0000000005092634      0x8e8 /home/soc/intelFPGA_lite/18.1/nios2eds/bin/gnu/H-x86_64-pc-linux-gnu/bin/../lib/gcc/nios2-elf/5.3.0/libgcc.a(divdf3.o)
                0x0000000005092634                __divdf3
 .text          0x0000000005092f1c       0x88 /home/soc/intelFPGA_lite/18.1/nios2eds/bin/gnu/H-x86_64-pc-linux-gnu/bin/../lib/gcc/nios2-elf/5.3.0/libgcc.a(eqdf2.o)
                0x0000000005092f1c                __eqdf2
                0x0000000005092f1c                __nedf2
 .text          0x0000000005092fa4       0xdc /home/soc/intelFPGA_lite/18.1/nios2eds/bin/gnu/H-x86_64-pc-linux-gnu/bin/../lib/gcc/nios2-elf/5.3.0/libgcc.a(gedf2.o)
                0x0000000005092fa4                __gtdf2
                0x0000000005092fa4                __gedf2
 .text          0x0000000005093080       0x80 /home/soc/intelFPGA_lite/18.1/nios2eds/bin/gnu/H-x86_64-pc-linux-gnu/bin/../lib/gcc/nios2-elf/5.3.0/libgcc.a(fixdfsi.o)
                0x0000000005093080                __fixdfsi
 .text          0x0000000005093100       0xa8 /home/soc/intelFPGA_lite/18.1/nios2eds/bin/gnu/H-x86_64-pc-linux-gnu/bin/../lib/gcc/nios2-elf/5.3.0/libgcc.a(floatunsidf.o)
                0x0000000005093100                __floatunsidf
 .text          0x00000000050931a8      0x10c ../DE10_Standard_Audio_bsp//libhal_bsp.a(alt_close.o)
                0x00000000050931e4                close
 .text          0x00000000050932b4       0x2c ../DE10_Standard_Audio_bsp//libhal_bsp.a(alt_dev.o)
 .text          0x00000000050932e0        0x0 ../DE10_Standard_Audio_bsp//libhal_bsp.a(alt_errno.o)
 .text          0x00000000050932e0       0xec ../DE10_Standard_Audio_bsp//libhal_bsp.a(alt_fstat.o)
                0x000000000509331c                fstat
 .text          0x00000000050933cc      0x180 ../DE10_Standard_Audio_bsp//libhal_bsp.a(alt_irq_register.o)
                0x00000000050933cc                alt_irq_register
 .text          0x000000000509354c        0x0 ../DE10_Standard_Audio_bsp//libhal_bsp.a(alt_irq_vars.o)
 .text          0x000000000509354c       0xe0 ../DE10_Standard_Audio_bsp//libhal_bsp.a(alt_isatty.o)
                0x0000000005093588                isatty
 .text          0x000000000509362c       0xec ../DE10_Standard_Audio_bsp//libhal_bsp.a(alt_load.o)
                0x0000000005093694                alt_load
 .text          0x0000000005093718      0x110 ../DE10_Standard_Audio_bsp//libhal_bsp.a(alt_lseek.o)
                0x0000000005093754                lseek
 .text          0x0000000005093828       0x7c ../DE10_Standard_Audio_bsp//libhal_bsp.a(alt_main.o)
                0x0000000005093828                alt_main
 .text          0x00000000050938a4       0x48 ../DE10_Standard_Audio_bsp//libhal_bsp.a(alt_malloc_lock.o)
                0x00000000050938a4                __malloc_lock
                0x00000000050938c8                __malloc_unlock
 .text          0x00000000050938ec      0x138 ../DE10_Standard_Audio_bsp//libhal_bsp.a(alt_read.o)
                0x0000000005093928                read
 .text          0x0000000005093a24       0x64 ../DE10_Standard_Audio_bsp//libhal_bsp.a(alt_release_fd.o)
                0x0000000005093a24                alt_release_fd
 .text          0x0000000005093a88       0xb0 ../DE10_Standard_Audio_bsp//libhal_bsp.a(alt_sbrk.o)
                0x0000000005093a88                sbrk
 .text          0x0000000005093b38       0x30 ../DE10_Standard_Audio_bsp//libhal_bsp.a(alt_usleep.o)
                0x0000000005093b38                usleep
 .text          0x0000000005093b68      0x134 ../DE10_Standard_Audio_bsp//libhal_bsp.a(alt_write.o)
                0x0000000005093ba4                write
 .text          0x0000000005093c9c       0xd0 ../DE10_Standard_Audio_bsp//libhal_bsp.a(alt_sys_init.o)
                0x0000000005093cd0                alt_irq_init
                0x0000000005093d08                alt_sys_init
 .text          0x0000000005093d6c      0x164 ../DE10_Standard_Audio_bsp//libhal_bsp.a(altera_avalon_jtag_uart_fd.o)
                0x0000000005093d6c                altera_avalon_jtag_uart_read_fd
                0x0000000005093dcc                altera_avalon_jtag_uart_write_fd
                0x0000000005093e2c                altera_avalon_jtag_uart_close_fd
                0x0000000005093e7c                altera_avalon_jtag_uart_ioctl_fd
 .text          0x0000000005093ed0      0x3d4 ../DE10_Standard_Audio_bsp//libhal_bsp.a(altera_avalon_jtag_uart_init.o)
                0x0000000005093ed0                altera_avalon_jtag_uart_init
                0x000000000509423c                altera_avalon_jtag_uart_close
 .text          0x00000000050942a4       0xf0 ../DE10_Standard_Audio_bsp//libhal_bsp.a(altera_avalon_jtag_uart_ioctl.o)
                0x00000000050942a4                altera_avalon_jtag_uart_ioctl
 .text          0x0000000005094394      0x21c ../DE10_Standard_Audio_bsp//libhal_bsp.a(altera_avalon_jtag_uart_read.o)
                0x0000000005094394                altera_avalon_jtag_uart_read
 .text          0x00000000050945b0      0x224 ../DE10_Standard_Audio_bsp//libhal_bsp.a(altera_avalon_jtag_uart_write.o)
                0x00000000050945b0                altera_avalon_jtag_uart_write
 .text          0x00000000050947d4       0xf4 ../DE10_Standard_Audio_bsp//libhal_bsp.a(altera_avalon_timer_sc.o)
                0x000000000509484c                alt_avalon_timer_sc_init
 .text          0x00000000050948c8      0x12c ../DE10_Standard_Audio_bsp//libhal_bsp.a(alt_alarm_start.o)
                0x00000000050948c8                alt_alarm_start
 .text          0x00000000050949f4      0x158 ../DE10_Standard_Audio_bsp//libhal_bsp.a(alt_busy_sleep.o)
                0x00000000050949f4                alt_busy_sleep
 .text          0x0000000005094b4c       0x48 ../DE10_Standard_Audio_bsp//libhal_bsp.a(alt_dcache_flush_all.o)
                0x0000000005094b4c                alt_dcache_flush_all
 .text          0x0000000005094b94       0xe0 ../DE10_Standard_Audio_bsp//libhal_bsp.a(alt_dev_llist_insert.o)
                0x0000000005094bd0                alt_dev_llist_insert
 .text          0x0000000005094c74       0x60 ../DE10_Standard_Audio_bsp//libhal_bsp.a(alt_do_ctors.o)
                0x0000000005094c74                _do_ctors
 .text          0x0000000005094cd4       0x60 ../DE10_Standard_Audio_bsp//libhal_bsp.a(alt_do_dtors.o)
                0x0000000005094cd4                _do_dtors
 .text          0x0000000005094d34       0x34 ../DE10_Standard_Audio_bsp//libhal_bsp.a(alt_icache_flush_all.o)
                0x0000000005094d34                alt_icache_flush_all
 .text          0x0000000005094d68      0x1b0 ../DE10_Standard_Audio_bsp//libhal_bsp.a(alt_iic.o)
                0x0000000005094d68                alt_ic_isr_register
                0x0000000005094db8                alt_ic_irq_enable
                0x0000000005094e40                alt_ic_irq_disable
                0x0000000005094ecc                alt_ic_irq_enabled
 .text          0x0000000005094f18       0xf0 ../DE10_Standard_Audio_bsp//libhal_bsp.a(alt_iic_isr_register.o)
                0x0000000005094f18                alt_iic_isr_register
 .text          0x0000000005095008      0x140 ../DE10_Standard_Audio_bsp//libhal_bsp.a(alt_io_redirect.o)
                0x00000000050950cc                alt_io_redirect
 .text          0x0000000005095148        0x0 ../DE10_Standard_Audio_bsp//libhal_bsp.a(alt_irq_entry.o)
 .text          0x0000000005095148        0x0 ../DE10_Standard_Audio_bsp//libhal_bsp.a(alt_irq_handler.o)
 .text          0x0000000005095148      0x254 ../DE10_Standard_Audio_bsp//libhal_bsp.a(alt_open.o)
                0x0000000005095248                open
 .text          0x000000000509539c      0x1a4 ../DE10_Standard_Audio_bsp//libhal_bsp.a(alt_tick.o)
                0x000000000509539c                alt_alarm_stop
                0x0000000005095438                alt_tick
 .text          0x0000000005095540       0x24 ../DE10_Standard_Audio_bsp//libhal_bsp.a(altera_nios2_gen2_irq.o)
                0x0000000005095540                altera_nios2_gen2_irq_init
 .text          0x0000000005095564        0x0 ../DE10_Standard_Audio_bsp//libhal_bsp.a(alt_exception_entry.o)
 .text          0x0000000005095564       0x90 ../DE10_Standard_Audio_bsp//libhal_bsp.a(alt_find_dev.o)
                0x0000000005095564                alt_find_dev
 .text          0x00000000050955f4      0x108 ../DE10_Standard_Audio_bsp//libhal_bsp.a(alt_find_file.o)
                0x00000000050955f4                alt_find_file
 .text          0x00000000050956fc       0xa4 ../DE10_Standard_Audio_bsp//libhal_bsp.a(alt_get_fd.o)
                0x00000000050956fc                alt_get_fd
 .text          0x00000000050957a0       0x90 ../DE10_Standard_Audio_bsp//libhal_bsp.a(alt_icache_flush.o)
                0x00000000050957a0                alt_icache_flush
 .text          0x0000000005095830       0x9c ../DE10_Standard_Audio_bsp//libhal_bsp.a(alt_instruction_exception_entry.o)
                0x0000000005095830                alt_exception_cause_generated_bad_addr
 .text          0x00000000050958cc        0x0 /home/soc/intelFPGA_lite/18.1/nios2eds/bin/gnu/H-x86_64-pc-linux-gnu/bin/../lib/gcc/nios2-elf/5.3.0/../../../../../H-x86_64-pc-linux-gnu/nios2-elf/lib/libc.a(lib_a-atexit.o)
 .text.atexit   0x00000000050958cc       0x14 /home/soc/intelFPGA_lite/18.1/nios2eds/bin/gnu/H-x86_64-pc-linux-gnu/bin/../lib/gcc/nios2-elf/5.3.0/../../../../../H-x86_64-pc-linux-gnu/nios2-elf/lib/libc.a(lib_a-atexit.o)
                0x00000000050958cc                atexit
 .text          0x00000000050958e0        0x0 /home/soc/intelFPGA_lite/18.1/nios2eds/bin/gnu/H-x86_64-pc-linux-gnu/bin/../lib/gcc/nios2-elf/5.3.0/../../../../../H-x86_64-pc-linux-gnu/nios2-elf/lib/libc.a(lib_a-exit.o)
 .text.exit     0x00000000050958e0       0x38 /home/soc/intelFPGA_lite/18.1/nios2eds/bin/gnu/H-x86_64-pc-linux-gnu/bin/../lib/gcc/nios2-elf/5.3.0/../../../../../H-x86_64-pc-linux-gnu/nios2-elf/lib/libc.a(lib_a-exit.o)
                0x00000000050958e0                exit
 .text          0x0000000005095918        0x0 /home/soc/intelFPGA_lite/18.1/nios2eds/bin/gnu/H-x86_64-pc-linux-gnu/bin/../lib/gcc/nios2-elf/5.3.0/../../../../../H-x86_64-pc-linux-gnu/nios2-elf/lib/libc.a(lib_a-memcmp.o)
 .text.memcmp   0x0000000005095918       0x7c /home/soc/intelFPGA_lite/18.1/nios2eds/bin/gnu/H-x86_64-pc-linux-gnu/bin/../lib/gcc/nios2-elf/5.3.0/../../../../../H-x86_64-pc-linux-gnu/nios2-elf/lib/libc.a(lib_a-memcmp.o)
                0x0000000005095918                memcmp
 .text          0x0000000005095994        0x0 /home/soc/intelFPGA_lite/18.1/nios2eds/bin/gnu/H-x86_64-pc-linux-gnu/bin/../lib/gcc/nios2-elf/5.3.0/../../../../../H-x86_64-pc-linux-gnu/nios2-elf/lib/libc.a(lib_a-__atexit.o)
 .text.__register_exitproc
                0x0000000005095994      0x118 /home/soc/intelFPGA_lite/18.1/nios2eds/bin/gnu/H-x86_64-pc-linux-gnu/bin/../lib/gcc/nios2-elf/5.3.0/../../../../../H-x86_64-pc-linux-gnu/nios2-elf/lib/libc.a(lib_a-__atexit.o)
                0x0000000005095994                __register_exitproc
 .text          0x0000000005095aac        0x0 /home/soc/intelFPGA_lite/18.1/nios2eds/bin/gnu/H-x86_64-pc-linux-gnu/bin/../lib/gcc/nios2-elf/5.3.0/../../../../../H-x86_64-pc-linux-gnu/nios2-elf/lib/libc.a(lib_a-__call_atexit.o)
 .text.__call_exitprocs
                0x0000000005095aac      0x180 /home/soc/intelFPGA_lite/18.1/nios2eds/bin/gnu/H-x86_64-pc-linux-gnu/bin/../lib/gcc/nios2-elf/5.3.0/../../../../../H-x86_64-pc-linux-gnu/nios2-elf/lib/libc.a(lib_a-__call_atexit.o)
                0x0000000005095aac                __call_exitprocs
 .text          0x0000000005095c2c       0x34 ../DE10_Standard_Audio_bsp//libhal_bsp.a(alt_exit.o)
                0x0000000005095c2c                _exit
 *(.gnu.warning.*)
 *(.fini)
                [!provide]                        PROVIDE (__etext, ABSOLUTE (.))
                [!provide]                        PROVIDE (_etext, ABSOLUTE (.))
                [!provide]                        PROVIDE (etext, ABSOLUTE (.))
 *(.eh_frame_hdr)
                0x0000000005095c60                . = ALIGN (0x4)
                [!provide]                        PROVIDE (__preinit_array_start, ABSOLUTE (.))
 *(.preinit_array)
                [!provide]                        PROVIDE (__preinit_array_end, ABSOLUTE (.))
                [!provide]                        PROVIDE (__init_array_start, ABSOLUTE (.))
 *(.init_array)
                [!provide]                        PROVIDE (__init_array_end, ABSOLUTE (.))
                [!provide]                        PROVIDE (__fini_array_start, ABSOLUTE (.))
 *(.fini_array)
                [!provide]                        PROVIDE (__fini_array_end, ABSOLUTE (.))
 *(.eh_frame)
 *(.gcc_except_table .gcc_except_table.*)
 *(.dynamic)
                0x0000000005095c60                PROVIDE (__CTOR_LIST__, ABSOLUTE (.))
 *(.ctors)
 *(SORT(.ctors.*))
                0x0000000005095c60                PROVIDE (__CTOR_END__, ABSOLUTE (.))
                0x0000000005095c60                PROVIDE (__DTOR_LIST__, ABSOLUTE (.))
 *(.dtors)
 *(SORT(.dtors.*))
                0x0000000005095c60                PROVIDE (__DTOR_END__, ABSOLUTE (.))
 *(.jcr)
                0x0000000005095c60                . = ALIGN (0x4)

.rodata         0x0000000005095c60      0xeb0
                0x0000000005095c60                PROVIDE (__ram_rodata_start, ABSOLUTE (.))
                0x0000000005095c60                . = ALIGN (0x4)
 *(.rodata .rodata.* .gnu.linkonce.r.*)
 .rodata        0x0000000005095c60       0xd1 obj/default/AUDIO.o
 *fill*         0x0000000005095d31        0x3 
 .rodata        0x0000000005095d34       0x86 obj/default/I2C.o
 *fill*         0x0000000005095dba        0x2 
 .rodata        0x0000000005095dbc        0xf obj/default/debug.o
 *fill*         0x0000000005095dcb        0x1 
 .rodata        0x0000000005095dcc      0xa0c obj/default/main.o
                0x0000000005095e10                szMenu
 .rodata        0x00000000050967d8      0x100 /home/soc/intelFPGA_lite/18.1/nios2eds/bin/gnu/H-x86_64-pc-linux-gnu/bin/../lib/gcc/nios2-elf/5.3.0/libgcc.a(_clz.o)
                0x00000000050967d8                __clz_tab
 .rodata.str1.4
                0x00000000050968d8        0x2 /home/soc/intelFPGA_lite/18.1/nios2eds/bin/gnu/H-x86_64-pc-linux-gnu/bin/../lib/gcc/nios2-elf/5.3.0/../../../../../H-x86_64-pc-linux-gnu/nios2-elf/lib/libc.a(lib_a-puts.o)
 *fill*         0x00000000050968da        0x2 
 .rodata.str1.4
                0x00000000050968dc       0x42 /home/soc/intelFPGA_lite/18.1/nios2eds/bin/gnu/H-x86_64-pc-linux-gnu/bin/../lib/gcc/nios2-elf/5.3.0/../../../../../H-x86_64-pc-linux-gnu/nios2-elf/lib/libc.a(lib_a-svfprintf.o)
 .rodata.zeroes.4389
                0x000000000509691e       0x10 /home/soc/intelFPGA_lite/18.1/nios2eds/bin/gnu/H-x86_64-pc-linux-gnu/bin/../lib/gcc/nios2-elf/5.3.0/../../../../../H-x86_64-pc-linux-gnu/nios2-elf/lib/libc.a(lib_a-svfprintf.o)
 .rodata.blanks.4388
                0x000000000509692e       0x10 /home/soc/intelFPGA_lite/18.1/nios2eds/bin/gnu/H-x86_64-pc-linux-gnu/bin/../lib/gcc/nios2-elf/5.3.0/../../../../../H-x86_64-pc-linux-gnu/nios2-elf/lib/libc.a(lib_a-svfprintf.o)
 .rodata.str1.4
                0x000000000509693e       0x42 /home/soc/intelFPGA_lite/18.1/nios2eds/bin/gnu/H-x86_64-pc-linux-gnu/bin/../lib/gcc/nios2-elf/5.3.0/../../../../../H-x86_64-pc-linux-gnu/nios2-elf/lib/libc.a(lib_a-vfprintf.o)
 .rodata.zeroes.4404
                0x000000000509693e       0x10 /home/soc/intelFPGA_lite/18.1/nios2eds/bin/gnu/H-x86_64-pc-linux-gnu/bin/../lib/gcc/nios2-elf/5.3.0/../../../../../H-x86_64-pc-linux-gnu/nios2-elf/lib/libc.a(lib_a-vfprintf.o)
 .rodata.blanks.4403
                0x000000000509694e       0x10 /home/soc/intelFPGA_lite/18.1/nios2eds/bin/gnu/H-x86_64-pc-linux-gnu/bin/../lib/gcc/nios2-elf/5.3.0/../../../../../H-x86_64-pc-linux-gnu/nios2-elf/lib/libc.a(lib_a-vfprintf.o)
 *fill*         0x000000000509695e        0x2 
 .rodata.str1.4
                0x0000000005096960       0x10 /home/soc/intelFPGA_lite/18.1/nios2eds/bin/gnu/H-x86_64-pc-linux-gnu/bin/../lib/gcc/nios2-elf/5.3.0/../../../../../H-x86_64-pc-linux-gnu/nios2-elf/lib/libc.a(lib_a-dtoa.o)
                                         0x12 (size before relaxing)
 .rodata.str1.4
                0x0000000005096970        0x2 /home/soc/intelFPGA_lite/18.1/nios2eds/bin/gnu/H-x86_64-pc-linux-gnu/bin/../lib/gcc/nios2-elf/5.3.0/../../../../../H-x86_64-pc-linux-gnu/nios2-elf/lib/libc.a(lib_a-impure.o)
 *fill*         0x0000000005096972        0x2 
 .rodata.str1.4
                0x0000000005096974        0xc /home/soc/intelFPGA_lite/18.1/nios2eds/bin/gnu/H-x86_64-pc-linux-gnu/bin/../lib/gcc/nios2-elf/5.3.0/../../../../../H-x86_64-pc-linux-gnu/nios2-elf/lib/libc.a(lib_a-locale.o)
                                         0x12 (size before relaxing)
 .rodata.p05.2768
                0x0000000005096980        0xc /home/soc/intelFPGA_lite/18.1/nios2eds/bin/gnu/H-x86_64-pc-linux-gnu/bin/../lib/gcc/nios2-elf/5.3.0/../../../../../H-x86_64-pc-linux-gnu/nios2-elf/lib/libc.a(lib_a-mprec.o)
 .rodata.__mprec_tinytens
                0x000000000509698c       0x28 /home/soc/intelFPGA_lite/18.1/nios2eds/bin/gnu/H-x86_64-pc-linux-gnu/bin/../lib/gcc/nios2-elf/5.3.0/../../../../../H-x86_64-pc-linux-gnu/nios2-elf/lib/libc.a(lib_a-mprec.o)
                0x000000000509698c                __mprec_tinytens
 .rodata.__mprec_bigtens
                0x00000000050969b4       0x28 /home/soc/intelFPGA_lite/18.1/nios2eds/bin/gnu/H-x86_64-pc-linux-gnu/bin/../lib/gcc/nios2-elf/5.3.0/../../../../../H-x86_64-pc-linux-gnu/nios2-elf/lib/libc.a(lib_a-mprec.o)
                0x00000000050969b4                __mprec_bigtens
 .rodata.__mprec_tens
                0x00000000050969dc       0xc8 /home/soc/intelFPGA_lite/18.1/nios2eds/bin/gnu/H-x86_64-pc-linux-gnu/bin/../lib/gcc/nios2-elf/5.3.0/../../../../../H-x86_64-pc-linux-gnu/nios2-elf/lib/libc.a(lib_a-mprec.o)
                0x00000000050969dc                __mprec_tens
 .rodata.str1.4
                0x0000000005096aa4       0x2f /home/soc/intelFPGA_lite/18.1/nios2eds/bin/gnu/H-x86_64-pc-linux-gnu/bin/../lib/gcc/nios2-elf/5.3.0/../../../../../H-x86_64-pc-linux-gnu/nios2-elf/lib/libc.a(lib_a-svfiprintf.o)
 .rodata.zeroes.4333
                0x0000000005096aa4       0x10 /home/soc/intelFPGA_lite/18.1/nios2eds/bin/gnu/H-x86_64-pc-linux-gnu/bin/../lib/gcc/nios2-elf/5.3.0/../../../../../H-x86_64-pc-linux-gnu/nios2-elf/lib/libc.a(lib_a-svfiprintf.o)
 .rodata.blanks.4332
                0x0000000005096ab4       0x10 /home/soc/intelFPGA_lite/18.1/nios2eds/bin/gnu/H-x86_64-pc-linux-gnu/bin/../lib/gcc/nios2-elf/5.3.0/../../../../../H-x86_64-pc-linux-gnu/nios2-elf/lib/libc.a(lib_a-svfiprintf.o)
 .rodata.str1.4
                0x0000000005096ac4       0x2f /home/soc/intelFPGA_lite/18.1/nios2eds/bin/gnu/H-x86_64-pc-linux-gnu/bin/../lib/gcc/nios2-elf/5.3.0/../../../../../H-x86_64-pc-linux-gnu/nios2-elf/lib/libc.a(lib_a-vfiprintf.o)
 .rodata.zeroes.4349
                0x0000000005096ac4       0x10 /home/soc/intelFPGA_lite/18.1/nios2eds/bin/gnu/H-x86_64-pc-linux-gnu/bin/../lib/gcc/nios2-elf/5.3.0/../../../../../H-x86_64-pc-linux-gnu/nios2-elf/lib/libc.a(lib_a-vfiprintf.o)
 .rodata.blanks.4348
                0x0000000005096ad4       0x10 /home/soc/intelFPGA_lite/18.1/nios2eds/bin/gnu/H-x86_64-pc-linux-gnu/bin/../lib/gcc/nios2-elf/5.3.0/../../../../../H-x86_64-pc-linux-gnu/nios2-elf/lib/libc.a(lib_a-vfiprintf.o)
 .rodata        0x0000000005096ae4        0xa ../DE10_Standard_Audio_bsp//libhal_bsp.a(alt_dev.o)
 *fill*         0x0000000005096aee        0x2 
 .rodata        0x0000000005096af0        0xf ../DE10_Standard_Audio_bsp//libhal_bsp.a(alt_main.o)
 *fill*         0x0000000005096aff        0x1 
 .rodata        0x0000000005096b00        0xf ../DE10_Standard_Audio_bsp//libhal_bsp.a(alt_sys_init.o)
 *(.rodata1)
                0x0000000005096b10                . = ALIGN (0x4)
 *fill*         0x0000000005096b0f        0x1 
                0x0000000005096b10                PROVIDE (__ram_rodata_end, ABSOLUTE (.))
                0x0000000005095c60                PROVIDE (__flash_rodata_start, LOADADDR (.rodata))

.rwdata         0x0000000005096b10     0x1afc load address 0x000000000509860c
                0x0000000005096b10                PROVIDE (__ram_rwdata_start, ABSOLUTE (.))
                0x0000000005096b10                . = ALIGN (0x4)
 *(.got.plt)
 *(.got)
 *(.data1)
 *(.data .data.* .gnu.linkonce.d.*)
 .data          0x0000000005096b10        0x0 ../DE10_Standard_Audio_bsp//obj/HAL/src/crt0.o
 .data          0x0000000005096b10        0x0 obj/default/AUDIO.o
 .data          0x0000000005096b10        0x0 obj/default/I2C.o
 .data          0x0000000005096b10        0x0 obj/default/LED.o
 .data          0x0000000005096b10       0x10 obj/default/SEG7.o
 .data          0x0000000005096b20        0x0 obj/default/debug.o
 .data          0x0000000005096b20        0x0 obj/default/main.o
 .data          0x0000000005096b20        0x0 /home/soc/intelFPGA_lite/18.1/nios2eds/bin/gnu/H-x86_64-pc-linux-gnu/bin/../lib/gcc/nios2-elf/5.3.0/libgcc.a(lib2-divmod.o)
 .data          0x0000000005096b20        0x0 /home/soc/intelFPGA_lite/18.1/nios2eds/bin/gnu/H-x86_64-pc-linux-gnu/bin/../lib/gcc/nios2-elf/5.3.0/libgcc.a(adddf3.o)
 .data          0x0000000005096b20        0x0 /home/soc/intelFPGA_lite/18.1/nios2eds/bin/gnu/H-x86_64-pc-linux-gnu/bin/../lib/gcc/nios2-elf/5.3.0/libgcc.a(ledf2.o)
 .data          0x0000000005096b20        0x0 /home/soc/intelFPGA_lite/18.1/nios2eds/bin/gnu/H-x86_64-pc-linux-gnu/bin/../lib/gcc/nios2-elf/5.3.0/libgcc.a(muldf3.o)
 .data          0x0000000005096b20        0x0 /home/soc/intelFPGA_lite/18.1/nios2eds/bin/gnu/H-x86_64-pc-linux-gnu/bin/../lib/gcc/nios2-elf/5.3.0/libgcc.a(subdf3.o)
 .data          0x0000000005096b20        0x0 /home/soc/intelFPGA_lite/18.1/nios2eds/bin/gnu/H-x86_64-pc-linux-gnu/bin/../lib/gcc/nios2-elf/5.3.0/libgcc.a(floatsidf.o)
 .data          0x0000000005096b20        0x0 /home/soc/intelFPGA_lite/18.1/nios2eds/bin/gnu/H-x86_64-pc-linux-gnu/bin/../lib/gcc/nios2-elf/5.3.0/libgcc.a(_clzsi2.o)
 .data          0x0000000005096b20        0x0 /home/soc/intelFPGA_lite/18.1/nios2eds/bin/gnu/H-x86_64-pc-linux-gnu/bin/../lib/gcc/nios2-elf/5.3.0/libgcc.a(_clz.o)
 .data          0x0000000005096b20        0x0 /home/soc/intelFPGA_lite/18.1/nios2eds/bin/gnu/H-x86_64-pc-linux-gnu/bin/../lib/gcc/nios2-elf/5.3.0/../../../../../H-x86_64-pc-linux-gnu/nios2-elf/lib/libc.a(lib_a-memcpy.o)
 .data          0x0000000005096b20        0x0 /home/soc/intelFPGA_lite/18.1/nios2eds/bin/gnu/H-x86_64-pc-linux-gnu/bin/../lib/gcc/nios2-elf/5.3.0/../../../../../H-x86_64-pc-linux-gnu/nios2-elf/lib/libc.a(lib_a-memmove.o)
 .data          0x0000000005096b20        0x0 /home/soc/intelFPGA_lite/18.1/nios2eds/bin/gnu/H-x86_64-pc-linux-gnu/bin/../lib/gcc/nios2-elf/5.3.0/../../../../../H-x86_64-pc-linux-gnu/nios2-elf/lib/libc.a(lib_a-printf.o)
 .data          0x0000000005096b20        0x0 /home/soc/intelFPGA_lite/18.1/nios2eds/bin/gnu/H-x86_64-pc-linux-gnu/bin/../lib/gcc/nios2-elf/5.3.0/../../../../../H-x86_64-pc-linux-gnu/nios2-elf/lib/libc.a(lib_a-puts.o)
 .data          0x0000000005096b20        0x0 /home/soc/intelFPGA_lite/18.1/nios2eds/bin/gnu/H-x86_64-pc-linux-gnu/bin/../lib/gcc/nios2-elf/5.3.0/../../../../../H-x86_64-pc-linux-gnu/nios2-elf/lib/libc.a(lib_a-sprintf.o)
 .data          0x0000000005096b20        0x0 /home/soc/intelFPGA_lite/18.1/nios2eds/bin/gnu/H-x86_64-pc-linux-gnu/bin/../lib/gcc/nios2-elf/5.3.0/../../../../../H-x86_64-pc-linux-gnu/nios2-elf/lib/libc.a(lib_a-strlen.o)
 .data          0x0000000005096b20        0x0 /home/soc/intelFPGA_lite/18.1/nios2eds/bin/gnu/H-x86_64-pc-linux-gnu/bin/../lib/gcc/nios2-elf/5.3.0/../../../../../H-x86_64-pc-linux-gnu/nios2-elf/lib/libc.a(lib_a-svfprintf.o)
 .data          0x0000000005096b20        0x0 /home/soc/intelFPGA_lite/18.1/nios2eds/bin/gnu/H-x86_64-pc-linux-gnu/bin/../lib/gcc/nios2-elf/5.3.0/../../../../../H-x86_64-pc-linux-gnu/nios2-elf/lib/libc.a(lib_a-vfprintf.o)
 .data          0x0000000005096b20        0x0 /home/soc/intelFPGA_lite/18.1/nios2eds/bin/gnu/H-x86_64-pc-linux-gnu/bin/../lib/gcc/nios2-elf/5.3.0/../../../../../H-x86_64-pc-linux-gnu/nios2-elf/lib/libc.a(lib_a-vsnprintf.o)
 .data          0x0000000005096b20        0x0 /home/soc/intelFPGA_lite/18.1/nios2eds/bin/gnu/H-x86_64-pc-linux-gnu/bin/../lib/gcc/nios2-elf/5.3.0/../../../../../H-x86_64-pc-linux-gnu/nios2-elf/lib/libc.a(lib_a-wsetup.o)
 .data          0x0000000005096b20        0x0 /home/soc/intelFPGA_lite/18.1/nios2eds/bin/gnu/H-x86_64-pc-linux-gnu/bin/../lib/gcc/nios2-elf/5.3.0/../../../../../H-x86_64-pc-linux-gnu/nios2-elf/lib/libc.a(lib_a-dtoa.o)
 .data          0x0000000005096b20        0x0 /home/soc/intelFPGA_lite/18.1/nios2eds/bin/gnu/H-x86_64-pc-linux-gnu/bin/../lib/gcc/nios2-elf/5.3.0/../../../../../H-x86_64-pc-linux-gnu/nios2-elf/lib/libc.a(lib_a-fflush.o)
 .data          0x0000000005096b20        0x0 /home/soc/intelFPGA_lite/18.1/nios2eds/bin/gnu/H-x86_64-pc-linux-gnu/bin/../lib/gcc/nios2-elf/5.3.0/../../../../../H-x86_64-pc-linux-gnu/nios2-elf/lib/libc.a(lib_a-findfp.o)
 .data          0x0000000005096b20        0x0 /home/soc/intelFPGA_lite/18.1/nios2eds/bin/gnu/H-x86_64-pc-linux-gnu/bin/../lib/gcc/nios2-elf/5.3.0/../../../../../H-x86_64-pc-linux-gnu/nios2-elf/lib/libc.a(lib_a-freer.o)
 .data          0x0000000005096b20        0x0 /home/soc/intelFPGA_lite/18.1/nios2eds/bin/gnu/H-x86_64-pc-linux-gnu/bin/../lib/gcc/nios2-elf/5.3.0/../../../../../H-x86_64-pc-linux-gnu/nios2-elf/lib/libc.a(lib_a-fvwrite.o)
 .data          0x0000000005096b20        0x0 /home/soc/intelFPGA_lite/18.1/nios2eds/bin/gnu/H-x86_64-pc-linux-gnu/bin/../lib/gcc/nios2-elf/5.3.0/../../../../../H-x86_64-pc-linux-gnu/nios2-elf/lib/libc.a(lib_a-fwalk.o)
 .data          0x0000000005096b20        0x0 /home/soc/intelFPGA_lite/18.1/nios2eds/bin/gnu/H-x86_64-pc-linux-gnu/bin/../lib/gcc/nios2-elf/5.3.0/../../../../../H-x86_64-pc-linux-gnu/nios2-elf/lib/libc.a(lib_a-impure.o)
 .data.impure_data
                0x0000000005096b20      0x424 /home/soc/intelFPGA_lite/18.1/nios2eds/bin/gnu/H-x86_64-pc-linux-gnu/bin/../lib/gcc/nios2-elf/5.3.0/../../../../../H-x86_64-pc-linux-gnu/nios2-elf/lib/libc.a(lib_a-impure.o)
 .data          0x0000000005096f44        0x0 /home/soc/intelFPGA_lite/18.1/nios2eds/bin/gnu/H-x86_64-pc-linux-gnu/bin/../lib/gcc/nios2-elf/5.3.0/../../../../../H-x86_64-pc-linux-gnu/nios2-elf/lib/libc.a(lib_a-locale.o)
 .data.lc_message_charset
                0x0000000005096f44       0x20 /home/soc/intelFPGA_lite/18.1/nios2eds/bin/gnu/H-x86_64-pc-linux-gnu/bin/../lib/gcc/nios2-elf/5.3.0/../../../../../H-x86_64-pc-linux-gnu/nios2-elf/lib/libc.a(lib_a-locale.o)
 .data.lc_ctype_charset
                0x0000000005096f64       0x20 /home/soc/intelFPGA_lite/18.1/nios2eds/bin/gnu/H-x86_64-pc-linux-gnu/bin/../lib/gcc/nios2-elf/5.3.0/../../../../../H-x86_64-pc-linux-gnu/nios2-elf/lib/libc.a(lib_a-locale.o)
 .data.lconv    0x0000000005096f84       0x38 /home/soc/intelFPGA_lite/18.1/nios2eds/bin/gnu/H-x86_64-pc-linux-gnu/bin/../lib/gcc/nios2-elf/5.3.0/../../../../../H-x86_64-pc-linux-gnu/nios2-elf/lib/libc.a(lib_a-locale.o)
 .data          0x0000000005096fbc        0x0 /home/soc/intelFPGA_lite/18.1/nios2eds/bin/gnu/H-x86_64-pc-linux-gnu/bin/../lib/gcc/nios2-elf/5.3.0/../../../../../H-x86_64-pc-linux-gnu/nios2-elf/lib/libc.a(lib_a-makebuf.o)
 .data          0x0000000005096fbc        0x0 /home/soc/intelFPGA_lite/18.1/nios2eds/bin/gnu/H-x86_64-pc-linux-gnu/bin/../lib/gcc/nios2-elf/5.3.0/../../../../../H-x86_64-pc-linux-gnu/nios2-elf/lib/libc.a(lib_a-mallocr.o)
 .data.__malloc_av_
                0x0000000005096fbc      0x408 /home/soc/intelFPGA_lite/18.1/nios2eds/bin/gnu/H-x86_64-pc-linux-gnu/bin/../lib/gcc/nios2-elf/5.3.0/../../../../../H-x86_64-pc-linux-gnu/nios2-elf/lib/libc.a(lib_a-mallocr.o)
                0x0000000005096fbc                __malloc_av_
 .data          0x00000000050973c4        0x0 /home/soc/intelFPGA_lite/18.1/nios2eds/bin/gnu/H-x86_64-pc-linux-gnu/bin/../lib/gcc/nios2-elf/5.3.0/../../../../../H-x86_64-pc-linux-gnu/nios2-elf/lib/libc.a(lib_a-memchr.o)
 .data          0x00000000050973c4        0x0 /home/soc/intelFPGA_lite/18.1/nios2eds/bin/gnu/H-x86_64-pc-linux-gnu/bin/../lib/gcc/nios2-elf/5.3.0/../../../../../H-x86_64-pc-linux-gnu/nios2-elf/lib/libc.a(lib_a-memset.o)
 .data          0x00000000050973c4        0x0 /home/soc/intelFPGA_lite/18.1/nios2eds/bin/gnu/H-x86_64-pc-linux-gnu/bin/../lib/gcc/nios2-elf/5.3.0/../../../../../H-x86_64-pc-linux-gnu/nios2-elf/lib/libc.a(lib_a-mprec.o)
 .data          0x00000000050973c4        0x0 /home/soc/intelFPGA_lite/18.1/nios2eds/bin/gnu/H-x86_64-pc-linux-gnu/bin/../lib/gcc/nios2-elf/5.3.0/../../../../../H-x86_64-pc-linux-gnu/nios2-elf/lib/libc.a(lib_a-reallocr.o)
 .data          0x00000000050973c4        0x0 /home/soc/intelFPGA_lite/18.1/nios2eds/bin/gnu/H-x86_64-pc-linux-gnu/bin/../lib/gcc/nios2-elf/5.3.0/../../../../../H-x86_64-pc-linux-gnu/nios2-elf/lib/libc.a(lib_a-s_fpclassify.o)
 .data          0x00000000050973c4        0x0 /home/soc/intelFPGA_lite/18.1/nios2eds/bin/gnu/H-x86_64-pc-linux-gnu/bin/../lib/gcc/nios2-elf/5.3.0/../../../../../H-x86_64-pc-linux-gnu/nios2-elf/lib/libc.a(lib_a-sbrkr.o)
 .data          0x00000000050973c4        0x0 /home/soc/intelFPGA_lite/18.1/nios2eds/bin/gnu/H-x86_64-pc-linux-gnu/bin/../lib/gcc/nios2-elf/5.3.0/../../../../../H-x86_64-pc-linux-gnu/nios2-elf/lib/libc.a(lib_a-stdio.o)
 .data          0x00000000050973c4        0x0 /home/soc/intelFPGA_lite/18.1/nios2eds/bin/gnu/H-x86_64-pc-linux-gnu/bin/../lib/gcc/nios2-elf/5.3.0/../../../../../H-x86_64-pc-linux-gnu/nios2-elf/lib/libc.a(lib_a-strcmp.o)
 .data          0x00000000050973c4        0x0 /home/soc/intelFPGA_lite/18.1/nios2eds/bin/gnu/H-x86_64-pc-linux-gnu/bin/../lib/gcc/nios2-elf/5.3.0/../../../../../H-x86_64-pc-linux-gnu/nios2-elf/lib/libc.a(lib_a-svfiprintf.o)
 .data          0x00000000050973c4        0x0 /home/soc/intelFPGA_lite/18.1/nios2eds/bin/gnu/H-x86_64-pc-linux-gnu/bin/../lib/gcc/nios2-elf/5.3.0/../../../../../H-x86_64-pc-linux-gnu/nios2-elf/lib/libc.a(lib_a-vfiprintf.o)
 .data          0x00000000050973c4        0x0 /home/soc/intelFPGA_lite/18.1/nios2eds/bin/gnu/H-x86_64-pc-linux-gnu/bin/../lib/gcc/nios2-elf/5.3.0/../../../../../H-x86_64-pc-linux-gnu/nios2-elf/lib/libc.a(lib_a-writer.o)
 .data          0x00000000050973c4        0x0 /home/soc/intelFPGA_lite/18.1/nios2eds/bin/gnu/H-x86_64-pc-linux-gnu/bin/../lib/gcc/nios2-elf/5.3.0/../../../../../H-x86_64-pc-linux-gnu/nios2-elf/lib/libc.a(closer.o)
 .data          0x00000000050973c4        0x0 /home/soc/intelFPGA_lite/18.1/nios2eds/bin/gnu/H-x86_64-pc-linux-gnu/bin/../lib/gcc/nios2-elf/5.3.0/../../../../../H-x86_64-pc-linux-gnu/nios2-elf/lib/libc.a(lib_a-callocr.o)
 .data          0x00000000050973c4        0x0 /home/soc/intelFPGA_lite/18.1/nios2eds/bin/gnu/H-x86_64-pc-linux-gnu/bin/../lib/gcc/nios2-elf/5.3.0/../../../../../H-x86_64-pc-linux-gnu/nios2-elf/lib/libc.a(lib_a-fclose.o)
 .data          0x00000000050973c4        0x0 /home/soc/intelFPGA_lite/18.1/nios2eds/bin/gnu/H-x86_64-pc-linux-gnu/bin/../lib/gcc/nios2-elf/5.3.0/../../../../../H-x86_64-pc-linux-gnu/nios2-elf/lib/libc.a(lib_a-fputwc.o)
 .data          0x00000000050973c4        0x0 /home/soc/intelFPGA_lite/18.1/nios2eds/bin/gnu/H-x86_64-pc-linux-gnu/bin/../lib/gcc/nios2-elf/5.3.0/../../../../../H-x86_64-pc-linux-gnu/nios2-elf/lib/libc.a(lib_a-fstatr.o)
 .data          0x00000000050973c4        0x0 /home/soc/intelFPGA_lite/18.1/nios2eds/bin/gnu/H-x86_64-pc-linux-gnu/bin/../lib/gcc/nios2-elf/5.3.0/../../../../../H-x86_64-pc-linux-gnu/nios2-elf/lib/libc.a(lib_a-int_errno.o)
 .data          0x00000000050973c4        0x0 /home/soc/intelFPGA_lite/18.1/nios2eds/bin/gnu/H-x86_64-pc-linux-gnu/bin/../lib/gcc/nios2-elf/5.3.0/../../../../../H-x86_64-pc-linux-gnu/nios2-elf/lib/libc.a(lib_a-isattyr.o)
 .data          0x00000000050973c4        0x0 /home/soc/intelFPGA_lite/18.1/nios2eds/bin/gnu/H-x86_64-pc-linux-gnu/bin/../lib/gcc/nios2-elf/5.3.0/../../../../../H-x86_64-pc-linux-gnu/nios2-elf/lib/libc.a(lib_a-lseekr.o)
 .data          0x00000000050973c4        0x0 /home/soc/intelFPGA_lite/18.1/nios2eds/bin/gnu/H-x86_64-pc-linux-gnu/bin/../lib/gcc/nios2-elf/5.3.0/../../../../../H-x86_64-pc-linux-gnu/nios2-elf/lib/libc.a(lib_a-readr.o)
 .data          0x00000000050973c4        0x0 /home/soc/intelFPGA_lite/18.1/nios2eds/bin/gnu/H-x86_64-pc-linux-gnu/bin/../lib/gcc/nios2-elf/5.3.0/../../../../../H-x86_64-pc-linux-gnu/nios2-elf/lib/libc.a(lib_a-wbuf.o)
 .data          0x00000000050973c4        0x0 /home/soc/intelFPGA_lite/18.1/nios2eds/bin/gnu/H-x86_64-pc-linux-gnu/bin/../lib/gcc/nios2-elf/5.3.0/../../../../../H-x86_64-pc-linux-gnu/nios2-elf/lib/libc.a(lib_a-wcrtomb.o)
 .data          0x00000000050973c4        0x0 /home/soc/intelFPGA_lite/18.1/nios2eds/bin/gnu/H-x86_64-pc-linux-gnu/bin/../lib/gcc/nios2-elf/5.3.0/../../../../../H-x86_64-pc-linux-gnu/nios2-elf/lib/libc.a(lib_a-wctomb_r.o)
 .data          0x00000000050973c4        0x0 /home/soc/intelFPGA_lite/18.1/nios2eds/bin/gnu/H-x86_64-pc-linux-gnu/bin/../lib/gcc/nios2-elf/5.3.0/libgcc.a(_udivdi3.o)
 .data          0x00000000050973c4        0x0 /home/soc/intelFPGA_lite/18.1/nios2eds/bin/gnu/H-x86_64-pc-linux-gnu/bin/../lib/gcc/nios2-elf/5.3.0/libgcc.a(_umoddi3.o)
 .data          0x00000000050973c4        0x0 /home/soc/intelFPGA_lite/18.1/nios2eds/bin/gnu/H-x86_64-pc-linux-gnu/bin/../lib/gcc/nios2-elf/5.3.0/libgcc.a(divdf3.o)
 .data          0x00000000050973c4        0x0 /home/soc/intelFPGA_lite/18.1/nios2eds/bin/gnu/H-x86_64-pc-linux-gnu/bin/../lib/gcc/nios2-elf/5.3.0/libgcc.a(eqdf2.o)
 .data          0x00000000050973c4        0x0 /home/soc/intelFPGA_lite/18.1/nios2eds/bin/gnu/H-x86_64-pc-linux-gnu/bin/../lib/gcc/nios2-elf/5.3.0/libgcc.a(gedf2.o)
 .data          0x00000000050973c4        0x0 /home/soc/intelFPGA_lite/18.1/nios2eds/bin/gnu/H-x86_64-pc-linux-gnu/bin/../lib/gcc/nios2-elf/5.3.0/libgcc.a(fixdfsi.o)
 .data          0x00000000050973c4        0x0 /home/soc/intelFPGA_lite/18.1/nios2eds/bin/gnu/H-x86_64-pc-linux-gnu/bin/../lib/gcc/nios2-elf/5.3.0/libgcc.a(floatunsidf.o)
 .data          0x00000000050973c4        0x0 ../DE10_Standard_Audio_bsp//libhal_bsp.a(alt_close.o)
 .data          0x00000000050973c4      0x1a8 ../DE10_Standard_Audio_bsp//libhal_bsp.a(alt_dev.o)
                0x00000000050973c4                alt_dev_null
                0x00000000050973ec                alt_fd_list
 .data          0x000000000509756c        0x0 ../DE10_Standard_Audio_bsp//libhal_bsp.a(alt_errno.o)
 .data          0x000000000509756c        0x0 ../DE10_Standard_Audio_bsp//libhal_bsp.a(alt_fstat.o)
 .data          0x000000000509756c        0x0 ../DE10_Standard_Audio_bsp//libhal_bsp.a(alt_irq_register.o)
 .data          0x000000000509756c        0x0 ../DE10_Standard_Audio_bsp//libhal_bsp.a(alt_irq_vars.o)
 .data          0x000000000509756c        0x0 ../DE10_Standard_Audio_bsp//libhal_bsp.a(alt_isatty.o)
 .data          0x000000000509756c        0x0 ../DE10_Standard_Audio_bsp//libhal_bsp.a(alt_load.o)
 .data          0x000000000509756c        0x0 ../DE10_Standard_Audio_bsp//libhal_bsp.a(alt_lseek.o)
 .data          0x000000000509756c        0x0 ../DE10_Standard_Audio_bsp//libhal_bsp.a(alt_main.o)
 .data          0x000000000509756c        0x0 ../DE10_Standard_Audio_bsp//libhal_bsp.a(alt_malloc_lock.o)
 .data          0x000000000509756c        0x0 ../DE10_Standard_Audio_bsp//libhal_bsp.a(alt_read.o)
 .data          0x000000000509756c        0x0 ../DE10_Standard_Audio_bsp//libhal_bsp.a(alt_release_fd.o)
 .data          0x000000000509756c        0x0 ../DE10_Standard_Audio_bsp//libhal_bsp.a(alt_sbrk.o)
 .data          0x000000000509756c        0x0 ../DE10_Standard_Audio_bsp//libhal_bsp.a(alt_usleep.o)
 .data          0x000000000509756c        0x0 ../DE10_Standard_Audio_bsp//libhal_bsp.a(alt_write.o)
 .data          0x000000000509756c     0x1060 ../DE10_Standard_Audio_bsp//libhal_bsp.a(alt_sys_init.o)
 .data          0x00000000050985cc        0x0 ../DE10_Standard_Audio_bsp//libhal_bsp.a(altera_avalon_jtag_uart_fd.o)
 .data          0x00000000050985cc        0x0 ../DE10_Standard_Audio_bsp//libhal_bsp.a(altera_avalon_jtag_uart_init.o)
 .data          0x00000000050985cc        0x0 ../DE10_Standard_Audio_bsp//libhal_bsp.a(altera_avalon_jtag_uart_ioctl.o)
 .data          0x00000000050985cc        0x0 ../DE10_Standard_Audio_bsp//libhal_bsp.a(altera_avalon_jtag_uart_read.o)
 .data          0x00000000050985cc        0x0 ../DE10_Standard_Audio_bsp//libhal_bsp.a(altera_avalon_jtag_uart_write.o)
 .data          0x00000000050985cc        0x0 ../DE10_Standard_Audio_bsp//libhal_bsp.a(altera_avalon_timer_sc.o)
 .data          0x00000000050985cc        0x0 ../DE10_Standard_Audio_bsp//libhal_bsp.a(alt_alarm_start.o)
 .data          0x00000000050985cc        0x0 ../DE10_Standard_Audio_bsp//libhal_bsp.a(alt_busy_sleep.o)
 .data          0x00000000050985cc        0x0 ../DE10_Standard_Audio_bsp//libhal_bsp.a(alt_dcache_flush_all.o)
 .data          0x00000000050985cc        0x0 ../DE10_Standard_Audio_bsp//libhal_bsp.a(alt_dev_llist_insert.o)
 .data          0x00000000050985cc        0x0 ../DE10_Standard_Audio_bsp//libhal_bsp.a(alt_do_ctors.o)
 .data          0x00000000050985cc        0x0 ../DE10_Standard_Audio_bsp//libhal_bsp.a(alt_do_dtors.o)
 .data          0x00000000050985cc        0x0 ../DE10_Standard_Audio_bsp//libhal_bsp.a(alt_icache_flush_all.o)
 .data          0x00000000050985cc        0x0 ../DE10_Standard_Audio_bsp//libhal_bsp.a(alt_iic.o)
 .data          0x00000000050985cc        0x0 ../DE10_Standard_Audio_bsp//libhal_bsp.a(alt_iic_isr_register.o)
 .data          0x00000000050985cc        0x0 ../DE10_Standard_Audio_bsp//libhal_bsp.a(alt_io_redirect.o)
 .data          0x00000000050985cc        0x0 ../DE10_Standard_Audio_bsp//libhal_bsp.a(alt_irq_entry.o)
 .data          0x00000000050985cc        0x0 ../DE10_Standard_Audio_bsp//libhal_bsp.a(alt_irq_handler.o)
 .data          0x00000000050985cc        0x0 ../DE10_Standard_Audio_bsp//libhal_bsp.a(alt_open.o)
 .data          0x00000000050985cc        0x0 ../DE10_Standard_Audio_bsp//libhal_bsp.a(alt_tick.o)
 .data          0x00000000050985cc        0x0 ../DE10_Standard_Audio_bsp//libhal_bsp.a(altera_nios2_gen2_irq.o)
 .data          0x00000000050985cc        0x0 ../DE10_Standard_Audio_bsp//libhal_bsp.a(alt_exception_entry.o)
 .data          0x00000000050985cc        0x0 ../DE10_Standard_Audio_bsp//libhal_bsp.a(alt_find_dev.o)
 .data          0x00000000050985cc        0x0 ../DE10_Standard_Audio_bsp//libhal_bsp.a(alt_find_file.o)
 .data          0x00000000050985cc        0x0 ../DE10_Standard_Audio_bsp//libhal_bsp.a(alt_get_fd.o)
 .data          0x00000000050985cc        0x0 ../DE10_Standard_Audio_bsp//libhal_bsp.a(alt_icache_flush.o)
 .data          0x00000000050985cc        0x0 ../DE10_Standard_Audio_bsp//libhal_bsp.a(alt_instruction_exception_entry.o)
 .data          0x00000000050985cc        0x0 /home/soc/intelFPGA_lite/18.1/nios2eds/bin/gnu/H-x86_64-pc-linux-gnu/bin/../lib/gcc/nios2-elf/5.3.0/../../../../../H-x86_64-pc-linux-gnu/nios2-elf/lib/libc.a(lib_a-atexit.o)
 .data          0x00000000050985cc        0x0 /home/soc/intelFPGA_lite/18.1/nios2eds/bin/gnu/H-x86_64-pc-linux-gnu/bin/../lib/gcc/nios2-elf/5.3.0/../../../../../H-x86_64-pc-linux-gnu/nios2-elf/lib/libc.a(lib_a-exit.o)
 .data          0x00000000050985cc        0x0 /home/soc/intelFPGA_lite/18.1/nios2eds/bin/gnu/H-x86_64-pc-linux-gnu/bin/../lib/gcc/nios2-elf/5.3.0/../../../../../H-x86_64-pc-linux-gnu/nios2-elf/lib/libc.a(lib_a-memcmp.o)
 .data          0x00000000050985cc        0x0 /home/soc/intelFPGA_lite/18.1/nios2eds/bin/gnu/H-x86_64-pc-linux-gnu/bin/../lib/gcc/nios2-elf/5.3.0/../../../../../H-x86_64-pc-linux-gnu/nios2-elf/lib/libc.a(lib_a-__atexit.o)
 .data          0x00000000050985cc        0x0 /home/soc/intelFPGA_lite/18.1/nios2eds/bin/gnu/H-x86_64-pc-linux-gnu/bin/../lib/gcc/nios2-elf/5.3.0/../../../../../H-x86_64-pc-linux-gnu/nios2-elf/lib/libc.a(lib_a-__call_atexit.o)
 .data          0x00000000050985cc        0x0 ../DE10_Standard_Audio_bsp//libhal_bsp.a(alt_exit.o)
                0x00000000050a05cc                _gp = ABSOLUTE ((. + 0x8000))
                [!provide]                        PROVIDE (gp, _gp)
 *(.rwdata .rwdata.*)
 *(.sdata .sdata.* .gnu.linkonce.s.*)
 .sdata._global_impure_ptr
                0x00000000050985cc        0x4 /home/soc/intelFPGA_lite/18.1/nios2eds/bin/gnu/H-x86_64-pc-linux-gnu/bin/../lib/gcc/nios2-elf/5.3.0/../../../../../H-x86_64-pc-linux-gnu/nios2-elf/lib/libc.a(lib_a-impure.o)
                0x00000000050985cc                _global_impure_ptr
 .sdata._impure_ptr
                0x00000000050985d0        0x4 /home/soc/intelFPGA_lite/18.1/nios2eds/bin/gnu/H-x86_64-pc-linux-gnu/bin/../lib/gcc/nios2-elf/5.3.0/../../../../../H-x86_64-pc-linux-gnu/nios2-elf/lib/libc.a(lib_a-impure.o)
                0x00000000050985d0                _impure_ptr
 .sdata.__mb_cur_max
                0x00000000050985d4        0x4 /home/soc/intelFPGA_lite/18.1/nios2eds/bin/gnu/H-x86_64-pc-linux-gnu/bin/../lib/gcc/nios2-elf/5.3.0/../../../../../H-x86_64-pc-linux-gnu/nios2-elf/lib/libc.a(lib_a-locale.o)
                0x00000000050985d4                __mb_cur_max
 .sdata.__malloc_sbrk_base
                0x00000000050985d8        0x4 /home/soc/intelFPGA_lite/18.1/nios2eds/bin/gnu/H-x86_64-pc-linux-gnu/bin/../lib/gcc/nios2-elf/5.3.0/../../../../../H-x86_64-pc-linux-gnu/nios2-elf/lib/libc.a(lib_a-mallocr.o)
                0x00000000050985d8                __malloc_sbrk_base
 .sdata.__malloc_trim_threshold